Component: Arm Compiler for Embedded 6.21 Tool: armlink [5ec1fa00]

==============================================================================

Section Cross References

    empty.o(.ARM.exidx.text.delay) refers to empty.o(.text.delay) for [Anonymous Symbol]
    empty.o(.text.main) refers to ti_msp_dl_config.o(.text.SYSCFG_DL_init) for SYSCFG_DL_init
    empty.o(.text.main) refers to _iqntof.o(.text._IQ24toF) for _IQ24toF
    empty.o(.text.main) refers to f2d.o(.text) for __aeabi_f2d
    empty.o(.text.main) refers to fmul.o(x$fpl$fmul) for __aeabi_fmul
    empty.o(.text.main) refers to daddsub.o(.text) for __aeabi_dsub
    empty.o(.text.main) refers to dcmp.o(i._dgr) for __aeabi_dcmpgt
    empty.o(.text.main) refers to dcmp.o(i._dgeq) for __aeabi_dcmpge
    empty.o(.text.main) refers to empty.o(.bss.gErrorTolerance) for gErrorTolerance
    empty.o(.text.main) refers to empty.o(.bss.gTestFailure) for gTestFailure
    empty.o(.ARM.exidx.text.main) refers to empty.o(.text.main) for [Anonymous Symbol]
    startup_mspm0g350x_uvision.o(STACK) refers (Special) to heapauxi.o(.text) for __use_two_region_memory
    startup_mspm0g350x_uvision.o(HEAP) refers (Special) to heapauxi.o(.text) for __use_two_region_memory
    startup_mspm0g350x_uvision.o(RESET) refers (Special) to heapauxi.o(.text) for __use_two_region_memory
    startup_mspm0g350x_uvision.o(RESET) refers to startup_mspm0g350x_uvision.o(STACK) for __initial_sp
    startup_mspm0g350x_uvision.o(RESET) refers to startup_mspm0g350x_uvision.o(.text) for Reset_Handler
    startup_mspm0g350x_uvision.o(.text) refers (Special) to heapauxi.o(.text) for __use_two_region_memory
    startup_mspm0g350x_uvision.o(.text) refers to __main.o(!!!main) for __main
    startup_mspm0g350x_uvision.o(.text) refers to startup_mspm0g350x_uvision.o(HEAP) for Heap_Mem
    startup_mspm0g350x_uvision.o(.text) refers to startup_mspm0g350x_uvision.o(STACK) for Stack_Mem
    ti_msp_dl_config.o(.text.SYSCFG_DL_init) refers to ti_msp_dl_config.o(.text.SYSCFG_DL_initPower) for SYSCFG_DL_initPower
    ti_msp_dl_config.o(.text.SYSCFG_DL_init) refers to ti_msp_dl_config.o(.text.SYSCFG_DL_GPIO_init) for SYSCFG_DL_GPIO_init
    ti_msp_dl_config.o(.text.SYSCFG_DL_init) refers to ti_msp_dl_config.o(.text.SYSCFG_DL_SYSCTL_init) for SYSCFG_DL_SYSCTL_init
    ti_msp_dl_config.o(.ARM.exidx.text.SYSCFG_DL_init) refers to ti_msp_dl_config.o(.text.SYSCFG_DL_init) for [Anonymous Symbol]
    ti_msp_dl_config.o(.text.SYSCFG_DL_initPower) refers to dl_common.o(.text.DL_Common_delayCycles) for DL_Common_delayCycles
    ti_msp_dl_config.o(.ARM.exidx.text.SYSCFG_DL_initPower) refers to ti_msp_dl_config.o(.text.SYSCFG_DL_initPower) for [Anonymous Symbol]
    ti_msp_dl_config.o(.ARM.exidx.text.SYSCFG_DL_GPIO_init) refers to ti_msp_dl_config.o(.text.SYSCFG_DL_GPIO_init) for [Anonymous Symbol]
    ti_msp_dl_config.o(.ARM.exidx.text.SYSCFG_DL_SYSCTL_init) refers to ti_msp_dl_config.o(.text.SYSCFG_DL_SYSCTL_init) for [Anonymous Symbol]
    _atoiqn.o(.text._atoIQ31) refers to llmul.o(.text) for __aeabi_lmul
    _atoiqn.o(.ARM.exidx.text._atoIQ31) refers to _atoiqn.o(.text._atoIQ31) for [Anonymous Symbol]
    _atoiqn.o(.text._atoIQ30) refers to llmul.o(.text) for __aeabi_lmul
    _atoiqn.o(.ARM.exidx.text._atoIQ30) refers to _atoiqn.o(.text._atoIQ30) for [Anonymous Symbol]
    _atoiqn.o(.text._atoIQ29) refers to llmul.o(.text) for __aeabi_lmul
    _atoiqn.o(.ARM.exidx.text._atoIQ29) refers to _atoiqn.o(.text._atoIQ29) for [Anonymous Symbol]
    _atoiqn.o(.text._atoIQ28) refers to llmul.o(.text) for __aeabi_lmul
    _atoiqn.o(.ARM.exidx.text._atoIQ28) refers to _atoiqn.o(.text._atoIQ28) for [Anonymous Symbol]
    _atoiqn.o(.text._atoIQ27) refers to llmul.o(.text) for __aeabi_lmul
    _atoiqn.o(.ARM.exidx.text._atoIQ27) refers to _atoiqn.o(.text._atoIQ27) for [Anonymous Symbol]
    _atoiqn.o(.text._atoIQ26) refers to llmul.o(.text) for __aeabi_lmul
    _atoiqn.o(.ARM.exidx.text._atoIQ26) refers to _atoiqn.o(.text._atoIQ26) for [Anonymous Symbol]
    _atoiqn.o(.text._atoIQ25) refers to llmul.o(.text) for __aeabi_lmul
    _atoiqn.o(.ARM.exidx.text._atoIQ25) refers to _atoiqn.o(.text._atoIQ25) for [Anonymous Symbol]
    _atoiqn.o(.text._atoIQ24) refers to llmul.o(.text) for __aeabi_lmul
    _atoiqn.o(.ARM.exidx.text._atoIQ24) refers to _atoiqn.o(.text._atoIQ24) for [Anonymous Symbol]
    _atoiqn.o(.text._atoIQ23) refers to llmul.o(.text) for __aeabi_lmul
    _atoiqn.o(.ARM.exidx.text._atoIQ23) refers to _atoiqn.o(.text._atoIQ23) for [Anonymous Symbol]
    _atoiqn.o(.text._atoIQ22) refers to llmul.o(.text) for __aeabi_lmul
    _atoiqn.o(.ARM.exidx.text._atoIQ22) refers to _atoiqn.o(.text._atoIQ22) for [Anonymous Symbol]
    _atoiqn.o(.text._atoIQ21) refers to llmul.o(.text) for __aeabi_lmul
    _atoiqn.o(.ARM.exidx.text._atoIQ21) refers to _atoiqn.o(.text._atoIQ21) for [Anonymous Symbol]
    _atoiqn.o(.text._atoIQ20) refers to llmul.o(.text) for __aeabi_lmul
[...]
    Removing _iqnrmpy.o(.text._IQ30rmpy), (34 bytes).
    Removing _iqnrmpy.o(.ARM.exidx.text._IQ30rmpy), (8 bytes).
    Removing _iqnrmpy.o(.text._IQ29rmpy), (34 bytes).
    Removing _iqnrmpy.o(.ARM.exidx.text._IQ29rmpy), (8 bytes).
    Removing _iqnrmpy.o(.text._IQ28rmpy), (34 bytes).
    Removing _iqnrmpy.o(.ARM.exidx.text._IQ28rmpy), (8 bytes).
    Removing _iqnrmpy.o(.text._IQ27rmpy), (34 bytes).
    Removing _iqnrmpy.o(.ARM.exidx.text._IQ27rmpy), (8 bytes).
    Removing _iqnrmpy.o(.text._IQ26rmpy), (34 bytes).
    Removing _iqnrmpy.o(.ARM.exidx.text._IQ26rmpy), (8 bytes).
    Removing _iqnrmpy.o(.text._IQ25rmpy), (34 bytes).
    Removing _iqnrmpy.o(.ARM.exidx.text._IQ25rmpy), (8 bytes).
    Removing _iqnrmpy.o(.text._IQ24rmpy), (34 bytes).
    Removing _iqnrmpy.o(.ARM.exidx.text._IQ24rmpy), (8 bytes).
    Removing _iqnrmpy.o(.text._IQ23rmpy), (34 bytes).
    Removing _iqnrmpy.o(.ARM.exidx.text._IQ23rmpy), (8 bytes).
    Removing _iqnrmpy.o(.text._IQ22rmpy), (34 bytes).
    Removing _iqnrmpy.o(.ARM.exidx.text._IQ22rmpy), (8 bytes).
    Removing _iqnrmpy.o(.text._IQ21rmpy), (34 bytes).
    Removing _iqnrmpy.o(.ARM.exidx.text._IQ21rmpy), (8 bytes).
    Removing _iqnrmpy.o(.text._IQ20rmpy), (34 bytes).
    Removing _iqnrmpy.o(.ARM.exidx.text._IQ20rmpy), (8 bytes).
    Removing _iqnrmpy.o(.text._IQ19rmpy), (34 bytes).
    Removing _iqnrmpy.o(.ARM.exidx.text._IQ19rmpy), (8 bytes).
    Removing _iqnrmpy.o(.text._IQ18rmpy), (34 bytes).
    Removing _iqnrmpy.o(.ARM.exidx.text._IQ18rmpy), (8 bytes).
    Removing _iqnrmpy.o(.text._IQ17rmpy), (34 bytes).
    Removing _iqnrmpy.o(.ARM.exidx.text._IQ17rmpy), (8 bytes).
    Removing _iqnrmpy.o(.text._IQ16rmpy), (34 bytes).
    Removing _iqnrmpy.o(.ARM.exidx.text._IQ16rmpy), (8 bytes).
    Removing _iqnrmpy.o(.text._IQ15rmpy), (34 bytes).
    Removing _iqnrmpy.o(.ARM.exidx.text._IQ15rmpy), (8 bytes).
    Removing _iqnrmpy.o(.text._IQ14rmpy), (34 bytes).
    Removing _iqnrmpy.o(.ARM.exidx.text._IQ14rmpy), (8 bytes).
    Removing _iqnrmpy.o(.text._IQ13rmpy), (34 bytes).
    Removing _iqnrmpy.o(.ARM.exidx.text._IQ13rmpy), (8 bytes).
    Removing _iqnrmpy.o(.text._IQ12rmpy), (34 bytes).
    Removing _iqnrmpy.o(.ARM.exidx.text._IQ12rmpy), (8 bytes).
    Removing _iqnrmpy.o(.text._IQ11rmpy), (34 bytes).
    Removing _iqnrmpy.o(.ARM.exidx.text._IQ11rmpy), (8 bytes).
    Removing _iqnrmpy.o(.text._IQ10rmpy), (34 bytes).
    Removing _iqnrmpy.o(.ARM.exidx.text._IQ10rmpy), (8 bytes).
    Removing _iqnrmpy.o(.text._IQ9rmpy), (34 bytes).
    Removing _iqnrmpy.o(.ARM.exidx.text._IQ9rmpy), (8 bytes).
    Removing _iqnrmpy.o(.text._IQ8rmpy), (30 bytes).
    Removing _iqnrmpy.o(.ARM.exidx.text._IQ8rmpy), (8 bytes).
    Removing _iqnrmpy.o(.text._IQ7rmpy), (30 bytes).
    Removing _iqnrmpy.o(.ARM.exidx.text._IQ7rmpy), (8 bytes).
    Removing _iqnrmpy.o(.text._IQ6rmpy), (30 bytes).
    Removing _iqnrmpy.o(.ARM.exidx.text._IQ6rmpy), (8 bytes).
    Removing _iqnrmpy.o(.text._IQ5rmpy), (30 bytes).
    Removing _iqnrmpy.o(.ARM.exidx.text._IQ5rmpy), (8 bytes).
    Removing _iqnrmpy.o(.text._IQ4rmpy), (30 bytes).
    Removing _iqnrmpy.o(.ARM.exidx.text._IQ4rmpy), (8 bytes).
    Removing _iqnrmpy.o(.text._IQ3rmpy), (30 bytes).
    Removing _iqnrmpy.o(.ARM.exidx.text._IQ3rmpy), (8 bytes).
    Removing _iqnrmpy.o(.text._IQ2rmpy), (30 bytes).
    Removing _iqnrmpy.o(.ARM.exidx.text._IQ2rmpy), (8 bytes).
    Removing _iqnrmpy.o(.text._IQ1rmpy), (30 bytes).
    Removing _iqnrmpy.o(.ARM.exidx.text._IQ1rmpy), (8 bytes).
    Removing _iqnrsmpy.o(.text), (0 bytes).
    Removing _iqnrsmpy.o(.text._IQ31rsmpy), (52 bytes).
    Removing _iqnrsmpy.o(.ARM.exidx.text._IQ31rsmpy), (8 bytes).
    Removing _iqnrsmpy.o(.text._IQ30rsmpy), (88 bytes).
    Removing _iqnrsmpy.o(.ARM.exidx.text._IQ30rsmpy), (8 bytes).
    Removing _iqnrsmpy.o(.text._IQ29rsmpy), (88 bytes).
    Removing _iqnrsmpy.o(.ARM.exidx.text._IQ29rsmpy), (8 bytes).
    Removing _iqnrsmpy.o(.text._IQ28rsmpy), (88 bytes).
    Removing _iqnrsmpy.o(.ARM.exidx.text._IQ28rsmpy), (8 bytes).
    Removing _iqnrsmpy.o(.text._IQ27rsmpy), (88 bytes).
    Removing _iqnrsmpy.o(.ARM.exidx.text._IQ27rsmpy), (8 bytes).
    Removing _iqnrsmpy.o(.text._IQ26rsmpy), (88 bytes).
    Removing _iqnrsmpy.o(.ARM.exidx.text._IQ26rsmpy), (8 bytes).
    Removing _iqnrsmpy.o(.text._IQ25rsmpy), (88 bytes).
    Removing _iqnrsmpy.o(.ARM.exidx.text._IQ25rsmpy), (8 bytes).
    Removing _iqnrsmpy.o(.text._IQ24rsmpy), (88 bytes).
    Removing _iqnrsmpy.o(.ARM.exidx.text._IQ24rsmpy), (8 bytes).
    Removing _iqnrsmpy.o(.text._IQ23rsmpy), (88 bytes).
    Removing _iqnrsmpy.o(.ARM.exidx.text._IQ23rsmpy), (8 bytes).
    Removing _iqnrsmpy.o(.text._IQ22rsmpy), (88 bytes).
    Removing _iqnrsmpy.o(.ARM.exidx.text._IQ22rsmpy), (8 bytes).
    Removing _iqnrsmpy.o(.text._IQ21rsmpy), (88 bytes).
    Removing _iqnrsmpy.o(.ARM.exidx.text._IQ21rsmpy), (8 bytes).
    Removing _iqnrsmpy.o(.text._IQ20rsmpy), (88 bytes).
    Removing _iqnrsmpy.o(.ARM.exidx.text._IQ20rsmpy), (8 bytes).
    Removing _iqnrsmpy.o(.text._IQ19rsmpy), (88 bytes).
    Removing _iqnrsmpy.o(.ARM.exidx.text._IQ19rsmpy), (8 bytes).
    Removing _iqnrsmpy.o(.text._IQ18rsmpy), (88 bytes).
    Removing _iqnrsmpy.o(.ARM.exidx.text._IQ18rsmpy), (8 bytes).
    Removing _iqnrsmpy.o(.text._IQ17rsmpy), (88 bytes).
    Removing _iqnrsmpy.o(.ARM.exidx.text._IQ17rsmpy), (8 bytes).
    Removing _iqnrsmpy.o(.text._IQ16rsmpy), (88 bytes).
    Removing _iqnrsmpy.o(.ARM.exidx.text._IQ16rsmpy), (8 bytes).
    Removing _iqnrsmpy.o(.text._IQ15rsmpy), (88 bytes).
    Removing _iqnrsmpy.o(.ARM.exidx.text._IQ15rsmpy), (8 bytes).
    Removing _iqnrsmpy.o(.text._IQ14rsmpy), (88 bytes).
    Removing _iqnrsmpy.o(.ARM.exidx.text._IQ14rsmpy), (8 bytes).
    Removing _iqnrsmpy.o(.text._IQ13rsmpy), (88 bytes).
    Removing _iqnrsmpy.o(.ARM.exidx.text._IQ13rsmpy), (8 bytes).
    Removing _iqnrsmpy.o(.text._IQ12rsmpy), (88 bytes).
    Removing _iqnrsmpy.o(.ARM.exidx.text._IQ12rsmpy), (8 bytes).
    Removing _iqnrsmpy.o(.text._IQ11rsmpy), (88 bytes).
    Removing _iqnrsmpy.o(.ARM.exidx.text._IQ11rsmpy), (8 bytes).
    Removing _iqnrsmpy.o(.text._IQ10rsmpy), (88 bytes).
    Removing _iqnrsmpy.o(.ARM.exidx.text._IQ10rsmpy), (8 bytes).
    Removing _iqnrsmpy.o(.text._IQ9rsmpy), (88 bytes).
    Removing _iqnrsmpy.o(.ARM.exidx.text._IQ9rsmpy), (8 bytes).
    Removing _iqnrsmpy.o(.text._IQ8rsmpy), (84 bytes).
    Removing _iqnrsmpy.o(.ARM.exidx.text._IQ8rsmpy), (8 bytes).
    Removing _iqnrsmpy.o(.text._IQ7rsmpy), (84 bytes).
    Removing _iqnrsmpy.o(.ARM.exidx.text._IQ7rsmpy), (8 bytes).
    Removing _iqnrsmpy.o(.text._IQ6rsmpy), (84 bytes).
    Removing _iqnrsmpy.o(.ARM.exidx.text._IQ6rsmpy), (8 bytes).
    Removing _iqnrsmpy.o(.text._IQ5rsmpy), (84 bytes).
    Removing _iqnrsmpy.o(.ARM.exidx.text._IQ5rsmpy), (8 bytes).
    Removing _iqnrsmpy.o(.text._IQ4rsmpy), (84 bytes).
    Removing _iqnrsmpy.o(.ARM.exidx.text._IQ4rsmpy), (8 bytes).
    Removing _iqnrsmpy.o(.text._IQ3rsmpy), (84 bytes).
    Removing _iqnrsmpy.o(.ARM.exidx.text._IQ3rsmpy), (8 bytes).
    Removing _iqnrsmpy.o(.text._IQ2rsmpy), (84 bytes).
    Removing _iqnrsmpy.o(.ARM.exidx.text._IQ2rsmpy), (8 bytes).
    Removing _iqnrsmpy.o(.text._IQ1rsmpy), (84 bytes).
    Removing _iqnrsmpy.o(.ARM.exidx.text._IQ1rsmpy), (8 bytes).
    Removing _iqnsin_cos.o(.text), (0 bytes).
    Removing _iqnsin_cos.o(.text._IQ29sin), (284 bytes).
    Removing _iqnsin_cos.o(.ARM.exidx.text._IQ29sin), (8 bytes).
    Removing _iqnsin_cos.o(.text._IQ28sin), (292 bytes).
    Removing _iqnsin_cos.o(.ARM.exidx.text._IQ28sin), (8 bytes).
    Removing _iqnsin_cos.o(.text._IQ27sin), (300 bytes).
    Removing _iqnsin_cos.o(.ARM.exidx.text._IQ27sin), (8 bytes).
    Removing _iqnsin_cos.o(.text._IQ26sin), (308 bytes).
    Removing _iqnsin_cos.o(.ARM.exidx.text._IQ26sin), (8 bytes).
    Removing _iqnsin_cos.o(.text._IQ25sin), (316 bytes).
    Removing _iqnsin_cos.o(.ARM.exidx.text._IQ25sin), (8 bytes).
    Removing _iqnsin_cos.o(.text._IQ24sin), (324 bytes).
    Removing _iqnsin_cos.o(.ARM.exidx.text._IQ24sin), (8 bytes).
    Removing _iqnsin_cos.o(.text._IQ23sin), (332 bytes).
    Removing _iqnsin_cos.o(.ARM.exidx.text._IQ23sin), (8 bytes).
    Removing _iqnsin_cos.o(.text._IQ22sin), (340 bytes).
    Removing _iqnsin_cos.o(.ARM.exidx.text._IQ22sin), (8 bytes).
    Removing _iqnsin_cos.o(.text._IQ21sin), (348 bytes).
    Removing _iqnsin_cos.o(.ARM.exidx.text._IQ21sin), (8 bytes).
    Removing _iqnsin_cos.o(.text._IQ20sin), (356 bytes).
    Removing _iqnsin_cos.o(.ARM.exidx.text._IQ20sin), (8 bytes).
    Removing _iqnsin_cos.o(.text._IQ19sin), (364 bytes).
    Removing _iqnsin_cos.o(.ARM.exidx.text._IQ19sin), (8 bytes).
    Removing _iqnsin_cos.o(.text._IQ18sin), (372 bytes).
    Removing _iqnsin_cos.o(.ARM.exidx.text._IQ18sin), (8 bytes).
    Removing _iqnsin_cos.o(.text._IQ17sin), (380 bytes).
    Removing _iqnsin_cos.o(.ARM.exidx.text._IQ17sin), (8 bytes).
    Removing _iqnsin_cos.o(.text._IQ16sin), (388 bytes).
    Removing _iqnsin_cos.o(.ARM.exidx.text._IQ16sin), (8 bytes).
    Removing _iqnsin_cos.o(.text._IQ15sin), (396 bytes).
    Removing _iqnsin_cos.o(.ARM.exidx.text._IQ15sin), (8 bytes).
    Removing _iqnsin_cos.o(.text._IQ14sin), (404 bytes).
    Removing _iqnsin_cos.o(.ARM.exidx.text._IQ14sin), (8 bytes).
    Removing _iqnsin_cos.o(.text._IQ13sin), (412 bytes).
    Removing _iqnsin_cos.o(.ARM.exidx.text._IQ13sin), (8 bytes).
    Removing _iqnsin_cos.o(.text._IQ12sin), (420 bytes).
    Removing _iqnsin_cos.o(.ARM.exidx.text._IQ12sin), (8 bytes).
    Removing _iqnsin_cos.o(.text._IQ11sin), (428 bytes).
    Removing _iqnsin_cos.o(.ARM.exidx.text._IQ11sin), (8 bytes).
    Removing _iqnsin_cos.o(.text._IQ10sin), (436 bytes).
    Removing _iqnsin_cos.o(.ARM.exidx.text._IQ10sin), (8 bytes).
    Removing _iqnsin_cos.o(.text._IQ9sin), (444 bytes).
    Removing _iqnsin_cos.o(.ARM.exidx.text._IQ9sin), (8 bytes).
    Removing _iqnsin_cos.o(.text._IQ8sin), (452 bytes).
    Removing _iqnsin_cos.o(.ARM.exidx.text._IQ8sin), (8 bytes).
    Removing _iqnsin_cos.o(.text._IQ7sin), (460 bytes).
    Removing _iqnsin_cos.o(.ARM.exidx.text._IQ7sin), (8 bytes).
    Removing _iqnsin_cos.o(.text._IQ6sin), (468 bytes).
    Removing _iqnsin_cos.o(.ARM.exidx.text._IQ6sin), (8 bytes).
    Removing _iqnsin_cos.o(.text._IQ5sin), (476 bytes).
    Removing _iqnsin_cos.o(.ARM.exidx.text._IQ5sin), (8 bytes).
    Removing _iqnsin_cos.o(.text._IQ4sin), (344 bytes).
    Removing _iqnsin_cos.o(.ARM.exidx.text._IQ4sin), (8 bytes).
    Removing _iqnsin_cos.o(.text._IQ3sin), (408 bytes).
    Removing _iqnsin_cos.o(.ARM.exidx.text._IQ3sin), (8 bytes).
    Removing _iqnsin_cos.o(.text._IQ2sin), (376 bytes).
    Removing _iqnsin_cos.o(.ARM.exidx.text._IQ2sin), (8 bytes).
    Removing _iqnsin_cos.o(.text._IQ1sin), (416 bytes).
    Removing _iqnsin_cos.o(.ARM.exidx.text._IQ1sin), (8 bytes).
    Removing _iqnsin_cos.o(.text._IQ29cos), (292 bytes).
    Removing _iqnsin_cos.o(.ARM.exidx.text._IQ29cos), (8 bytes).
    Removing _iqnsin_cos.o(.text._IQ28cos), (300 bytes).
    Removing _iqnsin_cos.o(.ARM.exidx.text._IQ28cos), (8 bytes).
    Removing _iqnsin_cos.o(.text._IQ27cos), (304 bytes).
    Removing _iqnsin_cos.o(.ARM.exidx.text._IQ27cos), (8 bytes).
    Removing _iqnsin_cos.o(.text._IQ26cos), (312 bytes).
    Removing _iqnsin_cos.o(.ARM.exidx.text._IQ26cos), (8 bytes).
    Removing _iqnsin_cos.o(.text._IQ25cos), (320 bytes).
    Removing _iqnsin_cos.o(.ARM.exidx.text._IQ25cos), (8 bytes).
    Removing _iqnsin_cos.o(.text._IQ24cos), (328 bytes).
    Removing _iqnsin_cos.o(.ARM.exidx.text._IQ24cos), (8 bytes).
    Removing _iqnsin_cos.o(.text._IQ23cos), (336 bytes).
    Removing _iqnsin_cos.o(.ARM.exidx.text._IQ23cos), (8 bytes).
    Removing _iqnsin_cos.o(.text._IQ22cos), (344 bytes).
    Removing _iqnsin_cos.o(.ARM.exidx.text._IQ22cos), (8 bytes).
    Removing _iqnsin_cos.o(.text._IQ21cos), (352 bytes).
    Removing _iqnsin_cos.o(.ARM.exidx.text._IQ21cos), (8 bytes).
    Removing _iqnsin_cos.o(.text._IQ20cos), (360 bytes).
    Removing _iqnsin_cos.o(.ARM.exidx.text._IQ20cos), (8 bytes).
    Removing _iqnsin_cos.o(.text._IQ19cos), (368 bytes).
    Removing _iqnsin_cos.o(.ARM.exidx.text._IQ19cos), (8 bytes).
    Removing _iqnsin_cos.o(.text._IQ18cos), (376 bytes).
    Removing _iqnsin_cos.o(.ARM.exidx.text._IQ18cos), (8 bytes).
    Removing _iqnsin_cos.o(.text._IQ17cos), (384 bytes).
    Removing _iqnsin_cos.o(.ARM.exidx.text._IQ17cos), (8 bytes).
    Removing _iqnsin_cos.o(.text._IQ16cos), (392 bytes).
    Removing _iqnsin_cos.o(.ARM.exidx.text._IQ16cos), (8 bytes).
    Removing _iqnsin_cos.o(.text._IQ15cos), (400 bytes).
    Removing _iqnsin_cos.o(.ARM.exidx.text._IQ15cos), (8 bytes).
    Removing _iqnsin_cos.o(.text._IQ14cos), (408 bytes).
    Removing _iqnsin_cos.o(.ARM.exidx.text._IQ14cos), (8 bytes).
    Removing _iqnsin_cos.o(.text._IQ13cos), (416 bytes).
    Removing _iqnsin_cos.o(.ARM.exidx.text._IQ13cos), (8 bytes).
    Removing _iqnsin_cos.o(.text._IQ12cos), (424 bytes).
    Removing _iqnsin_cos.o(.ARM.exidx.text._IQ12cos), (8 bytes).
    Removing _iqnsin_cos.o(.text._IQ11cos), (432 bytes).
    Removing _iqnsin_cos.o(.ARM.exidx.text._IQ11cos), (8 bytes).
    Removing _iqnsin_cos.o(.text._IQ10cos), (440 bytes).
    Removing _iqnsin_cos.o(.ARM.exidx.text._IQ10cos), (8 bytes).
    Removing _iqnsin_cos.o(.text._IQ9cos), (448 bytes).
    Removing _iqnsin_cos.o(.ARM.exidx.text._IQ9cos), (8 bytes).
    Removing _iqnsin_cos.o(.text._IQ8cos), (456 bytes).
    Removing _iqnsin_cos.o(.ARM.exidx.text._IQ8cos), (8 bytes).
    Removing _iqnsin_cos.o(.text._IQ7cos), (464 bytes).
    Removing _iqnsin_cos.o(.ARM.exidx.text._IQ7cos), (8 bytes).
    Removing _iqnsin_cos.o(.text._IQ6cos), (476 bytes).
    Removing _iqnsin_cos.o(.ARM.exidx.text._IQ6cos), (8 bytes).
    Removing _iqnsin_cos.o(.text._IQ5cos), (484 bytes).
    Removing _iqnsin_cos.o(.ARM.exidx.text._IQ5cos), (8 bytes).
    Removing _iqnsin_cos.o(.text._IQ4cos), (336 bytes).
    Removing _iqnsin_cos.o(.ARM.exidx.text._IQ4cos), (8 bytes).
    Removing _iqnsin_cos.o(.text._IQ3cos), (400 bytes).
    Removing _iqnsin_cos.o(.ARM.exidx.text._IQ3cos), (8 bytes).
    Removing _iqnsin_cos.o(.text._IQ2cos), (368 bytes).
    Removing _iqnsin_cos.o(.ARM.exidx.text._IQ2cos), (8 bytes).
    Removing _iqnsin_cos.o(.text._IQ1cos), (408 bytes).
    Removing _iqnsin_cos.o(.ARM.exidx.text._IQ1cos), (8 bytes).
    Removing _iqnsin_cos.o(.text._IQ31sinPU), (272 bytes).
    Removing _iqnsin_cos.o(.ARM.exidx.text._IQ31sinPU), (8 bytes).
    Removing _iqnsin_cos.o(.text._IQ30sinPU), (276 bytes).
    Removing _iqnsin_cos.o(.ARM.exidx.text._IQ30sinPU), (8 bytes).
    Removing _iqnsin_cos.o(.text._IQ29sinPU), (276 bytes).
    Removing _iqnsin_cos.o(.ARM.exidx.text._IQ29sinPU), (8 bytes).
    Removing _iqnsin_cos.o(.text._IQ28sinPU), (276 bytes).
    Removing _iqnsin_cos.o(.ARM.exidx.text._IQ28sinPU), (8 bytes).
    Removing _iqnsin_cos.o(.text._IQ27sinPU), (276 bytes).
    Removing _iqnsin_cos.o(.ARM.exidx.text._IQ27sinPU), (8 bytes).
    Removing _iqnsin_cos.o(.text._IQ26sinPU), (276 bytes).
    Removing _iqnsin_cos.o(.ARM.exidx.text._IQ26sinPU), (8 bytes).
    Removing _iqnsin_cos.o(.text._IQ25sinPU), (276 bytes).
    Removing _iqnsin_cos.o(.ARM.exidx.text._IQ25sinPU), (8 bytes).
    Removing _iqnsin_cos.o(.text._IQ24sinPU), (276 bytes).
    Removing _iqnsin_cos.o(.ARM.exidx.text._IQ24sinPU), (8 bytes).
    Removing _iqnsin_cos.o(.text._IQ23sinPU), (276 bytes).
    Removing _iqnsin_cos.o(.ARM.exidx.text._IQ23sinPU), (8 bytes).
    Removing _iqnsin_cos.o(.text._IQ22sinPU), (276 bytes).
    Removing _iqnsin_cos.o(.ARM.exidx.text._IQ22sinPU), (8 bytes).
    Removing _iqnsin_cos.o(.text._IQ21sinPU), (276 bytes).
    Removing _iqnsin_cos.o(.ARM.exidx.text._IQ21sinPU), (8 bytes).
    Removing _iqnsin_cos.o(.text._IQ20sinPU), (276 bytes).
    Removing _iqnsin_cos.o(.ARM.exidx.text._IQ20sinPU), (8 bytes).
    Removing _iqnsin_cos.o(.text._IQ19sinPU), (276 bytes).
    Removing _iqnsin_cos.o(.ARM.exidx.text._IQ19sinPU), (8 bytes).
    Removing _iqnsin_cos.o(.text._IQ18sinPU), (276 bytes).
    Removing _iqnsin_cos.o(.ARM.exidx.text._IQ18sinPU), (8 bytes).
    Removing _iqnsin_cos.o(.text._IQ17sinPU), (276 bytes).
    Removing _iqnsin_cos.o(.ARM.exidx.text._IQ17sinPU), (8 bytes).
    Removing _iqnsin_cos.o(.text._IQ16sinPU), (276 bytes).
    Removing _iqnsin_cos.o(.ARM.exidx.text._IQ16sinPU), (8 bytes).
    Removing _iqnsin_cos.o(.text._IQ15sinPU), (276 bytes).
    Removing _iqnsin_cos.o(.ARM.exidx.text._IQ15sinPU), (8 bytes).
    Removing _iqnsin_cos.o(.text._IQ14sinPU), (276 bytes).
    Removing _iqnsin_cos.o(.ARM.exidx.text._IQ14sinPU), (8 bytes).
    Removing _iqnsin_cos.o(.text._IQ13sinPU), (276 bytes).
    Removing _iqnsin_cos.o(.ARM.exidx.text._IQ13sinPU), (8 bytes).
    Removing _iqnsin_cos.o(.text._IQ12sinPU), (276 bytes).
    Removing _iqnsin_cos.o(.ARM.exidx.text._IQ12sinPU), (8 bytes).
    Removing _iqnsin_cos.o(.text._IQ11sinPU), (276 bytes).
    Removing _iqnsin_cos.o(.ARM.exidx.text._IQ11sinPU), (8 bytes).
    Removing _iqnsin_cos.o(.text._IQ10sinPU), (276 bytes).
    Removing _iqnsin_cos.o(.ARM.exidx.text._IQ10sinPU), (8 bytes).
    Removing _iqnsin_cos.o(.text._IQ9sinPU), (272 bytes).
    Removing _iqnsin_cos.o(.ARM.exidx.text._IQ9sinPU), (8 bytes).
    Removing _iqnsin_cos.o(.text._IQ8sinPU), (272 bytes).
    Removing _iqnsin_cos.o(.ARM.exidx.text._IQ8sinPU), (8 bytes).
    Removing _iqnsin_cos.o(.text._IQ7sinPU), (272 bytes).
    Removing _iqnsin_cos.o(.ARM.exidx.text._IQ7sinPU), (8 bytes).
    Removing _iqnsin_cos.o(.text._IQ6sinPU), (272 bytes).
    Removing _iqnsin_cos.o(.ARM.exidx.text._IQ6sinPU), (8 bytes).
    Removing _iqnsin_cos.o(.text._IQ5sinPU), (272 bytes).
    Removing _iqnsin_cos.o(.ARM.exidx.text._IQ5sinPU), (8 bytes).
    Removing _iqnsin_cos.o(.text._IQ4sinPU), (272 bytes).
    Removing _iqnsin_cos.o(.ARM.exidx.text._IQ4sinPU), (8 bytes).
    Removing _iqnsin_cos.o(.text._IQ3sinPU), (272 bytes).
    Removing _iqnsin_cos.o(.ARM.exidx.text._IQ3sinPU), (8 bytes).
    Removing _iqnsin_cos.o(.text._IQ2sinPU), (272 bytes).
    Removing _iqnsin_cos.o(.ARM.exidx.text._IQ2sinPU), (8 bytes).
    Removing _iqnsin_cos.o(.text._IQ1sinPU), (24 bytes).
    Removing _iqnsin_cos.o(.ARM.exidx.text._IQ1sinPU), (8 bytes).
    Removing _iqnsin_cos.o(.text._IQ31cosPU), (292 bytes).
    Removing _iqnsin_cos.o(.ARM.exidx.text._IQ31cosPU), (8 bytes).
    Removing _iqnsin_cos.o(.text._IQ30cosPU), (292 bytes).
    Removing _iqnsin_cos.o(.ARM.exidx.text._IQ30cosPU), (8 bytes).
    Removing _iqnsin_cos.o(.text._IQ29cosPU), (292 bytes).
    Removing _iqnsin_cos.o(.ARM.exidx.text._IQ29cosPU), (8 bytes).
    Removing _iqnsin_cos.o(.text._IQ28cosPU), (292 bytes).
    Removing _iqnsin_cos.o(.ARM.exidx.text._IQ28cosPU), (8 bytes).
    Removing _iqnsin_cos.o(.text._IQ27cosPU), (292 bytes).
    Removing _iqnsin_cos.o(.ARM.exidx.text._IQ27cosPU), (8 bytes).
    Removing _iqnsin_cos.o(.text._IQ26cosPU), (292 bytes).
    Removing _iqnsin_cos.o(.ARM.exidx.text._IQ26cosPU), (8 bytes).
    Removing _iqnsin_cos.o(.text._IQ25cosPU), (292 bytes).
    Removing _iqnsin_cos.o(.ARM.exidx.text._IQ25cosPU), (8 bytes).
    Removing _iqnsin_cos.o(.text._IQ24cosPU), (292 bytes).
    Removing _iqnsin_cos.o(.ARM.exidx.text._IQ24cosPU), (8 bytes).
    Removing _iqnsin_cos.o(.text._IQ23cosPU), (292 bytes).
    Removing _iqnsin_cos.o(.ARM.exidx.text._IQ23cosPU), (8 bytes).
    Removing _iqnsin_cos.o(.text._IQ22cosPU), (292 bytes).
    Removing _iqnsin_cos.o(.ARM.exidx.text._IQ22cosPU), (8 bytes).
    Removing _iqnsin_cos.o(.text._IQ21cosPU), (292 bytes).
    Removing _iqnsin_cos.o(.ARM.exidx.text._IQ21cosPU), (8 bytes).
    Removing _iqnsin_cos.o(.text._IQ20cosPU), (292 bytes).
    Removing _iqnsin_cos.o(.ARM.exidx.text._IQ20cosPU), (8 bytes).
    Removing _iqnsin_cos.o(.text._IQ19cosPU), (292 bytes).
    Removing _iqnsin_cos.o(.ARM.exidx.text._IQ19cosPU), (8 bytes).
    Removing _iqnsin_cos.o(.text._IQ18cosPU), (292 bytes).
    Removing _iqnsin_cos.o(.ARM.exidx.text._IQ18cosPU), (8 bytes).
    Removing _iqnsin_cos.o(.text._IQ17cosPU), (292 bytes).
    Removing _iqnsin_cos.o(.ARM.exidx.text._IQ17cosPU), (8 bytes).
    Removing _iqnsin_cos.o(.text._IQ16cosPU), (292 bytes).
    Removing _iqnsin_cos.o(.ARM.exidx.text._IQ16cosPU), (8 bytes).
    Removing _iqnsin_cos.o(.text._IQ15cosPU), (292 bytes).
    Removing _iqnsin_cos.o(.ARM.exidx.text._IQ15cosPU), (8 bytes).
    Removing _iqnsin_cos.o(.text._IQ14cosPU), (292 bytes).
    Removing _iqnsin_cos.o(.ARM.exidx.text._IQ14cosPU), (8 bytes).
    Removing _iqnsin_cos.o(.text._IQ13cosPU), (292 bytes).
    Removing _iqnsin_cos.o(.ARM.exidx.text._IQ13cosPU), (8 bytes).
    Removing _iqnsin_cos.o(.text._IQ12cosPU), (292 bytes).
    Removing _iqnsin_cos.o(.ARM.exidx.text._IQ12cosPU), (8 bytes).
    Removing _iqnsin_cos.o(.text._IQ11cosPU), (292 bytes).
    Removing _iqnsin_cos.o(.ARM.exidx.text._IQ11cosPU), (8 bytes).
    Removing _iqnsin_cos.o(.text._IQ10cosPU), (292 bytes).
    Removing _iqnsin_cos.o(.ARM.exidx.text._IQ10cosPU), (8 bytes).
    Removing _iqnsin_cos.o(.text._IQ9cosPU), (288 bytes).
    Removing _iqnsin_cos.o(.ARM.exidx.text._IQ9cosPU), (8 bytes).
    Removing _iqnsin_cos.o(.text._IQ8cosPU), (288 bytes).
    Removing _iqnsin_cos.o(.ARM.exidx.text._IQ8cosPU), (8 bytes).
    Removing _iqnsin_cos.o(.text._IQ7cosPU), (288 bytes).
    Removing _iqnsin_cos.o(.ARM.exidx.text._IQ7cosPU), (8 bytes).
    Removing _iqnsin_cos.o(.text._IQ6cosPU), (288 bytes).
    Removing _iqnsin_cos.o(.ARM.exidx.text._IQ6cosPU), (8 bytes).
    Removing _iqnsin_cos.o(.text._IQ5cosPU), (288 bytes).
    Removing _iqnsin_cos.o(.ARM.exidx.text._IQ5cosPU), (8 bytes).
    Removing _iqnsin_cos.o(.text._IQ4cosPU), (288 bytes).
    Removing _iqnsin_cos.o(.ARM.exidx.text._IQ4cosPU), (8 bytes).
    Removing _iqnsin_cos.o(.text._IQ3cosPU), (288 bytes).
    Removing _iqnsin_cos.o(.ARM.exidx.text._IQ3cosPU), (8 bytes).
    Removing _iqnsin_cos.o(.text._IQ2cosPU), (288 bytes).
    Removing _iqnsin_cos.o(.ARM.exidx.text._IQ2cosPU), (8 bytes).
    Removing _iqnsin_cos.o(.text._IQ1cosPU), (20 bytes).
    Removing _iqnsin_cos.o(.ARM.exidx.text._IQ1cosPU), (8 bytes).
    Removing _iqnsqrt.o(.text), (0 bytes).
    Removing _iqnsqrt.o(.text._IQ31sqrt), (376 bytes).
    Removing _iqnsqrt.o(.ARM.exidx.text._IQ31sqrt), (8 bytes).
    Removing _iqnsqrt.o(.text._IQ30sqrt), (380 bytes).
    Removing _iqnsqrt.o(.ARM.exidx.text._IQ30sqrt), (8 bytes).
    Removing _iqnsqrt.o(.text._IQ29sqrt), (376 bytes).
    Removing _iqnsqrt.o(.ARM.exidx.text._IQ29sqrt), (8 bytes).
    Removing _iqnsqrt.o(.text._IQ28sqrt), (376 bytes).
    Removing _iqnsqrt.o(.ARM.exidx.text._IQ28sqrt), (8 bytes).
    Removing _iqnsqrt.o(.text._IQ27sqrt), (376 bytes).
    Removing _iqnsqrt.o(.ARM.exidx.text._IQ27sqrt), (8 bytes).
    Removing _iqnsqrt.o(.text._IQ26sqrt), (372 bytes).
    Removing _iqnsqrt.o(.ARM.exidx.text._IQ26sqrt), (8 bytes).
    Removing _iqnsqrt.o(.text._IQ25sqrt), (376 bytes).
    Removing _iqnsqrt.o(.ARM.exidx.text._IQ25sqrt), (8 bytes).
    Removing _iqnsqrt.o(.text._IQ24sqrt), (372 bytes).
    Removing _iqnsqrt.o(.ARM.exidx.text._IQ24sqrt), (8 bytes).
    Removing _iqnsqrt.o(.text._IQ23sqrt), (320 bytes).
    Removing _iqnsqrt.o(.ARM.exidx.text._IQ23sqrt), (8 bytes).
    Removing _iqnsqrt.o(.text._IQ22sqrt), (316 bytes).
    Removing _iqnsqrt.o(.ARM.exidx.text._IQ22sqrt), (8 bytes).
    Removing _iqnsqrt.o(.text._IQ21sqrt), (320 bytes).
    Removing _iqnsqrt.o(.ARM.exidx.text._IQ21sqrt), (8 bytes).
    Removing _iqnsqrt.o(.text._IQ20sqrt), (316 bytes).
    Removing _iqnsqrt.o(.ARM.exidx.text._IQ20sqrt), (8 bytes).
    Removing _iqnsqrt.o(.text._IQ19sqrt), (320 bytes).
    Removing _iqnsqrt.o(.ARM.exidx.text._IQ19sqrt), (8 bytes).
    Removing _iqnsqrt.o(.text._IQ18sqrt), (316 bytes).
    Removing _iqnsqrt.o(.ARM.exidx.text._IQ18sqrt), (8 bytes).
    Removing _iqnsqrt.o(.text._IQ17sqrt), (320 bytes).
    Removing _iqnsqrt.o(.ARM.exidx.text._IQ17sqrt), (8 bytes).
    Removing _iqnsqrt.o(.text._IQ16sqrt), (320 bytes).
    Removing _iqnsqrt.o(.ARM.exidx.text._IQ16sqrt), (8 bytes).
    Removing _iqnsqrt.o(.text._IQ15sqrt), (316 bytes).
    Removing _iqnsqrt.o(.ARM.exidx.text._IQ15sqrt), (8 bytes).
    Removing _iqnsqrt.o(.text._IQ14sqrt), (316 bytes).
    Removing _iqnsqrt.o(.ARM.exidx.text._IQ14sqrt), (8 bytes).
    Removing _iqnsqrt.o(.text._IQ13sqrt), (320 bytes).
    Removing _iqnsqrt.o(.ARM.exidx.text._IQ13sqrt), (8 bytes).
    Removing _iqnsqrt.o(.text._IQ12sqrt), (316 bytes).
    Removing _iqnsqrt.o(.ARM.exidx.text._IQ12sqrt), (8 bytes).
    Removing _iqnsqrt.o(.text._IQ11sqrt), (320 bytes).
    Removing _iqnsqrt.o(.ARM.exidx.text._IQ11sqrt), (8 bytes).
    Removing _iqnsqrt.o(.text._IQ10sqrt), (316 bytes).
    Removing _iqnsqrt.o(.ARM.exidx.text._IQ10sqrt), (8 bytes).
    Removing _iqnsqrt.o(.text._IQ9sqrt), (320 bytes).
    Removing _iqnsqrt.o(.ARM.exidx.text._IQ9sqrt), (8 bytes).
    Removing _iqnsqrt.o(.text._IQ8sqrt), (316 bytes).
    Removing _iqnsqrt.o(.ARM.exidx.text._IQ8sqrt), (8 bytes).
    Removing _iqnsqrt.o(.text._IQ7sqrt), (320 bytes).
    Removing _iqnsqrt.o(.ARM.exidx.text._IQ7sqrt), (8 bytes).
    Removing _iqnsqrt.o(.text._IQ6sqrt), (316 bytes).
    Removing _iqnsqrt.o(.ARM.exidx.text._IQ6sqrt), (8 bytes).
    Removing _iqnsqrt.o(.text._IQ5sqrt), (320 bytes).
    Removing _iqnsqrt.o(.ARM.exidx.text._IQ5sqrt), (8 bytes).
    Removing _iqnsqrt.o(.text._IQ4sqrt), (320 bytes).
    Removing _iqnsqrt.o(.ARM.exidx.text._IQ4sqrt), (8 bytes).
    Removing _iqnsqrt.o(.text._IQ3sqrt), (324 bytes).
    Removing _iqnsqrt.o(.ARM.exidx.text._IQ3sqrt), (8 bytes).
    Removing _iqnsqrt.o(.text._IQ2sqrt), (316 bytes).
    Removing _iqnsqrt.o(.ARM.exidx.text._IQ2sqrt), (8 bytes).
    Removing _iqnsqrt.o(.text._IQ1sqrt), (328 bytes).
    Removing _iqnsqrt.o(.ARM.exidx.text._IQ1sqrt), (8 bytes).
    Removing _iqnsqrt.o(.text._IQ0sqrt), (324 bytes).
    Removing _iqnsqrt.o(.ARM.exidx.text._IQ0sqrt), (8 bytes).
    Removing _iqnsqrt.o(.text._IQ30isqrt), (360 bytes).
    Removing _iqnsqrt.o(.ARM.exidx.text._IQ30isqrt), (8 bytes).
    Removing _iqnsqrt.o(.text._IQ29isqrt), (372 bytes).
    Removing _iqnsqrt.o(.ARM.exidx.text._IQ29isqrt), (8 bytes).
    Removing _iqnsqrt.o(.text._IQ28isqrt), (368 bytes).
    Removing _iqnsqrt.o(.ARM.exidx.text._IQ28isqrt), (8 bytes).
    Removing _iqnsqrt.o(.text._IQ27isqrt), (372 bytes).
    Removing _iqnsqrt.o(.ARM.exidx.text._IQ27isqrt), (8 bytes).
    Removing _iqnsqrt.o(.text._IQ26isqrt), (364 bytes).
    Removing _iqnsqrt.o(.ARM.exidx.text._IQ26isqrt), (8 bytes).
    Removing _iqnsqrt.o(.text._IQ25isqrt), (368 bytes).
    Removing _iqnsqrt.o(.ARM.exidx.text._IQ25isqrt), (8 bytes).
    Removing _iqnsqrt.o(.text._IQ24isqrt), (364 bytes).
    Removing _iqnsqrt.o(.ARM.exidx.text._IQ24isqrt), (8 bytes).
    Removing _iqnsqrt.o(.text._IQ23isqrt), (316 bytes).
    Removing _iqnsqrt.o(.ARM.exidx.text._IQ23isqrt), (8 bytes).
    Removing _iqnsqrt.o(.text._IQ22isqrt), (316 bytes).
    Removing _iqnsqrt.o(.ARM.exidx.text._IQ22isqrt), (8 bytes).
    Removing _iqnsqrt.o(.text._IQ21isqrt), (312 bytes).
    Removing _iqnsqrt.o(.ARM.exidx.text._IQ21isqrt), (8 bytes).
    Removing _iqnsqrt.o(.text._IQ20isqrt), (312 bytes).
    Removing _iqnsqrt.o(.ARM.exidx.text._IQ20isqrt), (8 bytes).
    Removing _iqnsqrt.o(.text._IQ19isqrt), (312 bytes).
    Removing _iqnsqrt.o(.ARM.exidx.text._IQ19isqrt), (8 bytes).
    Removing _iqnsqrt.o(.text._IQ18isqrt), (312 bytes).
    Removing _iqnsqrt.o(.ARM.exidx.text._IQ18isqrt), (8 bytes).
    Removing _iqnsqrt.o(.text._IQ17isqrt), (316 bytes).
    Removing _iqnsqrt.o(.ARM.exidx.text._IQ17isqrt), (8 bytes).
    Removing _iqnsqrt.o(.text._IQ16isqrt), (312 bytes).
    Removing _iqnsqrt.o(.ARM.exidx.text._IQ16isqrt), (8 bytes).
    Removing _iqnsqrt.o(.text._IQ15isqrt), (312 bytes).
    Removing _iqnsqrt.o(.ARM.exidx.text._IQ15isqrt), (8 bytes).
    Removing _iqnsqrt.o(.text._IQ14isqrt), (312 bytes).
    Removing _iqnsqrt.o(.ARM.exidx.text._IQ14isqrt), (8 bytes).
    Removing _iqnsqrt.o(.text._IQ13isqrt), (312 bytes).
    Removing _iqnsqrt.o(.ARM.exidx.text._IQ13isqrt), (8 bytes).
    Removing _iqnsqrt.o(.text._IQ12isqrt), (312 bytes).
    Removing _iqnsqrt.o(.ARM.exidx.text._IQ12isqrt), (8 bytes).
    Removing _iqnsqrt.o(.text._IQ11isqrt), (312 bytes).
    Removing _iqnsqrt.o(.ARM.exidx.text._IQ11isqrt), (8 bytes).
    Removing _iqnsqrt.o(.text._IQ10isqrt), (312 bytes).
    Removing _iqnsqrt.o(.ARM.exidx.text._IQ10isqrt), (8 bytes).
    Removing _iqnsqrt.o(.text._IQ9isqrt), (312 bytes).
    Removing _iqnsqrt.o(.ARM.exidx.text._IQ9isqrt), (8 bytes).
    Removing _iqnsqrt.o(.text._IQ8isqrt), (312 bytes).
    Removing _iqnsqrt.o(.ARM.exidx.text._IQ8isqrt), (8 bytes).
    Removing _iqnsqrt.o(.text._IQ7isqrt), (312 bytes).
    Removing _iqnsqrt.o(.ARM.exidx.text._IQ7isqrt), (8 bytes).
    Removing _iqnsqrt.o(.text._IQ6isqrt), (316 bytes).
    Removing _iqnsqrt.o(.ARM.exidx.text._IQ6isqrt), (8 bytes).
    Removing _iqnsqrt.o(.text._IQ5isqrt), (316 bytes).
    Removing _iqnsqrt.o(.ARM.exidx.text._IQ5isqrt), (8 bytes).
    Removing _iqnsqrt.o(.text._IQ4isqrt), (316 bytes).
    Removing _iqnsqrt.o(.ARM.exidx.text._IQ4isqrt), (8 bytes).
    Removing _iqnsqrt.o(.text._IQ3isqrt), (316 bytes).
    Removing _iqnsqrt.o(.ARM.exidx.text._IQ3isqrt), (8 bytes).
    Removing _iqnsqrt.o(.text._IQ2isqrt), (316 bytes).
    Removing _iqnsqrt.o(.ARM.exidx.text._IQ2isqrt), (8 bytes).
    Removing _iqnsqrt.o(.text._IQ1isqrt), (320 bytes).
    Removing _iqnsqrt.o(.ARM.exidx.text._IQ1isqrt), (8 bytes).
    Removing _iqnsqrt.o(.text._IQmag), (420 bytes).
    Removing _iqnsqrt.o(.ARM.exidx.text._IQmag), (8 bytes).
    Removing _iqnsqrt.o(.text._IQ30imag), (408 bytes).
    Removing _iqnsqrt.o(.ARM.exidx.text._IQ30imag), (8 bytes).
    Removing _iqnsqrt.o(.text._IQ29imag), (416 bytes).
    Removing _iqnsqrt.o(.ARM.exidx.text._IQ29imag), (8 bytes).
    Removing _iqnsqrt.o(.text._IQ28imag), (416 bytes).
    Removing _iqnsqrt.o(.ARM.exidx.text._IQ28imag), (8 bytes).
    Removing _iqnsqrt.o(.text._IQ27imag), (416 bytes).
    Removing _iqnsqrt.o(.ARM.exidx.text._IQ27imag), (8 bytes).
    Removing _iqnsqrt.o(.text._IQ26imag), (416 bytes).
    Removing _iqnsqrt.o(.ARM.exidx.text._IQ26imag), (8 bytes).
    Removing _iqnsqrt.o(.text._IQ25imag), (416 bytes).
    Removing _iqnsqrt.o(.ARM.exidx.text._IQ25imag), (8 bytes).
    Removing _iqnsqrt.o(.text._IQ24imag), (416 bytes).
    Removing _iqnsqrt.o(.ARM.exidx.text._IQ24imag), (8 bytes).
    Removing _iqnsqrt.o(.text._IQ23imag), (364 bytes).
    Removing _iqnsqrt.o(.ARM.exidx.text._IQ23imag), (8 bytes).
    Removing _iqnsqrt.o(.text._IQ22imag), (360 bytes).
    Removing _iqnsqrt.o(.ARM.exidx.text._IQ22imag), (8 bytes).
    Removing _iqnsqrt.o(.text._IQ21imag), (360 bytes).
    Removing _iqnsqrt.o(.ARM.exidx.text._IQ21imag), (8 bytes).
    Removing _iqnsqrt.o(.text._IQ20imag), (360 bytes).
    Removing _iqnsqrt.o(.ARM.exidx.text._IQ20imag), (8 bytes).
    Removing _iqnsqrt.o(.text._IQ19imag), (360 bytes).
    Removing _iqnsqrt.o(.ARM.exidx.text._IQ19imag), (8 bytes).
    Removing _iqnsqrt.o(.text._IQ18imag), (360 bytes).
    Removing _iqnsqrt.o(.ARM.exidx.text._IQ18imag), (8 bytes).
    Removing _iqnsqrt.o(.text._IQ17imag), (360 bytes).
    Removing _iqnsqrt.o(.ARM.exidx.text._IQ17imag), (8 bytes).
    Removing _iqnsqrt.o(.text._IQ16imag), (360 bytes).
    Removing _iqnsqrt.o(.ARM.exidx.text._IQ16imag), (8 bytes).
    Removing _iqnsqrt.o(.text._IQ15imag), (360 bytes).
    Removing _iqnsqrt.o(.ARM.exidx.text._IQ15imag), (8 bytes).
    Removing _iqnsqrt.o(.text._IQ14imag), (356 bytes).
    Removing _iqnsqrt.o(.ARM.exidx.text._IQ14imag), (8 bytes).
    Removing _iqnsqrt.o(.text._IQ13imag), (360 bytes).
    Removing _iqnsqrt.o(.ARM.exidx.text._IQ13imag), (8 bytes).
    Removing _iqnsqrt.o(.text._IQ12imag), (360 bytes).
    Removing _iqnsqrt.o(.ARM.exidx.text._IQ12imag), (8 bytes).
    Removing _iqnsqrt.o(.text._IQ11imag), (360 bytes).
    Removing _iqnsqrt.o(.ARM.exidx.text._IQ11imag), (8 bytes).
    Removing _iqnsqrt.o(.text._IQ10imag), (360 bytes).
    Removing _iqnsqrt.o(.ARM.exidx.text._IQ10imag), (8 bytes).
    Removing _iqnsqrt.o(.text._IQ9imag), (360 bytes).
    Removing _iqnsqrt.o(.ARM.exidx.text._IQ9imag), (8 bytes).
    Removing _iqnsqrt.o(.text._IQ8imag), (360 bytes).
    Removing _iqnsqrt.o(.ARM.exidx.text._IQ8imag), (8 bytes).
    Removing _iqnsqrt.o(.text._IQ7imag), (360 bytes).
    Removing _iqnsqrt.o(.ARM.exidx.text._IQ7imag), (8 bytes).
    Removing _iqnsqrt.o(.text._IQ6imag), (360 bytes).
    Removing _iqnsqrt.o(.ARM.exidx.text._IQ6imag), (8 bytes).
    Removing _iqnsqrt.o(.text._IQ5imag), (360 bytes).
    Removing _iqnsqrt.o(.ARM.exidx.text._IQ5imag), (8 bytes).
    Removing _iqnsqrt.o(.text._IQ4imag), (360 bytes).
    Removing _iqnsqrt.o(.ARM.exidx.text._IQ4imag), (8 bytes).
    Removing _iqnsqrt.o(.text._IQ3imag), (360 bytes).
    Removing _iqnsqrt.o(.ARM.exidx.text._IQ3imag), (8 bytes).
    Removing _iqnsqrt.o(.text._IQ2imag), (360 bytes).
    Removing _iqnsqrt.o(.ARM.exidx.text._IQ2imag), (8 bytes).
    Removing _iqnsqrt.o(.text._IQ1imag), (360 bytes).
    Removing _iqnsqrt.o(.ARM.exidx.text._IQ1imag), (8 bytes).
    Removing _iqntables.o(.text), (0 bytes).
    Removing _iqntables.o(.rodata._IQ31CosLookup), (208 bytes).
    Removing _iqntables.o(.rodata._IQ31SinLookup), (208 bytes).
    Removing _iqntables.o(.rodata._IQ29Asin_coeffs), (340 bytes).
    Removing _iqntables.o(.rodata._IQ32atan_coeffs), (528 bytes).
    Removing _iqntables.o(.rodata._IQ30exp_coeffs), (44 bytes).
    Removing _iqntables.o(.rodata._IQNexp_min), (120 bytes).
    Removing _iqntables.o(.rodata._IQNexp_max), (120 bytes).
    Removing _iqntables.o(.rodata._IQNexp_offset), (120 bytes).
    Removing _iqntables.o(.rodata._IQNexp_lookup1), (88 bytes).
    Removing _iqntables.o(.rodata._IQNexp_lookup2), (88 bytes).
    Removing _iqntables.o(.rodata._IQNexp_lookup3), (88 bytes).
    Removing _iqntables.o(.rodata._IQNexp_lookup4), (88 bytes).
    Removing _iqntables.o(.rodata._IQNexp_lookup5), (88 bytes).
    Removing _iqntables.o(.rodata._IQNexp_lookup6), (88 bytes).
    Removing _iqntables.o(.rodata._IQNexp_lookup7), (88 bytes).
    Removing _iqntables.o(.rodata._IQNexp_lookup8), (88 bytes).
    Removing _iqntables.o(.rodata._IQNexp_lookup9), (88 bytes).
    Removing _iqntables.o(.rodata._IQNexp_lookup10), (88 bytes).
    Removing _iqntables.o(.rodata._IQNexp_lookup11), (88 bytes).
    Removing _iqntables.o(.rodata._IQNexp_lookup12), (88 bytes).
    Removing _iqntables.o(.rodata._IQNexp_lookup13), (88 bytes).
    Removing _iqntables.o(.rodata._IQNexp_lookup14), (88 bytes).
    Removing _iqntables.o(.rodata._IQNexp_lookup15), (88 bytes).
    Removing _iqntables.o(.rodata._IQNexp_lookup16), (88 bytes).
    Removing _iqntables.o(.rodata._IQNexp_lookup17), (88 bytes).
    Removing _iqntables.o(.rodata._IQNexp_lookup18), (88 bytes).
    Removing _iqntables.o(.rodata._IQNexp_lookup19), (88 bytes).
    Removing _iqntables.o(.rodata._IQNexp_lookup20), (88 bytes).
    Removing _iqntables.o(.rodata._IQNexp_lookup21), (88 bytes).
    Removing _iqntables.o(.rodata._IQNexp_lookup22), (88 bytes).
    Removing _iqntables.o(.rodata._IQNexp_lookup23), (88 bytes).
    Removing _iqntables.o(.rodata._IQNexp_lookup24), (88 bytes).
    Removing _iqntables.o(.rodata._IQNexp_lookup25), (88 bytes).
    Removing _iqntables.o(.rodata._IQNexp_lookup26), (88 bytes).
    Removing _iqntables.o(.rodata._IQNexp_lookup27), (88 bytes).
    Removing _iqntables.o(.rodata._IQNexp_lookup28), (88 bytes).
    Removing _iqntables.o(.rodata._IQNexp_lookup29), (88 bytes).
    Removing _iqntables.o(.rodata._IQNexp_lookup30), (88 bytes).
    Removing _iqntables.o(.rodata._IQNlog_min), (20 bytes).
    Removing _iqntables.o(.rodata._IQ30log_coeffs), (60 bytes).
    Removing _iqntables.o(.rodata._IQ6div_lookup), (65 bytes).
    Removing _iqntables.o(.rodata._IQ14sqrt_lookup), (384 bytes).
    Removing _iqntoa.o(.text), (0 bytes).
    Removing _iqntoa.o(.text.__IQNtoa), (860 bytes).
    Removing _iqntoa.o(.ARM.exidx.text.__IQNtoa), (8 bytes).
    Removing _iqntoa.o(.text._IQ31toa), (12 bytes).
    Removing _iqntoa.o(.ARM.exidx.text._IQ31toa), (8 bytes).
    Removing _iqntoa.o(.text._IQ30toa), (12 bytes).
    Removing _iqntoa.o(.ARM.exidx.text._IQ30toa), (8 bytes).
    Removing _iqntoa.o(.text._IQ29toa), (12 bytes).
    Removing _iqntoa.o(.ARM.exidx.text._IQ29toa), (8 bytes).
    Removing _iqntoa.o(.text._IQ28toa), (12 bytes).
    Removing _iqntoa.o(.ARM.exidx.text._IQ28toa), (8 bytes).
    Removing _iqntoa.o(.text._IQ27toa), (12 bytes).
    Removing _iqntoa.o(.ARM.exidx.text._IQ27toa), (8 bytes).
    Removing _iqntoa.o(.text._IQ26toa), (12 bytes).
    Removing _iqntoa.o(.ARM.exidx.text._IQ26toa), (8 bytes).
    Removing _iqntoa.o(.text._IQ25toa), (12 bytes).
    Removing _iqntoa.o(.ARM.exidx.text._IQ25toa), (8 bytes).
    Removing _iqntoa.o(.text._IQ24toa), (12 bytes).
    Removing _iqntoa.o(.ARM.exidx.text._IQ24toa), (8 bytes).
    Removing _iqntoa.o(.text._IQ23toa), (12 bytes).
    Removing _iqntoa.o(.ARM.exidx.text._IQ23toa), (8 bytes).
    Removing _iqntoa.o(.text._IQ22toa), (12 bytes).
    Removing _iqntoa.o(.ARM.exidx.text._IQ22toa), (8 bytes).
    Removing _iqntoa.o(.text._IQ21toa), (12 bytes).
    Removing _iqntoa.o(.ARM.exidx.text._IQ21toa), (8 bytes).
    Removing _iqntoa.o(.text._IQ20toa), (12 bytes).
    Removing _iqntoa.o(.ARM.exidx.text._IQ20toa), (8 bytes).
    Removing _iqntoa.o(.text._IQ19toa), (12 bytes).
    Removing _iqntoa.o(.ARM.exidx.text._IQ19toa), (8 bytes).
    Removing _iqntoa.o(.text._IQ18toa), (12 bytes).
    Removing _iqntoa.o(.ARM.exidx.text._IQ18toa), (8 bytes).
    Removing _iqntoa.o(.text._IQ17toa), (12 bytes).
    Removing _iqntoa.o(.ARM.exidx.text._IQ17toa), (8 bytes).
    Removing _iqntoa.o(.text._IQ16toa), (12 bytes).
    Removing _iqntoa.o(.ARM.exidx.text._IQ16toa), (8 bytes).
    Removing _iqntoa.o(.text._IQ15toa), (12 bytes).
    Removing _iqntoa.o(.ARM.exidx.text._IQ15toa), (8 bytes).
    Removing _iqntoa.o(.text._IQ14toa), (12 bytes).
    Removing _iqntoa.o(.ARM.exidx.text._IQ14toa), (8 bytes).
    Removing _iqntoa.o(.text._IQ13toa), (12 bytes).
    Removing _iqntoa.o(.ARM.exidx.text._IQ13toa), (8 bytes).
    Removing _iqntoa.o(.text._IQ12toa), (12 bytes).
    Removing _iqntoa.o(.ARM.exidx.text._IQ12toa), (8 bytes).
    Removing _iqntoa.o(.text._IQ11toa), (12 bytes).
    Removing _iqntoa.o(.ARM.exidx.text._IQ11toa), (8 bytes).
    Removing _iqntoa.o(.text._IQ10toa), (12 bytes).
    Removing _iqntoa.o(.ARM.exidx.text._IQ10toa), (8 bytes).
    Removing _iqntoa.o(.text._IQ9toa), (12 bytes).
    Removing _iqntoa.o(.ARM.exidx.text._IQ9toa), (8 bytes).
    Removing _iqntoa.o(.text._IQ8toa), (12 bytes).
    Removing _iqntoa.o(.ARM.exidx.text._IQ8toa), (8 bytes).
    Removing _iqntoa.o(.text._IQ7toa), (12 bytes).
    Removing _iqntoa.o(.ARM.exidx.text._IQ7toa), (8 bytes).
    Removing _iqntoa.o(.text._IQ6toa), (12 bytes).
    Removing _iqntoa.o(.ARM.exidx.text._IQ6toa), (8 bytes).
    Removing _iqntoa.o(.text._IQ5toa), (12 bytes).
    Removing _iqntoa.o(.ARM.exidx.text._IQ5toa), (8 bytes).
    Removing _iqntoa.o(.text._IQ4toa), (12 bytes).
    Removing _iqntoa.o(.ARM.exidx.text._IQ4toa), (8 bytes).
    Removing _iqntoa.o(.text._IQ3toa), (12 bytes).
    Removing _iqntoa.o(.ARM.exidx.text._IQ3toa), (8 bytes).
    Removing _iqntoa.o(.text._IQ2toa), (12 bytes).
    Removing _iqntoa.o(.ARM.exidx.text._IQ2toa), (8 bytes).
    Removing _iqntoa.o(.text._IQ1toa), (12 bytes).
    Removing _iqntoa.o(.ARM.exidx.text._IQ1toa), (8 bytes).
    Removing _iqntoa.o(.text._IQ0toa), (12 bytes).
    Removing _iqntoa.o(.ARM.exidx.text._IQ0toa), (8 bytes).
    Removing _iqntof.o(.text), (0 bytes).
    Removing _iqntof.o(.text._IQ30toF), (56 bytes).
    Removing _iqntof.o(.ARM.exidx.text._IQ30toF), (8 bytes).
    Removing _iqntof.o(.text._IQ29toF), (60 bytes).
    Removing _iqntof.o(.ARM.exidx.text._IQ29toF), (8 bytes).
    Removing _iqntof.o(.text._IQ28toF), (56 bytes).
    Removing _iqntof.o(.ARM.exidx.text._IQ28toF), (8 bytes).
    Removing _iqntof.o(.text._IQ27toF), (60 bytes).
    Removing _iqntof.o(.ARM.exidx.text._IQ27toF), (8 bytes).
    Removing _iqntof.o(.text._IQ26toF), (56 bytes).
    Removing _iqntof.o(.ARM.exidx.text._IQ26toF), (8 bytes).
    Removing _iqntof.o(.text._IQ25toF), (60 bytes).
    Removing _iqntof.o(.ARM.exidx.text._IQ25toF), (8 bytes).
    Removing _iqntof.o(.ARM.exidx.text._IQ24toF), (8 bytes).
    Removing _iqntof.o(.text._IQ23toF), (60 bytes).
    Removing _iqntof.o(.ARM.exidx.text._IQ23toF), (8 bytes).
    Removing _iqntof.o(.text._IQ22toF), (56 bytes).
    Removing _iqntof.o(.ARM.exidx.text._IQ22toF), (8 bytes).
    Removing _iqntof.o(.text._IQ21toF), (60 bytes).
    Removing _iqntof.o(.ARM.exidx.text._IQ21toF), (8 bytes).
    Removing _iqntof.o(.text._IQ20toF), (56 bytes).
    Removing _iqntof.o(.ARM.exidx.text._IQ20toF), (8 bytes).
    Removing _iqntof.o(.text._IQ19toF), (60 bytes).
    Removing _iqntof.o(.ARM.exidx.text._IQ19toF), (8 bytes).
    Removing _iqntof.o(.text._IQ18toF), (56 bytes).
    Removing _iqntof.o(.ARM.exidx.text._IQ18toF), (8 bytes).
    Removing _iqntof.o(.text._IQ17toF), (60 bytes).
    Removing _iqntof.o(.ARM.exidx.text._IQ17toF), (8 bytes).
    Removing _iqntof.o(.text._IQ16toF), (56 bytes).
    Removing _iqntof.o(.ARM.exidx.text._IQ16toF), (8 bytes).
    Removing _iqntof.o(.text._IQ15toF), (60 bytes).
    Removing _iqntof.o(.ARM.exidx.text._IQ15toF), (8 bytes).
    Removing _iqntof.o(.text._IQ14toF), (56 bytes).
    Removing _iqntof.o(.ARM.exidx.text._IQ14toF), (8 bytes).
    Removing _iqntof.o(.text._IQ13toF), (60 bytes).
    Removing _iqntof.o(.ARM.exidx.text._IQ13toF), (8 bytes).
    Removing _iqntof.o(.text._IQ12toF), (56 bytes).
    Removing _iqntof.o(.ARM.exidx.text._IQ12toF), (8 bytes).
    Removing _iqntof.o(.text._IQ11toF), (60 bytes).
    Removing _iqntof.o(.ARM.exidx.text._IQ11toF), (8 bytes).
    Removing _iqntof.o(.text._IQ10toF), (56 bytes).
    Removing _iqntof.o(.ARM.exidx.text._IQ10toF), (8 bytes).
    Removing _iqntof.o(.text._IQ9toF), (60 bytes).
    Removing _iqntof.o(.ARM.exidx.text._IQ9toF), (8 bytes).
    Removing _iqntof.o(.text._IQ8toF), (56 bytes).
    Removing _iqntof.o(.ARM.exidx.text._IQ8toF), (8 bytes).
    Removing _iqntof.o(.text._IQ7toF), (60 bytes).
    Removing _iqntof.o(.ARM.exidx.text._IQ7toF), (8 bytes).
    Removing _iqntof.o(.text._IQ6toF), (56 bytes).
    Removing _iqntof.o(.ARM.exidx.text._IQ6toF), (8 bytes).
    Removing _iqntof.o(.text._IQ5toF), (60 bytes).
    Removing _iqntof.o(.ARM.exidx.text._IQ5toF), (8 bytes).
    Removing _iqntof.o(.text._IQ4toF), (56 bytes).
    Removing _iqntof.o(.ARM.exidx.text._IQ4toF), (8 bytes).
    Removing _iqntof.o(.text._IQ3toF), (60 bytes).
    Removing _iqntof.o(.ARM.exidx.text._IQ3toF), (8 bytes).
    Removing _iqntof.o(.text._IQ2toF), (56 bytes).
    Removing _iqntof.o(.ARM.exidx.text._IQ2toF), (8 bytes).
    Removing _iqntof.o(.text._IQ1toF), (60 bytes).
    Removing _iqntof.o(.ARM.exidx.text._IQ1toF), (8 bytes).
    Removing _iqnversion.o(.text), (0 bytes).
    Removing _iqnversion.o(.text._IQmathLibVersionString), (8 bytes).
    Removing _iqnversion.o(.ARM.exidx.text._IQmathLibVersionString), (8 bytes).
    Removing _iqnversion.o(.rodata.IQmathLibVersionString), (30 bytes).
    Removing dl_common.o(.text), (0 bytes).
    Removing dl_common.o(.ARM.exidx.text.DL_Common_delayCycles), (8 bytes).

1362 unused section(s) (total 125649 bytes) removed from the image.

==============================================================================

Image Symbol Table

    Local Symbols

    Symbol Name                              Value     Ov Type        Size  Object(Section)

    ../clib/angel/boardlib.s                 0x00000000   Number         0  boardinit1.o ABSOLUTE
    ../clib/angel/boardlib.s                 0x00000000   Number         0  boardinit2.o ABSOLUTE
    ../clib/angel/boardlib.s                 0x00000000   Number         0  boardinit3.o ABSOLUTE
    ../clib/angel/boardlib.s                 0x00000000   Number         0  boardshut.o ABSOLUTE
    ../clib/angel/handlers.s                 0x00000000   Number         0  __scatter_zi.o ABSOLUTE
    ../clib/angel/kernel.s                   0x00000000   Number         0  __rtentry.o ABSOLUTE
    ../clib/angel/kernel.s                   0x00000000   Number         0  __rtentry2.o ABSOLUTE
    ../clib/angel/kernel.s                   0x00000000   Number         0  __rtentry4.o ABSOLUTE
    ../clib/angel/kernel.s                   0x00000000   Number         0  rtexit.o ABSOLUTE
    ../clib/angel/kernel.s                   0x00000000   Number         0  rtexit2.o ABSOLUTE
    ../clib/angel/rt.s                       0x00000000   Number         0  rt_raise.o ABSOLUTE
    ../clib/angel/scatterp.s                 0x00000000   Number         0  __scatter.o ABSOLUTE
    ../clib/angel/startup.s                  0x00000000   Number         0  __main.o ABSOLUTE
    ../clib/angel/sys.s                      0x00000000   Number         0  sys_stackheap_outer.o ABSOLUTE
    ../clib/angel/sys.s                      0x00000000   Number         0  libspace.o ABSOLUTE
    ../clib/angel/sys.s                      0x00000000   Number         0  tempstk.o ABSOLUTE
    ../clib/angel/sys.s                      0x00000000   Number         0  use_no_semi.o ABSOLUTE
    ../clib/angel/sys.s                      0x00000000   Number         0  indicate_semi.o ABSOLUTE
    ../clib/angel/sysapp.c                   0x00000000   Number         0  sys_exit.o ABSOLUTE
    ../clib/angel/sysapp.c                   0x00000000   Number         0  sys_exit_hlt.o ABSOLUTE
    ../clib/angel/sysapp.c                   0x00000000   Number         0  sys_command.o ABSOLUTE
    ../clib/angel/sysapp.c                   0x00000000   Number         0  sys_command_hlt.o ABSOLUTE
    ../clib/angel/sysapp.c                   0x00000000   Number         0  sys_wrch.o ABSOLUTE
    ../clib/angel/sysapp.c                   0x00000000   Number         0  sys_wrch_hlt.o ABSOLUTE
    ../clib/armsys.c                         0x00000000   Number         0  argv_veneer.o ABSOLUTE
    ../clib/armsys.c                         0x00000000   Number         0  _get_argv_nomalloc.o ABSOLUTE
    ../clib/armsys.c                         0x00000000   Number         0  no_argv.o ABSOLUTE
    ../clib/heapalloc.c                      0x00000000   Number         0  hrguard.o ABSOLUTE
    ../clib/heapaux.c                        0x00000000   Number         0  heapauxi.o ABSOLUTE
    ../clib/libinit.s                        0x00000000   Number         0  libinit.o ABSOLUTE
    ../clib/libinit.s                        0x00000000   Number         0  libinit2.o ABSOLUTE
    ../clib/libinit.s                        0x00000000   Number         0  libshutdown.o ABSOLUTE
    ../clib/libinit.s                        0x00000000   Number         0  libshutdown2.o ABSOLUTE
    ../clib/longlong.c                       0x00000000   Number         0  llshl.o ABSOLUTE
    ../clib/longlong.c                       0x00000000   Number         0  llsshr.o ABSOLUTE
    ../clib/longlong.c                       0x00000000   Number         0  llmul.o ABSOLUTE
    ../clib/signal.c                         0x00000000   Number         0  defsig_rtmem_outer.o ABSOLUTE
    ../clib/signal.c                         0x00000000   Number         0  defsig_rtmem_formal.o ABSOLUTE
    ../clib/signal.c                         0x00000000   Number         0  defsig_exit.o ABSOLUTE
    ../clib/signal.c                         0x00000000   Number         0  defsig_rtmem_inner.o ABSOLUTE
    ../clib/signal.c                         0x00000000   Number         0  __raise.o ABSOLUTE
    ../clib/signal.c                         0x00000000   Number         0  defsig_general.o ABSOLUTE
    ../clib/signal.c                         0x00000000   Number         0  defsig_abrt_inner.o ABSOLUTE
    ../clib/signal.c                         0x00000000   Number         0  defsig_fpe_inner.o ABSOLUTE
    ../clib/signal.c                         0x00000000   Number         0  defsig_rtred_inner.o ABSOLUTE
    ../clib/signal.c                         0x00000000   Number         0  defsig_stak_inner.o ABSOLUTE
    ../clib/signal.c                         0x00000000   Number         0  defsig_pvfn_inner.o ABSOLUTE
    ../clib/signal.c                         0x00000000   Number         0  defsig_cppl_inner.o ABSOLUTE
    ../clib/signal.c                         0x00000000   Number         0  defsig_segv_inner.o ABSOLUTE
    ../clib/signal.c                         0x00000000   Number         0  defsig_other.o ABSOLUTE
    ../clib/signal.s                         0x00000000   Number         0  defsig.o ABSOLUTE
    ../clib/stdlib.c                         0x00000000   Number         0  exit.o ABSOLUTE
    ../fplib/cfplib/cmp.c                    0x00000000   Number         0  dcmp.o ABSOLUTE
    ../fplib/cfplib/cmpret.c                 0x00000000   Number         0  cmpret.o ABSOLUTE
    ../fplib/cfplib/daddsub.c                0x00000000   Number         0  daddsub.o ABSOLUTE
    ../fplib/cfplib/dcmpin.c                 0x00000000   Number         0  dcmpin.o ABSOLUTE
    ../fplib/cfplib/f2d.c                    0x00000000   Number         0  f2d.o ABSOLUTE
    ../fplib/cfplib/fpinit.c                 0x00000000   Number         0  fpinit.o ABSOLUTE
    ../fplib/cfplib/nan2.c                   0x00000000   Number         0  dnan2.o ABSOLUTE
    ../fplib/cfplib/retnan.c                 0x00000000   Number         0  retnan.o ABSOLUTE
    ../fplib/deqf6m.s                        0x00000000   Number         0  deqf.o ABSOLUTE
    ../fplib/dgeqf6m.s                       0x00000000   Number         0  dgef.o ABSOLUTE
    ../fplib/dleqf6m.s                       0x00000000   Number         0  dlef.o ABSOLUTE
    ../fplib/fmul6m.s                        0x00000000   Number         0  fmul.o ABSOLUTE
    ../fplib/usenofp.s                       0x00000000   Number         0  usenofp.o ABSOLUTE
    _IQNasin_acos.c                          0x00000000   Number         0  _iqnasin_acos.o ABSOLUTE
    _IQNatan2.c                              0x00000000   Number         0  _iqnatan2.o ABSOLUTE
    _IQNdiv.c                                0x00000000   Number         0  _iqndiv.o ABSOLUTE
    _IQNexp.c                                0x00000000   Number         0  _iqnexp.o ABSOLUTE
    _IQNfrac.c                               0x00000000   Number         0  _iqnfrac.o ABSOLUTE
    _IQNlog.c                                0x00000000   Number         0  _iqnlog.o ABSOLUTE
    _IQNmpy.c                                0x00000000   Number         0  _iqnmpy.o ABSOLUTE
    _IQNmpyIQX.c                             0x00000000   Number         0  _iqnmpyiqx.o ABSOLUTE
    _IQNrepeat.c                             0x00000000   Number         0  _iqnrepeat.o ABSOLUTE
    _IQNrmpy.c                               0x00000000   Number         0  _iqnrmpy.o ABSOLUTE
    _IQNrsmpy.c                              0x00000000   Number         0  _iqnrsmpy.o ABSOLUTE
    _IQNsin_cos.c                            0x00000000   Number         0  _iqnsin_cos.o ABSOLUTE
    _IQNsqrt.c                               0x00000000   Number         0  _iqnsqrt.o ABSOLUTE
    _IQNtables.c                             0x00000000   Number         0  _iqntables.o ABSOLUTE
    _IQNtoF.c                                0x00000000   Number         0  _iqntof.o ABSOLUTE
    _IQNtoa.c                                0x00000000   Number         0  _iqntoa.o ABSOLUTE
    _IQNversion.c                            0x00000000   Number         0  _iqnversion.o ABSOLUTE
    _atoIQN.c                                0x00000000   Number         0  _atoiqn.o ABSOLUTE
    dc.s                                     0x00000000   Number         0  dc.o ABSOLUTE
    dl_common.c                              0x00000000   Number         0  dl_common.o ABSOLUTE
    empty.c                                  0x00000000   Number         0  empty.o ABSOLUTE
    startup_mspm0g350x_uvision.s             0x00000000   Number         0  startup_mspm0g350x_uvision.o ABSOLUTE
    ti_msp_dl_config.c                       0x00000000   Number         0  ti_msp_dl_config.o ABSOLUTE
    RESET                                    0x00000000   Section      192  startup_mspm0g350x_uvision.o(RESET)
    !!!main                                  0x000000c0   Section        8  __main.o(!!!main)
    !!!scatter                               0x000000c8   Section       84  __scatter.o(!!!scatter)
    !!handler_null                           0x00000120   Section        2  __scatter.o(!!handler_null)
    !!handler_zi                             0x00000128   Section       28  __scatter_zi.o(!!handler_zi)
    .ARM.Collect$$libinit$$00000000          0x00000144   Section        2  libinit.o(.ARM.Collect$$libinit$$00000000)
    .ARM.Collect$$libinit$$00000002          0x00000146   Section        0  libinit2.o(.ARM.Collect$$libinit$$00000002)
    .ARM.Collect$$libinit$$00000004          0x00000146   Section        0  libinit2.o(.ARM.Collect$$libinit$$00000004)
    .ARM.Collect$$libinit$$00000006          0x00000146   Section        0  libinit2.o(.ARM.Collect$$libinit$$00000006)
    .ARM.Collect$$libinit$$0000000C          0x00000146   Section        0  libinit2.o(.ARM.Collect$$libinit$$0000000C)
    .ARM.Collect$$libinit$$0000000E          0x00000146   Section        0  libinit2.o(.ARM.Collect$$libinit$$0000000E)
    .ARM.Collect$$libinit$$00000010          0x00000146   Section        0  libinit2.o(.ARM.Collect$$libinit$$00000010)
    .ARM.Collect$$libinit$$00000013          0x00000146   Section        0  libinit2.o(.ARM.Collect$$libinit$$00000013)
    .ARM.Collect$$libinit$$00000015          0x00000146   Section        0  libinit2.o(.ARM.Collect$$libinit$$00000015)
    .ARM.Collect$$libinit$$00000017          0x00000146   Section        0  libinit2.o(.ARM.Collect$$libinit$$00000017)
    .ARM.Collect$$libinit$$00000019          0x00000146   Section        0  libinit2.o(.ARM.Collect$$libinit$$00000019)
    .ARM.Collect$$libinit$$0000001B          0x00000146   Section        0  libinit2.o(.ARM.Collect$$libinit$$0000001B)
    .ARM.Collect$$libinit$$0000001D          0x00000146   Section        0  libinit2.o(.ARM.Collect$$libinit$$0000001D)
    .ARM.Collect$$libinit$$0000001F          0x00000146   Section        0  libinit2.o(.ARM.Collect$$libinit$$0000001F)
    .ARM.Collect$$libinit$$00000021          0x00000146   Section        0  libinit2.o(.ARM.Collect$$libinit$$00000021)
    .ARM.Collect$$libinit$$00000023          0x00000146   Section        0  libinit2.o(.ARM.Collect$$libinit$$00000023)
    .ARM.Collect$$libinit$$00000025          0x00000146   Section        0  libinit2.o(.ARM.Collect$$libinit$$00000025)
    .ARM.Collect$$libinit$$00000027          0x00000146   Section        0  libinit2.o(.ARM.Collect$$libinit$$00000027)
    .ARM.Collect$$libinit$$0000002E          0x00000146   Section        0  libinit2.o(.ARM.Collect$$libinit$$0000002E)
    .ARM.Collect$$libinit$$00000030          0x00000146   Section        0  libinit2.o(.ARM.Collect$$libinit$$00000030)
    .ARM.Collect$$libinit$$00000032          0x00000146   Section        0  libinit2.o(.ARM.Collect$$libinit$$00000032)
    .ARM.Collect$$libinit$$00000034          0x00000146   Section        0  libinit2.o(.ARM.Collect$$libinit$$00000034)
    .ARM.Collect$$libinit$$00000035          0x00000146   Section        2  libinit2.o(.ARM.Collect$$libinit$$00000035)
    .ARM.Collect$$libshutdown$$00000000      0x00000148   Section        2  libshutdown.o(.ARM.Collect$$libshutdown$$00000000)
    .ARM.Collect$$libshutdown$$00000002      0x0000014a   Section        0  libshutdown2.o(.ARM.Collect$$libshutdown$$00000002)
    .ARM.Collect$$libshutdown$$00000004      0x0000014a   Section        0  libshutdown2.o(.ARM.Collect$$libshutdown$$00000004)
    .ARM.Collect$$libshutdown$$00000007      0x0000014a   Section        0  libshutdown2.o(.ARM.Collect$$libshutdown$$00000007)
    .ARM.Collect$$libshutdown$$0000000A      0x0000014a   Section        0  libshutdown2.o(.ARM.Collect$$libshutdown$$0000000A)
    .ARM.Collect$$libshutdown$$0000000C      0x0000014a   Section        0  libshutdown2.o(.ARM.Collect$$libshutdown$$0000000C)
    .ARM.Collect$$libshutdown$$0000000F      0x0000014a   Section        0  libshutdown2.o(.ARM.Collect$$libshutdown$$0000000F)
    .ARM.Collect$$libshutdown$$00000010      0x0000014a   Section        2  libshutdown2.o(.ARM.Collect$$libshutdown$$00000010)
    .ARM.Collect$$rtentry$$00000000          0x0000014c   Section        0  __rtentry.o(.ARM.Collect$$rtentry$$00000000)
    .ARM.Collect$$rtentry$$00000002          0x0000014c   Section        0  __rtentry2.o(.ARM.Collect$$rtentry$$00000002)
    .ARM.Collect$$rtentry$$00000004          0x0000014c   Section        6  __rtentry4.o(.ARM.Collect$$rtentry$$00000004)
    .ARM.Collect$$rtentry$$00000009          0x00000152   Section        0  __rtentry2.o(.ARM.Collect$$rtentry$$00000009)
    .ARM.Collect$$rtentry$$0000000A          0x00000152   Section        4  __rtentry2.o(.ARM.Collect$$rtentry$$0000000A)
    .ARM.Collect$$rtentry$$0000000C          0x00000156   Section        0  __rtentry2.o(.ARM.Collect$$rtentry$$0000000C)
    .ARM.Collect$$rtentry$$0000000D          0x00000156   Section        8  __rtentry2.o(.ARM.Collect$$rtentry$$0000000D)
    .ARM.Collect$$rtexit$$00000000           0x0000015e   Section        2  rtexit.o(.ARM.Collect$$rtexit$$00000000)
    .ARM.Collect$$rtexit$$00000002           0x00000160   Section        0  rtexit2.o(.ARM.Collect$$rtexit$$00000002)
    .ARM.Collect$$rtexit$$00000003           0x00000160   Section        4  rtexit2.o(.ARM.Collect$$rtexit$$00000003)
    .ARM.Collect$$rtexit$$00000004           0x00000164   Section        6  rtexit2.o(.ARM.Collect$$rtexit$$00000004)
    .text                                    0x0000016c   Section       44  startup_mspm0g350x_uvision.o(.text)
    .text                                    0x00000198   Section        0  heapauxi.o(.text)
    _dadd1                                   0x000001a1   Thumb Code   290  daddsub.o(.text)
    .text                                    0x000001a0   Section        0  daddsub.o(.text)
    _dsub1                                   0x000002c3   Thumb Code   470  daddsub.o(.text)
    .text                                    0x000004f8   Section        0  f2d.o(.text)
    .text                                    0x0000054c   Section        0  dcmpin.o(.text)
    .text                                    0x000005ec   Section       62  sys_stackheap_outer.o(.text)
    .text                                    0x0000062a   Section        0  exit.o(.text)
    .text                                    0x0000063a   Section        0  cmpret.o(.text)
    .text                                    0x00000668   Section        0  dnan2.o(.text)
    .text                                    0x0000067c   Section        8  libspace.o(.text)
    .text                                    0x00000684   Section        0  retnan.o(.text)
    .text                                    0x000006e4   Section        0  sys_exit.o(.text)
    .text                                    0x000006f0   Section        2  use_no_semi.o(.text)
    [Anonymous Symbol]                       0x000006f2   Section        0  dl_common.o(.text.DL_Common_delayCycles)
    .text                                    0x000006f2   Section        0  indicate_semi.o(.text)
    [Anonymous Symbol]                       0x000006fc   Section        0  ti_msp_dl_config.o(.text.SYSCFG_DL_GPIO_init)
    __arm_cp.2_0                             0x0000070c   Number         4  ti_msp_dl_config.o(.text.SYSCFG_DL_GPIO_init)
    __arm_cp.2_1                             0x00000710   Number         4  ti_msp_dl_config.o(.text.SYSCFG_DL_GPIO_init)
    [Anonymous Symbol]                       0x00000714   Section        0  ti_msp_dl_config.o(.text.SYSCFG_DL_SYSCTL_init)
    __arm_cp.3_0                             0x0000074c   Number         4  ti_msp_dl_config.o(.text.SYSCFG_DL_SYSCTL_init)
    __arm_cp.3_1                             0x00000750   Number         4  ti_msp_dl_config.o(.text.SYSCFG_DL_SYSCTL_init)
    [Anonymous Symbol]                       0x00000754   Section        0  ti_msp_dl_config.o(.text.SYSCFG_DL_init)
    [Anonymous Symbol]                       0x00000764   Section        0  ti_msp_dl_config.o(.text.SYSCFG_DL_initPower)
    __arm_cp.1_0                             0x00000780   Number         4  ti_msp_dl_config.o(.text.SYSCFG_DL_initPower)
    __arm_cp.1_1                             0x00000784   Number         4  ti_msp_dl_config.o(.text.SYSCFG_DL_initPower)
    __arm_cp.1_2                             0x00000788   Number         4  ti_msp_dl_config.o(.text.SYSCFG_DL_initPower)
    __arm_cp.1_3                             0x0000078c   Number         4  ti_msp_dl_config.o(.text.SYSCFG_DL_initPower)
    [Anonymous Symbol]                       0x00000790   Section        0  _iqntof.o(.text._IQ24toF)
    [Anonymous Symbol]                       0x000007c8   Section        0  empty.o(.text.main)
    __arm_cp.1_0                             0x0000085c   Number         4  empty.o(.text.main)
    __arm_cp.1_1                             0x00000860   Number         4  empty.o(.text.main)
    __arm_cp.1_2                             0x00000864   Number         4  empty.o(.text.main)
    __arm_cp.1_3                             0x00000868   Number         4  empty.o(.text.main)
    i._dgeq                                  0x0000086c   Section        0  dcmp.o(i._dgeq)
    i._dgr                                   0x00000882   Section        0  dcmp.o(i._dgr)
    x$fpl$dgeqf                              0x00000898   Section      100  dgef.o(x$fpl$dgeqf)
    x$fpl$fmul                               0x000008fc   Section      176  fmul.o(x$fpl$fmul)
    x$fpl$usenofp                            0x000009ac   Section        0  usenofp.o(x$fpl$usenofp)
    .bss                                     0x20200000   Section       96  libspace.o(.bss)
    Heap_Mem                                 0x20200068   Data           0  startup_mspm0g350x_uvision.o(HEAP)
    Stack_Mem                                0x20200068   Data         256  startup_mspm0g350x_uvision.o(STACK)
    HEAP                                     0x20200068   Section        0  startup_mspm0g350x_uvision.o(HEAP)
    STACK                                    0x20200068   Section      256  startup_mspm0g350x_uvision.o(STACK)
    __initial_sp                             0x20200168   Data           0  startup_mspm0g350x_uvision.o(STACK)

    Global Symbols

    Symbol Name                              Value     Ov Type        Size  Object(Section)

    BuildAttributes$$THM_ISAv3M$S$PE$A:L22$X:L11$S22$IEEE1$IW$~IW$USESV6$~STKCKD$USESV7$~SHL$OTIME$ROPI$EBA8$UX$STANDARDLIB$REQ8$PRES8$EABIv2 0x00000000   Number         0  anon$$obj.o ABSOLUTE
    __Vectors                                0x00000000   Data           4  startup_mspm0g350x_uvision.o(RESET)
    __ARM_exceptions_init                     - Undefined Weak Reference
    __alloca_initialize                       - Undefined Weak Reference
    __arm_preinit_                            - Undefined Weak Reference
    __arm_relocate_pie_                       - Undefined Weak Reference
    __cpp_initialize__aeabi_                  - Undefined Weak Reference
    __cxa_finalize                            - Undefined Weak Reference
    __rt_locale                               - Undefined Weak Reference
    __sigvec_lookup                           - Undefined Weak Reference
    _atexit_init                              - Undefined Weak Reference
    _call_atexit_fns                          - Undefined Weak Reference
    _clock_init                               - Undefined Weak Reference
    _fp_trap_init                             - Undefined Weak Reference
    _fp_trap_shutdown                         - Undefined Weak Reference
    _get_lc_collate                           - Undefined Weak Reference
    _get_lc_ctype                             - Undefined Weak Reference
    _get_lc_monetary                          - Undefined Weak Reference
    _get_lc_numeric                           - Undefined Weak Reference
    _get_lc_time                              - Undefined Weak Reference
    _getenv_init                              - Undefined Weak Reference
    _handle_redirection                       - Undefined Weak Reference
    _init_alloc                               - Undefined Weak Reference
    _init_user_alloc                          - Undefined Weak Reference
    _initio                                   - Undefined Weak Reference
    _rand_init                                - Undefined Weak Reference
    _signal_finish                            - Undefined Weak Reference
    _signal_init                              - Undefined Weak Reference
    _terminate_alloc                          - Undefined Weak Reference
    _terminate_user_alloc                     - Undefined Weak Reference
    _terminateio                              - Undefined Weak Reference
    __Vectors_End                            0x000000c0   Data           0  startup_mspm0g350x_uvision.o(RESET)
    __Vectors_Size                           0x000000c0   Number         0  startup_mspm0g350x_uvision.o ABSOLUTE
    __main                                   0x000000c1   Thumb Code     8  __main.o(!!!main)
    __scatterload                            0x000000c9   Thumb Code     0  __scatter.o(!!!scatter)
    __scatterload_rt2                        0x000000c9   Thumb Code    74  __scatter.o(!!!scatter)
    __scatterload_rt2_thumb_only             0x000000c9   Thumb Code     0  __scatter.o(!!!scatter)
    __scatterload_loop                       0x000000d3   Thumb Code     0  __scatter.o(!!!scatter)
    __scatterload_null                       0x00000121   Thumb Code     2  __scatter.o(!!handler_null)
    __scatterload_zeroinit                   0x00000129   Thumb Code    28  __scatter_zi.o(!!handler_zi)
    __rt_lib_init                            0x00000145   Thumb Code     0  libinit.o(.ARM.Collect$$libinit$$00000000)
    __rt_lib_init_alloca_1                   0x00000147   Thumb Code     0  libinit2.o(.ARM.Collect$$libinit$$00000030)
    __rt_lib_init_argv_1                     0x00000147   Thumb Code     0  libinit2.o(.ARM.Collect$$libinit$$0000002E)
    __rt_lib_init_atexit_1                   0x00000147   Thumb Code     0  libinit2.o(.ARM.Collect$$libinit$$0000001D)
    __rt_lib_init_clock_1                    0x00000147   Thumb Code     0  libinit2.o(.ARM.Collect$$libinit$$00000023)
    __rt_lib_init_cpp_1                      0x00000147   Thumb Code     0  libinit2.o(.ARM.Collect$$libinit$$00000034)
    __rt_lib_init_exceptions_1               0x00000147   Thumb Code     0  libinit2.o(.ARM.Collect$$libinit$$00000032)
    __rt_lib_init_fp_1                       0x00000147   Thumb Code     0  libinit2.o(.ARM.Collect$$libinit$$00000002)
    __rt_lib_init_fp_trap_1                  0x00000147   Thumb Code     0  libinit2.o(.ARM.Collect$$libinit$$00000021)
    __rt_lib_init_getenv_1                   0x00000147   Thumb Code     0  libinit2.o(.ARM.Collect$$libinit$$00000025)
    __rt_lib_init_heap_1                     0x00000147   Thumb Code     0  libinit2.o(.ARM.Collect$$libinit$$0000000C)
    __rt_lib_init_lc_collate_1               0x00000147   Thumb Code     0  libinit2.o(.ARM.Collect$$libinit$$00000013)
    __rt_lib_init_lc_ctype_1                 0x00000147   Thumb Code     0  libinit2.o(.ARM.Collect$$libinit$$00000015)
    __rt_lib_init_lc_monetary_1              0x00000147   Thumb Code     0  libinit2.o(.ARM.Collect$$libinit$$00000017)
    __rt_lib_init_lc_numeric_1               0x00000147   Thumb Code     0  libinit2.o(.ARM.Collect$$libinit$$00000019)
    __rt_lib_init_lc_time_1                  0x00000147   Thumb Code     0  libinit2.o(.ARM.Collect$$libinit$$0000001B)
    __rt_lib_init_preinit_1                  0x00000147   Thumb Code     0  libinit2.o(.ARM.Collect$$libinit$$00000006)
    __rt_lib_init_rand_1                     0x00000147   Thumb Code     0  libinit2.o(.ARM.Collect$$libinit$$00000010)
    __rt_lib_init_relocate_pie_1             0x00000147   Thumb Code     0  libinit2.o(.ARM.Collect$$libinit$$00000004)
    __rt_lib_init_return                     0x00000147   Thumb Code     0  libinit2.o(.ARM.Collect$$libinit$$00000035)
    __rt_lib_init_signal_1                   0x00000147   Thumb Code     0  libinit2.o(.ARM.Collect$$libinit$$0000001F)
    __rt_lib_init_stdio_1                    0x00000147   Thumb Code     0  libinit2.o(.ARM.Collect$$libinit$$00000027)
    __rt_lib_init_user_alloc_1               0x00000147   Thumb Code     0  libinit2.o(.ARM.Collect$$libinit$$0000000E)
    __rt_lib_shutdown                        0x00000149   Thumb Code     0  libshutdown.o(.ARM.Collect$$libshutdown$$00000000)
    __rt_lib_shutdown_cpp_1                  0x0000014b   Thumb Code     0  libshutdown2.o(.ARM.Collect$$libshutdown$$00000002)
    __rt_lib_shutdown_fp_trap_1              0x0000014b   Thumb Code     0  libshutdown2.o(.ARM.Collect$$libshutdown$$00000007)
    __rt_lib_shutdown_heap_1                 0x0000014b   Thumb Code     0  libshutdown2.o(.ARM.Collect$$libshutdown$$0000000F)
    __rt_lib_shutdown_return                 0x0000014b   Thumb Code     0  libshutdown2.o(.ARM.Collect$$libshutdown$$00000010)
    __rt_lib_shutdown_signal_1               0x0000014b   Thumb Code     0  libshutdown2.o(.ARM.Collect$$libshutdown$$0000000A)
    __rt_lib_shutdown_stdio_1                0x0000014b   Thumb Code     0  libshutdown2.o(.ARM.Collect$$libshutdown$$00000004)
    __rt_lib_shutdown_user_alloc_1           0x0000014b   Thumb Code     0  libshutdown2.o(.ARM.Collect$$libshutdown$$0000000C)
    __rt_entry                               0x0000014d   Thumb Code     0  __rtentry.o(.ARM.Collect$$rtentry$$00000000)
    __rt_entry_presh_1                       0x0000014d   Thumb Code     0  __rtentry2.o(.ARM.Collect$$rtentry$$00000002)
    __rt_entry_sh                            0x0000014d   Thumb Code     0  __rtentry4.o(.ARM.Collect$$rtentry$$00000004)
    __rt_entry_li                            0x00000153   Thumb Code     0  __rtentry2.o(.ARM.Collect$$rtentry$$0000000A)
    __rt_entry_postsh_1                      0x00000153   Thumb Code     0  __rtentry2.o(.ARM.Collect$$rtentry$$00000009)
    __rt_entry_main                          0x00000157   Thumb Code     0  __rtentry2.o(.ARM.Collect$$rtentry$$0000000D)
    __rt_entry_postli_1                      0x00000157   Thumb Code     0  __rtentry2.o(.ARM.Collect$$rtentry$$0000000C)
    __rt_exit                                0x0000015f   Thumb Code     0  rtexit.o(.ARM.Collect$$rtexit$$00000000)
    __rt_exit_ls                             0x00000161   Thumb Code     0  rtexit2.o(.ARM.Collect$$rtexit$$00000003)
    __rt_exit_prels_1                        0x00000161   Thumb Code     0  rtexit2.o(.ARM.Collect$$rtexit$$00000002)
    __rt_exit_exit                           0x00000165   Thumb Code     0  rtexit2.o(.ARM.Collect$$rtexit$$00000004)
    Reset_Handler                            0x0000016d   Thumb Code     4  startup_mspm0g350x_uvision.o(.text)
    NMI_Handler                              0x00000171   Thumb Code     2  startup_mspm0g350x_uvision.o(.text)
    HardFault_Handler                        0x00000173   Thumb Code     2  startup_mspm0g350x_uvision.o(.text)
    SVC_Handler                              0x00000175   Thumb Code     2  startup_mspm0g350x_uvision.o(.text)
    PendSV_Handler                           0x00000177   Thumb Code     2  startup_mspm0g350x_uvision.o(.text)
    SysTick_Handler                          0x00000179   Thumb Code     2  startup_mspm0g350x_uvision.o(.text)
    ADC0_IRQHandler                          0x0000017b   Thumb Code     0  startup_mspm0g350x_uvision.o(.text)
    ADC1_IRQHandler                          0x0000017b   Thumb Code     0  startup_mspm0g350x_uvision.o(.text)
    AES_IRQHandler                           0x0000017b   Thumb Code     0  startup_mspm0g350x_uvision.o(.text)
    CANFD0_IRQHandler                        0x0000017b   Thumb Code     0  startup_mspm0g350x_uvision.o(.text)
    DAC0_IRQHandler                          0x0000017b   Thumb Code     0  startup_mspm0g350x_uvision.o(.text)
    DMA_IRQHandler                           0x0000017b   Thumb Code     0  startup_mspm0g350x_uvision.o(.text)
    Default_Handler                          0x0000017b   Thumb Code     2  startup_mspm0g350x_uvision.o(.text)
    GROUP0_IRQHandler                        0x0000017b   Thumb Code     0  startup_mspm0g350x_uvision.o(.text)
    GROUP1_IRQHandler                        0x0000017b   Thumb Code     0  startup_mspm0g350x_uvision.o(.text)
    I2C0_IRQHandler                          0x0000017b   Thumb Code     0  startup_mspm0g350x_uvision.o(.text)
    I2C1_IRQHandler                          0x0000017b   Thumb Code     0  startup_mspm0g350x_uvision.o(.text)
    RTC_IRQHandler                           0x0000017b   Thumb Code     0  startup_mspm0g350x_uvision.o(.text)
    SPI0_IRQHandler                          0x0000017b   Thumb Code     0  startup_mspm0g350x_uvision.o(.text)
    SPI1_IRQHandler                          0x0000017b   Thumb Code     0  startup_mspm0g350x_uvision.o(.text)
    TIMA0_IRQHandler                         0x0000017b   Thumb Code     0  startup_mspm0g350x_uvision.o(.text)
    TIMA1_IRQHandler                         0x0000017b   Thumb Code     0  startup_mspm0g350x_uvision.o(.text)
    TIMG0_IRQHandler                         0x0000017b   Thumb Code     0  startup_mspm0g350x_uvision.o(.text)
    TIMG12_IRQHandler                        0x0000017b   Thumb Code     0  startup_mspm0g350x_uvision.o(.text)
    TIMG6_IRQHandler                         0x0000017b   Thumb Code     0  startup_mspm0g350x_uvision.o(.text)
    TIMG7_IRQHandler                         0x0000017b   Thumb Code     0  startup_mspm0g350x_uvision.o(.text)
    TIMG8_IRQHandler                         0x0000017b   Thumb Code     0  startup_mspm0g350x_uvision.o(.text)
    UART0_IRQHandler                         0x0000017b   Thumb Code     0  startup_mspm0g350x_uvision.o(.text)
    UART1_IRQHandler                         0x0000017b   Thumb Code     0  startup_mspm0g350x_uvision.o(.text)
    UART2_IRQHandler                         0x0000017b   Thumb Code     0  startup_mspm0g350x_uvision.o(.text)
    UART3_IRQHandler                         0x0000017b   Thumb Code     0  startup_mspm0g350x_uvision.o(.text)
    __user_initial_stackheap                 0x0000017d   Thumb Code    10  startup_mspm0g350x_uvision.o(.text)
    __use_two_region_memory                  0x00000199   Thumb Code     2  heapauxi.o(.text)
    __rt_heap_escrow$2region                 0x0000019b   Thumb Code     2  heapauxi.o(.text)
    __rt_heap_expand$2region                 0x0000019d   Thumb Code     2  heapauxi.o(.text)
    __aeabi_dadd                             0x00000499   Thumb Code     0  daddsub.o(.text)
    _dadd                                    0x00000499   Thumb Code    26  daddsub.o(.text)
    __aeabi_dsub                             0x000004b3   Thumb Code     0  daddsub.o(.text)
    _dsub                                    0x000004b3   Thumb Code    22  daddsub.o(.text)
    __aeabi_drsub                            0x000004c9   Thumb Code     0  daddsub.o(.text)
    _drsb                                    0x000004c9   Thumb Code    28  daddsub.o(.text)
    __aeabi_f2d                              0x000004f9   Thumb Code     0  f2d.o(.text)
    _f2d                                     0x000004f9   Thumb Code    80  f2d.o(.text)
    __fpl_dcmp_InfNaN                        0x0000054d   Thumb Code   154  dcmpin.o(.text)
    __user_setup_stackheap                   0x000005ed   Thumb Code    62  sys_stackheap_outer.o(.text)
    exit                                     0x0000062b   Thumb Code    16  exit.o(.text)
    __fpl_cmpreturn                          0x0000063b   Thumb Code    46  cmpret.o(.text)
    __fpl_dcheck_NaN2                        0x00000669   Thumb Code    14  dnan2.o(.text)
    __user_libspace                          0x0000067d   Thumb Code     8  libspace.o(.text)
    __user_perproc_libspace                  0x0000067d   Thumb Code     0  libspace.o(.text)
    __user_perthread_libspace                0x0000067d   Thumb Code     0  libspace.o(.text)
    __fpl_return_NaN                         0x00000685   Thumb Code    94  retnan.o(.text)
    _sys_exit                                0x000006e5   Thumb Code     8  sys_exit.o(.text)
    __I$use$semihosting                      0x000006f1   Thumb Code     0  use_no_semi.o(.text)
    __use_no_semihosting_swi                 0x000006f1   Thumb Code     2  use_no_semi.o(.text)
    DL_Common_delayCycles                    0x000006f3   Thumb Code    10  dl_common.o(.text.DL_Common_delayCycles)
    __semihosting_library_function           0x000006f3   Thumb Code     0  indicate_semi.o(.text)
    SYSCFG_DL_GPIO_init                      0x000006fd   Thumb Code    16  ti_msp_dl_config.o(.text.SYSCFG_DL_GPIO_init)
    SYSCFG_DL_SYSCTL_init                    0x00000715   Thumb Code    56  ti_msp_dl_config.o(.text.SYSCFG_DL_SYSCTL_init)
    SYSCFG_DL_init                           0x00000755   Thumb Code    16  ti_msp_dl_config.o(.text.SYSCFG_DL_init)
    SYSCFG_DL_initPower                      0x00000765   Thumb Code    28  ti_msp_dl_config.o(.text.SYSCFG_DL_initPower)
    _IQ24toF                                 0x00000791   Thumb Code    56  _iqntof.o(.text._IQ24toF)
    main                                     0x000007c9   Thumb Code   148  empty.o(.text.main)
    __aeabi_dcmpge                           0x0000086d   Thumb Code     0  dcmp.o(i._dgeq)
    _dgeq                                    0x0000086d   Thumb Code    22  dcmp.o(i._dgeq)
    __aeabi_dcmpgt                           0x00000883   Thumb Code     0  dcmp.o(i._dgr)
    _dgr                                     0x00000883   Thumb Code    22  dcmp.o(i._dgr)
    _dcmpge                                  0x00000899   Thumb Code    94  dgef.o(x$fpl$dgeqf)
    __aeabi_fmul                             0x000008fd   Thumb Code     0  fmul.o(x$fpl$fmul)
    _fmul                                    0x000008fd   Thumb Code   172  fmul.o(x$fpl$fmul)
    __I$use$fp                               0x000009ac   Number         0  usenofp.o(x$fpl$usenofp)
    Region$$Table$$Base                      0x000009b0   Number         0  anon$$obj.o(Region$$Table)
    Region$$Table$$Limit                     0x000009c0   Number         0  anon$$obj.o(Region$$Table)
    __libspace_start                         0x20200000   Data          96  libspace.o(.bss)
    __temporary_stack_top$libspace           0x20200060   Data           0  libspace.o(.bss)
    gErrorTolerance                          0x20200060   Data           4  empty.o(.bss.gErrorTolerance)
    gTestFailure                             0x20200064   Data           1  empty.o(.bss.gTestFailure)



==============================================================================

Memory Map of the image

  Image Entry point : 0x000000c1

  Load Region LR_IROM1 (Base: 0x00000000, Size: 0x000009c0, Max: 0x00020000, ABSOLUTE)

    Execution Region ER_IROM1 (Exec base: 0x00000000, Load base: 0x00000000, Size: 0x000009c0, Max: 0x00020000, ABSOLUTE)

    Exec Addr    Load Addr    Size         Type   Attr      Idx    E Section Name        Object

    0x00000000   0x00000000   0x000000c0   Data   RO           18    RESET               startup_mspm0g350x_uvision.o
    0x000000c0   0x000000c0   0x00000008   Code   RO         1525  * !!!main             c_p.l(__main.o)
    0x000000c8   0x000000c8   0x00000054   Code   RO         1725    !!!scatter          c_p.l(__scatter.o)
    0x0000011c   0x0000011c   0x00000004   PAD
    0x00000120   0x00000120   0x00000002   Code   RO         1726    !!handler_null      c_p.l(__scatter.o)
    0x00000122   0x00000122   0x00000006   PAD
    0x00000128   0x00000128   0x0000001c   Code   RO         1729    !!handler_zi        c_p.l(__scatter_zi.o)
    0x00000144   0x00000144   0x00000002   Code   RO         1580    .ARM.Collect$$libinit$$00000000  c_p.l(libinit.o)
    0x00000146   0x00000146   0x00000000   Code   RO         1592    .ARM.Collect$$libinit$$00000002  c_p.l(libinit2.o)
    0x00000146   0x00000146   0x00000000   Code   RO         1594    .ARM.Collect$$libinit$$00000004  c_p.l(libinit2.o)
    0x00000146   0x00000146   0x00000000   Code   RO         1596    .ARM.Collect$$libinit$$00000006  c_p.l(libinit2.o)
    0x00000146   0x00000146   0x00000000   Code   RO         1599    .ARM.Collect$$libinit$$0000000C  c_p.l(libinit2.o)
    0x00000146   0x00000146   0x00000000   Code   RO         1601    .ARM.Collect$$libinit$$0000000E  c_p.l(libinit2.o)
    0x00000146   0x00000146   0x00000000   Code   RO         1603    .ARM.Collect$$libinit$$00000010  c_p.l(libinit2.o)
    0x00000146   0x00000146   0x00000000   Code   RO         1606    .ARM.Collect$$libinit$$00000013  c_p.l(libinit2.o)
    0x00000146   0x00000146   0x00000000   Code   RO         1608    .ARM.Collect$$libinit$$00000015  c_p.l(libinit2.o)
    0x00000146   0x00000146   0x00000000   Code   RO         1610    .ARM.Collect$$libinit$$00000017  c_p.l(libinit2.o)
    0x00000146   0x00000146   0x00000000   Code   RO         1612    .ARM.Collect$$libinit$$00000019  c_p.l(libinit2.o)
    0x00000146   0x00000146   0x00000000   Code   RO         1614    .ARM.Collect$$libinit$$0000001B  c_p.l(libinit2.o)
    0x00000146   0x00000146   0x00000000   Code   RO         1616    .ARM.Collect$$libinit$$0000001D  c_p.l(libinit2.o)
    0x00000146   0x00000146   0x00000000   Code   RO         1618    .ARM.Collect$$libinit$$0000001F  c_p.l(libinit2.o)
    0x00000146   0x00000146   0x00000000   Code   RO         1620    .ARM.Collect$$libinit$$00000021  c_p.l(libinit2.o)
    0x00000146   0x00000146   0x00000000   Code   RO         1622    .ARM.Collect$$libinit$$00000023  c_p.l(libinit2.o)
    0x00000146   0x00000146   0x00000000   Code   RO         1624    .ARM.Collect$$libinit$$00000025  c_p.l(libinit2.o)
    0x00000146   0x00000146   0x00000000   Code   RO         1626    .ARM.Collect$$libinit$$00000027  c_p.l(libinit2.o)
    0x00000146   0x00000146   0x00000000   Code   RO         1630    .ARM.Collect$$libinit$$0000002E  c_p.l(libinit2.o)
    0x00000146   0x00000146   0x00000000   Code   RO         1632    .ARM.Collect$$libinit$$00000030  c_p.l(libinit2.o)
    0x00000146   0x00000146   0x00000000   Code   RO         1634    .ARM.Collect$$libinit$$00000032  c_p.l(libinit2.o)
    0x00000146   0x00000146   0x00000000   Code   RO         1636    .ARM.Collect$$libinit$$00000034  c_p.l(libinit2.o)
    0x00000146   0x00000146   0x00000002   Code   RO         1637    .ARM.Collect$$libinit$$00000035  c_p.l(libinit2.o)
    0x00000148   0x00000148   0x00000002   Code   RO         1661    .ARM.Collect$$libshutdown$$00000000  c_p.l(libshutdown.o)
    0x0000014a   0x0000014a   0x00000000   Code   RO         1676    .ARM.Collect$$libshutdown$$00000002  c_p.l(libshutdown2.o)
    0x0000014a   0x0000014a   0x00000000   Code   RO         1678    .ARM.Collect$$libshutdown$$00000004  c_p.l(libshutdown2.o)
    0x0000014a   0x0000014a   0x00000000   Code   RO         1681    .ARM.Collect$$libshutdown$$00000007  c_p.l(libshutdown2.o)
    0x0000014a   0x0000014a   0x00000000   Code   RO         1684    .ARM.Collect$$libshutdown$$0000000A  c_p.l(libshutdown2.o)
    0x0000014a   0x0000014a   0x00000000   Code   RO         1686    .ARM.Collect$$libshutdown$$0000000C  c_p.l(libshutdown2.o)
    0x0000014a   0x0000014a   0x00000000   Code   RO         1689    .ARM.Collect$$libshutdown$$0000000F  c_p.l(libshutdown2.o)
    0x0000014a   0x0000014a   0x00000002   Code   RO         1690    .ARM.Collect$$libshutdown$$00000010  c_p.l(libshutdown2.o)
    0x0000014c   0x0000014c   0x00000000   Code   RO         1545    .ARM.Collect$$rtentry$$00000000  c_p.l(__rtentry.o)
    0x0000014c   0x0000014c   0x00000000   Code   RO         1554    .ARM.Collect$$rtentry$$00000002  c_p.l(__rtentry2.o)
    0x0000014c   0x0000014c   0x00000006   Code   RO         1566    .ARM.Collect$$rtentry$$00000004  c_p.l(__rtentry4.o)
    0x00000152   0x00000152   0x00000000   Code   RO         1556    .ARM.Collect$$rtentry$$00000009  c_p.l(__rtentry2.o)
    0x00000152   0x00000152   0x00000004   Code   RO         1557    .ARM.Collect$$rtentry$$0000000A  c_p.l(__rtentry2.o)
    0x00000156   0x00000156   0x00000000   Code   RO         1559    .ARM.Collect$$rtentry$$0000000C  c_p.l(__rtentry2.o)
    0x00000156   0x00000156   0x00000008   Code   RO         1560    .ARM.Collect$$rtentry$$0000000D  c_p.l(__rtentry2.o)
    0x0000015e   0x0000015e   0x00000002   Code   RO         1589    .ARM.Collect$$rtexit$$00000000  c_p.l(rtexit.o)
    0x00000160   0x00000160   0x00000000   Code   RO         1641    .ARM.Collect$$rtexit$$00000002  c_p.l(rtexit2.o)
    0x00000160   0x00000160   0x00000004   Code   RO         1642    .ARM.Collect$$rtexit$$00000003  c_p.l(rtexit2.o)
    0x00000164   0x00000164   0x00000006   Code   RO         1643    .ARM.Collect$$rtexit$$00000004  c_p.l(rtexit2.o)
    0x0000016a   0x0000016a   0x00000002   PAD
    0x0000016c   0x0000016c   0x0000002c   Code   RO           19    .text               startup_mspm0g350x_uvision.o
    0x00000198   0x00000198   0x00000006   Code   RO         1523    .text               c_p.l(heapauxi.o)
    0x0000019e   0x0000019e   0x00000002   PAD
    0x000001a0   0x000001a0   0x00000358   Code   RO         1527    .text               fz_ps.l(daddsub.o)
    0x000004f8   0x000004f8   0x00000054   Code   RO         1541    .text               fz_ps.l(f2d.o)
    0x0000054c   0x0000054c   0x000000a0   Code   RO         1568    .text               fz_ps.l(dcmpin.o)
    0x000005ec   0x000005ec   0x0000003e   Code   RO         1570    .text               c_p.l(sys_stackheap_outer.o)
    0x0000062a   0x0000062a   0x00000010   Code   RO         1573    .text               c_p.l(exit.o)
    0x0000063a   0x0000063a   0x0000002e   Code   RO         1581    .text               fz_ps.l(cmpret.o)
    0x00000668   0x00000668   0x00000014   Code   RO         1583    .text               fz_ps.l(dnan2.o)
    0x0000067c   0x0000067c   0x00000008   Code   RO         1585    .text               c_p.l(libspace.o)
    0x00000684   0x00000684   0x0000005e   Code   RO         1638    .text               fz_ps.l(retnan.o)
    0x000006e2   0x000006e2   0x00000002   PAD
    0x000006e4   0x000006e4   0x0000000c   Code   RO         1651    .text               c_p.l(sys_exit.o)
    0x000006f0   0x000006f0   0x00000002   Code   RO         1666    .text               c_p.l(use_no_semi.o)
    0x000006f2   0x000006f2   0x00000000   Code   RO         1668    .text               c_p.l(indicate_semi.o)
    0x000006f2   0x000006f2   0x0000000a   Code   RO         1507    .text.DL_Common_delayCycles  driverlib.a(dl_common.o)
    0x000006fc   0x000006fc   0x00000018   Code   RO           30    .text.SYSCFG_DL_GPIO_init  ti_msp_dl_config.o
    0x00000714   0x00000714   0x00000040   Code   RO           32    .text.SYSCFG_DL_SYSCTL_init  ti_msp_dl_config.o
    0x00000754   0x00000754   0x00000010   Code   RO           26    .text.SYSCFG_DL_init  ti_msp_dl_config.o
    0x00000764   0x00000764   0x0000002c   Code   RO           28    .text.SYSCFG_DL_initPower  ti_msp_dl_config.o
    0x00000790   0x00000790   0x00000038   Code   RO         1442    .text._IQ24toF      _iqntof.o
    0x000007c8   0x000007c8   0x000000a4   Code   RO            4    .text.main          empty.o
    0x0000086c   0x0000086c   0x00000016   Code   RO         1530    i._dgeq             fz_ps.l(dcmp.o)
    0x00000882   0x00000882   0x00000016   Code   RO         1531    i._dgr              fz_ps.l(dcmp.o)
    0x00000898   0x00000898   0x00000064   Code   RO         1548    x$fpl$dgeqf         fz_ps.l(dgef.o)
    0x000008fc   0x000008fc   0x000000b0   Code   RO         1543    x$fpl$fmul          fz_ps.l(fmul.o)
    0x000009ac   0x000009ac   0x00000000   Code   RO         1552    x$fpl$usenofp       fz_ps.l(usenofp.o)
    0x000009ac   0x000009ac   0x00000004   PAD
    0x000009b0   0x000009b0   0x00000010   Data   RO         1724    Region$$Table       anon$$obj.o


    Execution Region RW_IRAM2 (Exec base: 0x20200000, Load base: 0x000009c0, Size: 0x00000168, Max: 0x00008000, ABSOLUTE)

    Exec Addr    Load Addr    Size         Type   Attr      Idx    E Section Name        Object

    0x20200000        -       0x00000060   Zero   RW         1586    .bss                c_p.l(libspace.o)
    0x20200060        -       0x00000004   Zero   RW            6    .bss.gErrorTolerance  empty.o
    0x20200064        -       0x00000001   Zero   RW            7    .bss.gTestFailure   empty.o
    0x20200065   0x000009c0   0x00000003   PAD
    0x20200068        -       0x00000000   Zero   RW           17    HEAP                startup_mspm0g350x_uvision.o
    0x20200068        -       0x00000100   Zero   RW           16    STACK               startup_mspm0g350x_uvision.o



  Load Region LR_BCR (Base: 0x41c00000, Size: 0x00000000, Max: 0x00000100, ABSOLUTE)

    Execution Region BCR_CONFIG (Exec base: 0x41c00000, Load base: 0x41c00000, Size: 0x00000000, Max: 0x000000ff, ABSOLUTE)

    **** No section assigned to this execution region ****



  Load Region LR_BSL (Base: 0x41c00100, Size: 0x00000000, Max: 0x00000100, ABSOLUTE)

    Execution Region BSL_CONFIG (Exec base: 0x41c00100, Load base: 0x41c00100, Size: 0x00000000, Max: 0x00000080, ABSOLUTE)

    **** No section assigned to this execution region ****


==============================================================================

Image component sizes


      Code (inc. data)   RO Data    RW Data    ZI Data      Debug   Object Name

        56          0          0          0          0      15829   _iqntof.o
       164         16          0          0          5       1554   empty.o
        44         18        192          0        256        672   startup_mspm0g350x_uvision.o
       148         32          0          0          0       9335   ti_msp_dl_config.o

    ----------------------------------------------------------------------
       412         66        208          0        264      27390   Object Totals
         0          0         16          0          0          0   (incl. Generated)
         0          0          0          0          3          0   (incl. Padding)

    ----------------------------------------------------------------------

      Code (inc. data)   RO Data    RW Data    ZI Data      Debug   Library Member Name

         8          0          0          0          0         68   __main.o
         0          0          0          0          0          0   __rtentry.o
        12          0          0          0          0          0   __rtentry2.o
         6          0          0          0          0          0   __rtentry4.o
        86         10          0          0          0          0   __scatter.o
        28          0          0          0          0          0   __scatter_zi.o
        16          0          0          0          0         68   exit.o
         6          0          0          0          0        136   heapauxi.o
         0          0          0          0          0          0   indicate_semi.o
         2          0          0          0          0          0   libinit.o
         2          0          0          0          0          0   libinit2.o
         2          0          0          0          0          0   libshutdown.o
         2          0          0          0          0          0   libshutdown2.o
         8          4          0          0         96         68   libspace.o
         2          0          0          0          0          0   rtexit.o
        10          0          0          0          0          0   rtexit2.o
        12          4          0          0          0         60   sys_exit.o
        62          0          0          0          0         80   sys_stackheap_outer.o
         2          0          0          0          0         68   use_no_semi.o
        10          0          0          0          0        803   dl_common.o
        46          0          0          0          0         60   cmpret.o
       856         20          0          0          0        208   daddsub.o
        44          0          0          0          0        136   dcmp.o
       160          6          0          0          0         76   dcmpin.o
       100          4          0          0          0         92   dgef.o
        20          6          0          0          0         68   dnan2.o
        84          4          0          0          0         60   f2d.o
       176          4          0          0          0         80   fmul.o
        94          0          0          0          0         68   retnan.o
         0          0          0          0          0          0   usenofp.o

    ----------------------------------------------------------------------
      1876         66          0          0         96       2199   Library Totals
        20          4          0          0          0          0   (incl. Padding)

    ----------------------------------------------------------------------

      Code (inc. data)   RO Data    RW Data    ZI Data      Debug   Library Name

       266         18          0          0         96        548   c_p.l
        10          0          0          0          0        803   driverlib.a
      1580         44          0          0          0        848   fz_ps.l

    ----------------------------------------------------------------------
      1876         66          0          0         96       2199   Library Totals

    ----------------------------------------------------------------------

==============================================================================


      Code (inc. data)   RO Data    RW Data    ZI Data      Debug   

      2288        132        208          0        360      28981   Grand Totals
      2288        132        208          0        360      28981   ELF Image Totals
      2288        132        208          0          0          0   ROM Totals

==============================================================================

    Total RO  Size (Code + RO Data)                 2496 (   2.44kB)
    Total RW  Size (RW Data + ZI Data)               360 (   0.35kB)
    Total ROM Size (Code + RO Data + RW Data)       2496 (   2.44kB)

==============================================================================

