Component: Arm Compiler for Embedded 6.21 Tool: armlink [5ec1fa00]

==============================================================================

Section Cross References

    cmsis_dsp_fft_q15.o(.text.main) refers to ti_msp_dl_config.o(.text.SYSCFG_DL_init) for SYSCFG_DL_init
    cmsis_dsp_fft_q15.o(.text.main) refers to arm_cfft_q15.o(.text.arm_cfft_q15) for arm_cfft_q15
    cmsis_dsp_fft_q15.o(.text.main) refers to arm_cmplx_mag_q15.o(.text.arm_cmplx_mag_q15) for arm_cmplx_mag_q15
    cmsis_dsp_fft_q15.o(.text.main) refers to arm_max_q15.o(.text.arm_max_q15) for arm_max_q15
    cmsis_dsp_fft_q15.o(.text.main) refers to arm_const_structs.o(.rodata.arm_cfft_sR_q15_len256) for arm_cfft_sR_q15_len256
    cmsis_dsp_fft_q15.o(.text.main) refers to cmsis_dsp_fft_q15.o(.data.gDstBuffer) for [Anonymous Symbol]
    cmsis_dsp_fft_q15.o(.text.main) refers to cmsis_dsp_fft_q15.o(.bss.gFFTOutput) for gFFTOutput
    cmsis_dsp_fft_q15.o(.text.main) refers to cmsis_dsp_fft_q15.o(.bss.gFFTmaxValue) for gFFTmaxValue
    cmsis_dsp_fft_q15.o(.text.main) refers to cmsis_dsp_fft_q15.o(.bss.gFFTmaxFreqIndex) for gFFTmaxFreqIndex
    cmsis_dsp_fft_q15.o(.ARM.exidx.text.main) refers to cmsis_dsp_fft_q15.o(.text.main) for [Anonymous Symbol]
    startup_mspm0g350x_uvision.o(STACK) refers (Special) to heapauxi.o(.text) for __use_two_region_memory
    startup_mspm0g350x_uvision.o(HEAP) refers (Special) to heapauxi.o(.text) for __use_two_region_memory
    startup_mspm0g350x_uvision.o(RESET) refers (Special) to heapauxi.o(.text) for __use_two_region_memory
    startup_mspm0g350x_uvision.o(RESET) refers to startup_mspm0g350x_uvision.o(STACK) for __initial_sp
    startup_mspm0g350x_uvision.o(RESET) refers to startup_mspm0g350x_uvision.o(.text) for Reset_Handler
    startup_mspm0g350x_uvision.o(.text) refers (Special) to heapauxi.o(.text) for __use_two_region_memory
    startup_mspm0g350x_uvision.o(.text) refers to __main.o(!!!main) for __main
    startup_mspm0g350x_uvision.o(.text) refers to startup_mspm0g350x_uvision.o(HEAP) for Heap_Mem
    startup_mspm0g350x_uvision.o(.text) refers to startup_mspm0g350x_uvision.o(STACK) for Stack_Mem
    ti_msp_dl_config.o(.text.SYSCFG_DL_init) refers to ti_msp_dl_config.o(.text.SYSCFG_DL_initPower) for SYSCFG_DL_initPower
    ti_msp_dl_config.o(.text.SYSCFG_DL_init) refers to ti_msp_dl_config.o(.text.SYSCFG_DL_GPIO_init) for SYSCFG_DL_GPIO_init
    ti_msp_dl_config.o(.text.SYSCFG_DL_init) refers to ti_msp_dl_config.o(.text.SYSCFG_DL_SYSCTL_init) for SYSCFG_DL_SYSCTL_init
    ti_msp_dl_config.o(.ARM.exidx.text.SYSCFG_DL_init) refers to ti_msp_dl_config.o(.text.SYSCFG_DL_init) for [Anonymous Symbol]
    ti_msp_dl_config.o(.text.SYSCFG_DL_initPower) refers to dl_common.o(.text.DL_Common_delayCycles) for DL_Common_delayCycles
    ti_msp_dl_config.o(.ARM.exidx.text.SYSCFG_DL_initPower) refers to ti_msp_dl_config.o(.text.SYSCFG_DL_initPower) for [Anonymous Symbol]
    ti_msp_dl_config.o(.ARM.exidx.text.SYSCFG_DL_GPIO_init) refers to ti_msp_dl_config.o(.text.SYSCFG_DL_GPIO_init) for [Anonymous Symbol]
    ti_msp_dl_config.o(.ARM.exidx.text.SYSCFG_DL_SYSCTL_init) refers to ti_msp_dl_config.o(.text.SYSCFG_DL_SYSCTL_init) for [Anonymous Symbol]
    dl_common.o(.ARM.exidx.text.DL_Common_delayCycles) refers to dl_common.o(.text.DL_Common_delayCycles) for [Anonymous Symbol]
    arm_const_structs.o(.rodata.arm_cfft_sR_f64_len16) refers to arm_common_tables.o(.rodata.twiddleCoefF64_16) for twiddleCoefF64_16
    arm_const_structs.o(.rodata.arm_cfft_sR_f64_len16) refers to arm_common_tables.o(.rodata.armBitRevIndexTableF64_16) for armBitRevIndexTableF64_16
    arm_const_structs.o(.rodata.arm_cfft_sR_f64_len32) refers to arm_common_tables.o(.rodata.twiddleCoefF64_32) for twiddleCoefF64_32
    arm_const_structs.o(.rodata.arm_cfft_sR_f64_len32) refers to arm_common_tables.o(.rodata.armBitRevIndexTableF64_32) for armBitRevIndexTableF64_32
    arm_const_structs.o(.rodata.arm_cfft_sR_f64_len64) refers to arm_common_tables.o(.rodata.twiddleCoefF64_64) for twiddleCoefF64_64
    arm_const_structs.o(.rodata.arm_cfft_sR_f64_len64) refers to arm_common_tables.o(.rodata.armBitRevIndexTableF64_64) for armBitRevIndexTableF64_64
    arm_const_structs.o(.rodata.arm_cfft_sR_f64_len128) refers to arm_common_tables.o(.rodata.twiddleCoefF64_128) for twiddleCoefF64_128
    arm_const_structs.o(.rodata.arm_cfft_sR_f64_len128) refers to arm_common_tables.o(.rodata.armBitRevIndexTableF64_128) for armBitRevIndexTableF64_128
    arm_const_structs.o(.rodata.arm_cfft_sR_f64_len256) refers to arm_common_tables.o(.rodata.twiddleCoefF64_256) for twiddleCoefF64_256
    arm_const_structs.o(.rodata.arm_cfft_sR_f64_len256) refers to arm_common_tables.o(.rodata.armBitRevIndexTableF64_256) for armBitRevIndexTableF64_256
    arm_const_structs.o(.rodata.arm_cfft_sR_f64_len512) refers to arm_common_tables.o(.rodata.twiddleCoefF64_512) for twiddleCoefF64_512
[...]
    arm_const_structs.o(.rodata.arm_rfft_fast_sR_f32_len2048) refers to arm_common_tables.o(.rodata.armBitRevIndexTable1024) for armBitRevIndexTable1024
    arm_const_structs.o(.rodata.arm_rfft_fast_sR_f32_len2048) refers to arm_common_tables.o(.rodata.twiddleCoef_rfft_2048) for twiddleCoef_rfft_2048
    arm_const_structs.o(.rodata.arm_rfft_fast_sR_f32_len4096) refers to arm_common_tables.o(.rodata.twiddleCoef_2048) for twiddleCoef_2048
    arm_const_structs.o(.rodata.arm_rfft_fast_sR_f32_len4096) refers to arm_common_tables.o(.rodata.armBitRevIndexTable2048) for armBitRevIndexTable2048
    arm_const_structs.o(.rodata.arm_rfft_fast_sR_f32_len4096) refers to arm_common_tables.o(.rodata.twiddleCoef_rfft_4096) for twiddleCoef_rfft_4096
    arm_const_structs.o(.rodata.arm_rfft_sR_q31_len32) refers to arm_common_tables.o(.rodata.realCoefAQ31) for realCoefAQ31
    arm_const_structs.o(.rodata.arm_rfft_sR_q31_len32) refers to arm_common_tables.o(.rodata.realCoefBQ31) for realCoefBQ31
    arm_const_structs.o(.rodata.arm_rfft_sR_q31_len32) refers to arm_const_structs.o(.rodata.arm_cfft_sR_q31_len16) for arm_cfft_sR_q31_len16
    arm_const_structs.o(.rodata.arm_rfft_sR_q31_len64) refers to arm_common_tables.o(.rodata.realCoefAQ31) for realCoefAQ31
    arm_const_structs.o(.rodata.arm_rfft_sR_q31_len64) refers to arm_common_tables.o(.rodata.realCoefBQ31) for realCoefBQ31
    arm_const_structs.o(.rodata.arm_rfft_sR_q31_len64) refers to arm_const_structs.o(.rodata.arm_cfft_sR_q31_len32) for arm_cfft_sR_q31_len32
    arm_const_structs.o(.rodata.arm_rfft_sR_q31_len128) refers to arm_common_tables.o(.rodata.realCoefAQ31) for realCoefAQ31
    arm_const_structs.o(.rodata.arm_rfft_sR_q31_len128) refers to arm_common_tables.o(.rodata.realCoefBQ31) for realCoefBQ31
    arm_const_structs.o(.rodata.arm_rfft_sR_q31_len128) refers to arm_const_structs.o(.rodata.arm_cfft_sR_q31_len64) for arm_cfft_sR_q31_len64
    arm_const_structs.o(.rodata.arm_rfft_sR_q31_len256) refers to arm_common_tables.o(.rodata.realCoefAQ31) for realCoefAQ31
    arm_const_structs.o(.rodata.arm_rfft_sR_q31_len256) refers to arm_common_tables.o(.rodata.realCoefBQ31) for realCoefBQ31
    arm_const_structs.o(.rodata.arm_rfft_sR_q31_len256) refers to arm_const_structs.o(.rodata.arm_cfft_sR_q31_len128) for arm_cfft_sR_q31_len128
    arm_const_structs.o(.rodata.arm_rfft_sR_q31_len512) refers to arm_common_tables.o(.rodata.realCoefAQ31) for realCoefAQ31
    arm_const_structs.o(.rodata.arm_rfft_sR_q31_len512) refers to arm_common_tables.o(.rodata.realCoefBQ31) for realCoefBQ31
    arm_const_structs.o(.rodata.arm_rfft_sR_q31_len512) refers to arm_const_structs.o(.rodata.arm_cfft_sR_q31_len256) for arm_cfft_sR_q31_len256
    arm_const_structs.o(.rodata.arm_rfft_sR_q31_len1024) refers to arm_common_tables.o(.rodata.realCoefAQ31) for realCoefAQ31
    arm_const_structs.o(.rodata.arm_rfft_sR_q31_len1024) refers to arm_common_tables.o(.rodata.realCoefBQ31) for realCoefBQ31
    arm_const_structs.o(.rodata.arm_rfft_sR_q31_len1024) refers to arm_const_structs.o(.rodata.arm_cfft_sR_q31_len512) for arm_cfft_sR_q31_len512
    arm_const_structs.o(.rodata.arm_rfft_sR_q31_len2048) refers to arm_common_tables.o(.rodata.realCoefAQ31) for realCoefAQ31
    arm_const_structs.o(.rodata.arm_rfft_sR_q31_len2048) refers to arm_common_tables.o(.rodata.realCoefBQ31) for realCoefBQ31
    arm_const_structs.o(.rodata.arm_rfft_sR_q31_len2048) refers to arm_const_structs.o(.rodata.arm_cfft_sR_q31_len1024) for arm_cfft_sR_q31_len1024
    arm_const_structs.o(.rodata.arm_rfft_sR_q31_len4096) refers to arm_common_tables.o(.rodata.realCoefAQ31) for realCoefAQ31
    arm_const_structs.o(.rodata.arm_rfft_sR_q31_len4096) refers to arm_common_tables.o(.rodata.realCoefBQ31) for realCoefBQ31
    arm_const_structs.o(.rodata.arm_rfft_sR_q31_len4096) refers to arm_const_structs.o(.rodata.arm_cfft_sR_q31_len2048) for arm_cfft_sR_q31_len2048
    arm_const_structs.o(.rodata.arm_rfft_sR_q31_len8192) refers to arm_common_tables.o(.rodata.realCoefAQ31) for realCoefAQ31
    arm_const_structs.o(.rodata.arm_rfft_sR_q31_len8192) refers to arm_common_tables.o(.rodata.realCoefBQ31) for realCoefBQ31
    arm_const_structs.o(.rodata.arm_rfft_sR_q31_len8192) refers to arm_const_structs.o(.rodata.arm_cfft_sR_q31_len4096) for arm_cfft_sR_q31_len4096
    arm_const_structs.o(.rodata.arm_rfft_sR_q15_len32) refers to arm_common_tables.o(.rodata.realCoefAQ15) for realCoefAQ15
    arm_const_structs.o(.rodata.arm_rfft_sR_q15_len32) refers to arm_common_tables.o(.rodata.realCoefBQ15) for realCoefBQ15
    arm_const_structs.o(.rodata.arm_rfft_sR_q15_len32) refers to arm_const_structs.o(.rodata.arm_cfft_sR_q15_len16) for arm_cfft_sR_q15_len16
    arm_const_structs.o(.rodata.arm_rfft_sR_q15_len64) refers to arm_common_tables.o(.rodata.realCoefAQ15) for realCoefAQ15
    arm_const_structs.o(.rodata.arm_rfft_sR_q15_len64) refers to arm_common_tables.o(.rodata.realCoefBQ15) for realCoefBQ15
    arm_const_structs.o(.rodata.arm_rfft_sR_q15_len64) refers to arm_const_structs.o(.rodata.arm_cfft_sR_q15_len32) for arm_cfft_sR_q15_len32
    arm_const_structs.o(.rodata.arm_rfft_sR_q15_len128) refers to arm_common_tables.o(.rodata.realCoefAQ15) for realCoefAQ15
    arm_const_structs.o(.rodata.arm_rfft_sR_q15_len128) refers to arm_common_tables.o(.rodata.realCoefBQ15) for realCoefBQ15
    arm_const_structs.o(.rodata.arm_rfft_sR_q15_len128) refers to arm_const_structs.o(.rodata.arm_cfft_sR_q15_len64) for arm_cfft_sR_q15_len64
    arm_const_structs.o(.rodata.arm_rfft_sR_q15_len256) refers to arm_common_tables.o(.rodata.realCoefAQ15) for realCoefAQ15
    arm_const_structs.o(.rodata.arm_rfft_sR_q15_len256) refers to arm_common_tables.o(.rodata.realCoefBQ15) for realCoefBQ15
    arm_const_structs.o(.rodata.arm_rfft_sR_q15_len256) refers to arm_const_structs.o(.rodata.arm_cfft_sR_q15_len128) for arm_cfft_sR_q15_len128
    arm_const_structs.o(.rodata.arm_rfft_sR_q15_len512) refers to arm_common_tables.o(.rodata.realCoefAQ15) for realCoefAQ15
    arm_const_structs.o(.rodata.arm_rfft_sR_q15_len512) refers to arm_common_tables.o(.rodata.realCoefBQ15) for realCoefBQ15
    arm_const_structs.o(.rodata.arm_rfft_sR_q15_len512) refers to arm_const_structs.o(.rodata.arm_cfft_sR_q15_len256) for arm_cfft_sR_q15_len256
    arm_const_structs.o(.rodata.arm_rfft_sR_q15_len1024) refers to arm_common_tables.o(.rodata.realCoefAQ15) for realCoefAQ15
    arm_const_structs.o(.rodata.arm_rfft_sR_q15_len1024) refers to arm_common_tables.o(.rodata.realCoefBQ15) for realCoefBQ15
    arm_const_structs.o(.rodata.arm_rfft_sR_q15_len1024) refers to arm_const_structs.o(.rodata.arm_cfft_sR_q15_len512) for arm_cfft_sR_q15_len512
    arm_const_structs.o(.rodata.arm_rfft_sR_q15_len2048) refers to arm_common_tables.o(.rodata.realCoefAQ15) for realCoefAQ15
    arm_const_structs.o(.rodata.arm_rfft_sR_q15_len2048) refers to arm_common_tables.o(.rodata.realCoefBQ15) for realCoefBQ15
    arm_const_structs.o(.rodata.arm_rfft_sR_q15_len2048) refers to arm_const_structs.o(.rodata.arm_cfft_sR_q15_len1024) for arm_cfft_sR_q15_len1024
    arm_const_structs.o(.rodata.arm_rfft_sR_q15_len4096) refers to arm_common_tables.o(.rodata.realCoefAQ15) for realCoefAQ15
    arm_const_structs.o(.rodata.arm_rfft_sR_q15_len4096) refers to arm_common_tables.o(.rodata.realCoefBQ15) for realCoefBQ15
    arm_const_structs.o(.rodata.arm_rfft_sR_q15_len4096) refers to arm_const_structs.o(.rodata.arm_cfft_sR_q15_len2048) for arm_cfft_sR_q15_len2048
    arm_const_structs.o(.rodata.arm_rfft_sR_q15_len8192) refers to arm_common_tables.o(.rodata.realCoefAQ15) for realCoefAQ15
    arm_const_structs.o(.rodata.arm_rfft_sR_q15_len8192) refers to arm_common_tables.o(.rodata.realCoefBQ15) for realCoefBQ15
    arm_const_structs.o(.rodata.arm_rfft_sR_q15_len8192) refers to arm_const_structs.o(.rodata.arm_cfft_sR_q15_len4096) for arm_cfft_sR_q15_len4096
    arm_cmplx_mag_q15.o(.text.arm_cmplx_mag_q15) refers to arm_sqrt_q15.o(.text.arm_sqrt_q15) for arm_sqrt_q15
    arm_cmplx_mag_q15.o(.ARM.exidx.text.arm_cmplx_mag_q15) refers to arm_cmplx_mag_q15.o(.text.arm_cmplx_mag_q15) for [Anonymous Symbol]
    arm_max_q15.o(.ARM.exidx.text.arm_max_q15) refers to arm_max_q15.o(.text.arm_max_q15) for [Anonymous Symbol]
    arm_cfft_q15.o(.text.arm_cfft_q15) refers to arm_cfft_q15.o(.text.arm_cfft_radix4by2_inverse_q15) for arm_cfft_radix4by2_inverse_q15
    arm_cfft_q15.o(.text.arm_cfft_q15) refers to arm_cfft_radix4_q15.o(.text.arm_radix4_butterfly_inverse_q15) for arm_radix4_butterfly_inverse_q15
    arm_cfft_q15.o(.text.arm_cfft_q15) refers to arm_cfft_q15.o(.text.arm_cfft_radix4by2_q15) for arm_cfft_radix4by2_q15
    arm_cfft_q15.o(.text.arm_cfft_q15) refers to arm_bitreversal2.o(.text.arm_bitreversal_16) for arm_bitreversal_16
    arm_cfft_q15.o(.text.arm_cfft_q15) refers to arm_cfft_radix4_q15.o(.text.arm_radix4_butterfly_q15) for arm_radix4_butterfly_q15
    arm_cfft_q15.o(.ARM.exidx.text.arm_cfft_q15) refers to arm_cfft_q15.o(.text.arm_cfft_q15) for [Anonymous Symbol]
    arm_cfft_q15.o(.text.arm_cfft_radix4by2_inverse_q15) refers to arm_cfft_radix4_q15.o(.text.arm_radix4_butterfly_inverse_q15) for arm_radix4_butterfly_inverse_q15
    arm_cfft_q15.o(.ARM.exidx.text.arm_cfft_radix4by2_inverse_q15) refers to arm_cfft_q15.o(.text.arm_cfft_radix4by2_inverse_q15) for [Anonymous Symbol]
    arm_cfft_q15.o(.text.arm_cfft_radix4by2_q15) refers to arm_cfft_radix4_q15.o(.text.arm_radix4_butterfly_q15) for arm_radix4_butterfly_q15
    arm_cfft_q15.o(.ARM.exidx.text.arm_cfft_radix4by2_q15) refers to arm_cfft_q15.o(.text.arm_cfft_radix4by2_q15) for [Anonymous Symbol]
    arm_sqrt_q15.o(.text.arm_sqrt_q15) refers to fflti.o(.text) for __aeabi_i2f
    arm_sqrt_q15.o(.text.arm_sqrt_q15) refers to fmul.o(x$fpl$fmul) for __aeabi_fmul
    arm_sqrt_q15.o(.text.arm_sqrt_q15) refers to ffixi.o(.text) for __aeabi_f2iz
    arm_sqrt_q15.o(.ARM.exidx.text.arm_sqrt_q15) refers to arm_sqrt_q15.o(.text.arm_sqrt_q15) for [Anonymous Symbol]
    arm_bitreversal2.o(.ARM.exidx.text.arm_bitreversal_64) refers to arm_bitreversal2.o(.text.arm_bitreversal_64) for [Anonymous Symbol]
    arm_bitreversal2.o(.ARM.exidx.text.arm_bitreversal_32) refers to arm_bitreversal2.o(.text.arm_bitreversal_32) for [Anonymous Symbol]
    arm_bitreversal2.o(.ARM.exidx.text.arm_bitreversal_16) refers to arm_bitreversal2.o(.text.arm_bitreversal_16) for [Anonymous Symbol]
    arm_cfft_radix4_q15.o(.text.arm_cfft_radix4_q15) refers to arm_cfft_radix4_q15.o(.text.arm_radix4_butterfly_inverse_q15) for arm_radix4_butterfly_inverse_q15
    arm_cfft_radix4_q15.o(.text.arm_cfft_radix4_q15) refers to arm_cfft_radix4_q15.o(.text.arm_radix4_butterfly_q15) for arm_radix4_butterfly_q15
    arm_cfft_radix4_q15.o(.text.arm_cfft_radix4_q15) refers to arm_bitreversal.o(.text.arm_bitreversal_q15) for arm_bitreversal_q15
    arm_cfft_radix4_q15.o(.ARM.exidx.text.arm_cfft_radix4_q15) refers to arm_cfft_radix4_q15.o(.text.arm_cfft_radix4_q15) for [Anonymous Symbol]
    arm_cfft_radix4_q15.o(.ARM.exidx.text.arm_radix4_butterfly_inverse_q15) refers to arm_cfft_radix4_q15.o(.text.arm_radix4_butterfly_inverse_q15) for [Anonymous Symbol]
    arm_cfft_radix4_q15.o(.ARM.exidx.text.arm_radix4_butterfly_q15) refers to arm_cfft_radix4_q15.o(.text.arm_radix4_butterfly_q15) for [Anonymous Symbol]
    arm_bitreversal.o(.ARM.exidx.text.arm_bitreversal_f32) refers to arm_bitreversal.o(.text.arm_bitreversal_f32) for [Anonymous Symbol]
    arm_bitreversal.o(.ARM.exidx.text.arm_bitreversal_q31) refers to arm_bitreversal.o(.text.arm_bitreversal_q31) for [Anonymous Symbol]
    arm_bitreversal.o(.ARM.exidx.text.arm_bitreversal_q15) refers to arm_bitreversal.o(.text.arm_bitreversal_q15) for [Anonymous Symbol]
    __main.o(!!!main) refers to __rtentry.o(.ARM.Collect$$rtentry$$00000000) for __rt_entry
    ffixi.o(.text) refers (Special) to usenofp.o(x$fpl$usenofp) for __I$use$fp
    fflti.o(.text) refers (Special) to usenofp.o(x$fpl$usenofp) for __I$use$fp
    fmul.o(x$fpl$fmul) refers (Special) to usenofp.o(x$fpl$usenofp) for __I$use$fp
    __rtentry.o(.ARM.Collect$$rtentry$$00000000) refers (Special) to __rtentry2.o(.ARM.Collect$$rtentry$$0000000A) for __rt_entry_li
    __rtentry.o(.ARM.Collect$$rtentry$$00000000) refers (Special) to __rtentry2.o(.ARM.Collect$$rtentry$$0000000D) for __rt_entry_main
    __rtentry.o(.ARM.Collect$$rtentry$$00000000) refers (Special) to __rtentry2.o(.ARM.Collect$$rtentry$$0000000C) for __rt_entry_postli_1
    __rtentry.o(.ARM.Collect$$rtentry$$00000000) refers (Special) to __rtentry2.o(.ARM.Collect$$rtentry$$00000009) for __rt_entry_postsh_1
    __rtentry.o(.ARM.Collect$$rtentry$$00000000) refers (Special) to __rtentry2.o(.ARM.Collect$$rtentry$$00000002) for __rt_entry_presh_1
    __rtentry.o(.ARM.Collect$$rtentry$$00000000) refers (Special) to __rtentry4.o(.ARM.Collect$$rtentry$$00000004) for __rt_entry_sh
    __rtentry2.o(.ARM.Collect$$rtentry$$00000008) refers to boardinit2.o(.text) for _platform_post_stackheap_init
    __rtentry2.o(.ARM.Collect$$rtentry$$0000000A) refers to libinit.o(.ARM.Collect$$libinit$$00000000) for __rt_lib_init
    __rtentry2.o(.ARM.Collect$$rtentry$$0000000B) refers to boardinit3.o(.text) for _platform_post_lib_init
    __rtentry2.o(.ARM.Collect$$rtentry$$0000000D) refers to cmsis_dsp_fft_q15.o(.text.main) for main
    __rtentry2.o(.ARM.Collect$$rtentry$$0000000D) refers to exit.o(.text) for exit
    __rtentry2.o(.ARM.exidx) refers to __rtentry2.o(.ARM.Collect$$rtentry$$00000001) for .ARM.Collect$$rtentry$$00000001
    __rtentry2.o(.ARM.exidx) refers to __rtentry2.o(.ARM.Collect$$rtentry$$00000008) for .ARM.Collect$$rtentry$$00000008
    __rtentry2.o(.ARM.exidx) refers to __rtentry2.o(.ARM.Collect$$rtentry$$0000000A) for .ARM.Collect$$rtentry$$0000000A
    __rtentry2.o(.ARM.exidx) refers to __rtentry2.o(.ARM.Collect$$rtentry$$0000000B) for .ARM.Collect$$rtentry$$0000000B
    __rtentry2.o(.ARM.exidx) refers to __rtentry2.o(.ARM.Collect$$rtentry$$0000000D) for .ARM.Collect$$rtentry$$0000000D
    __rtentry4.o(.ARM.Collect$$rtentry$$00000004) refers to sys_stackheap_outer.o(.text) for __user_setup_stackheap
    __rtentry4.o(.ARM.exidx) refers to __rtentry4.o(.ARM.Collect$$rtentry$$00000004) for .ARM.Collect$$rtentry$$00000004
    sys_stackheap_outer.o(.text) refers to libspace.o(.text) for __user_perproc_libspace
    sys_stackheap_outer.o(.text) refers to startup_mspm0g350x_uvision.o(.text) for __user_initial_stackheap
    sys_stackheap_outer.o(__vectab_stack_and_reset_area) refers to tempstk.o(.text) for __temporary_stack_top
    sys_stackheap_outer.o(__vectab_stack_and_reset_area) refers to __main.o(!!!main) for __main
    exit.o(.text) refers to rtexit.o(.ARM.Collect$$rtexit$$00000000) for __rt_exit
    libinit.o(.ARM.Collect$$libinit$$00000000) refers (Special) to libinit2.o(.ARM.Collect$$libinit$$00000030) for __rt_lib_init_alloca_1
    libinit.o(.ARM.Collect$$libinit$$00000000) refers (Special) to libinit2.o(.ARM.Collect$$libinit$$0000002E) for __rt_lib_init_argv_1
    libinit.o(.ARM.Collect$$libinit$$00000000) refers (Special) to libinit2.o(.ARM.Collect$$libinit$$0000001D) for __rt_lib_init_atexit_1
    libinit.o(.ARM.Collect$$libinit$$00000000) refers (Special) to libinit2.o(.ARM.Collect$$libinit$$00000023) for __rt_lib_init_clock_1
    libinit.o(.ARM.Collect$$libinit$$00000000) refers (Special) to libinit2.o(.ARM.Collect$$libinit$$00000034) for __rt_lib_init_cpp_1
    libinit.o(.ARM.Collect$$libinit$$00000000) refers (Special) to libinit2.o(.ARM.Collect$$libinit$$00000032) for __rt_lib_init_exceptions_1
    libinit.o(.ARM.Collect$$libinit$$00000000) refers (Special) to libinit2.o(.ARM.Collect$$libinit$$00000002) for __rt_lib_init_fp_1
    libinit.o(.ARM.Collect$$libinit$$00000000) refers (Special) to libinit2.o(.ARM.Collect$$libinit$$00000021) for __rt_lib_init_fp_trap_1
    libinit.o(.ARM.Collect$$libinit$$00000000) refers (Special) to libinit2.o(.ARM.Collect$$libinit$$00000025) for __rt_lib_init_getenv_1
    libinit.o(.ARM.Collect$$libinit$$00000000) refers (Special) to libinit2.o(.ARM.Collect$$libinit$$0000000C) for __rt_lib_init_heap_1
    libinit.o(.ARM.Collect$$libinit$$00000000) refers (Special) to libinit2.o(.ARM.Collect$$libinit$$00000013) for __rt_lib_init_lc_collate_1
    libinit.o(.ARM.Collect$$libinit$$00000000) refers (Special) to libinit2.o(.ARM.Collect$$libinit$$00000015) for __rt_lib_init_lc_ctype_1
    libinit.o(.ARM.Collect$$libinit$$00000000) refers (Special) to libinit2.o(.ARM.Collect$$libinit$$00000017) for __rt_lib_init_lc_monetary_1
    libinit.o(.ARM.Collect$$libinit$$00000000) refers (Special) to libinit2.o(.ARM.Collect$$libinit$$00000019) for __rt_lib_init_lc_numeric_1
    libinit.o(.ARM.Collect$$libinit$$00000000) refers (Special) to libinit2.o(.ARM.Collect$$libinit$$0000001B) for __rt_lib_init_lc_time_1
    libinit.o(.ARM.Collect$$libinit$$00000000) refers (Special) to libinit2.o(.ARM.Collect$$libinit$$00000006) for __rt_lib_init_preinit_1
    libinit.o(.ARM.Collect$$libinit$$00000000) refers (Special) to libinit2.o(.ARM.Collect$$libinit$$00000010) for __rt_lib_init_rand_1
    libinit.o(.ARM.Collect$$libinit$$00000000) refers (Special) to libinit2.o(.ARM.Collect$$libinit$$00000004) for __rt_lib_init_relocate_pie_1
    libinit.o(.ARM.Collect$$libinit$$00000000) refers (Special) to libinit2.o(.ARM.Collect$$libinit$$00000035) for __rt_lib_init_return
    libinit.o(.ARM.Collect$$libinit$$00000000) refers (Special) to libinit2.o(.ARM.Collect$$libinit$$0000001F) for __rt_lib_init_signal_1
    libinit.o(.ARM.Collect$$libinit$$00000000) refers (Special) to libinit2.o(.ARM.Collect$$libinit$$00000027) for __rt_lib_init_stdio_1
    libinit.o(.ARM.Collect$$libinit$$00000000) refers (Special) to libinit2.o(.ARM.Collect$$libinit$$0000000E) for __rt_lib_init_user_alloc_1
    libspace.o(.text) refers to libspace.o(.bss) for __libspace_start
    rtexit.o(.ARM.Collect$$rtexit$$00000000) refers (Special) to rtexit2.o(.ARM.Collect$$rtexit$$00000004) for __rt_exit_exit
    rtexit.o(.ARM.Collect$$rtexit$$00000000) refers (Special) to rtexit2.o(.ARM.Collect$$rtexit$$00000003) for __rt_exit_ls
    rtexit.o(.ARM.Collect$$rtexit$$00000000) refers (Special) to rtexit2.o(.ARM.Collect$$rtexit$$00000002) for __rt_exit_prels_1
    rtexit.o(.ARM.exidx) refers (Special) to rtexit2.o(.ARM.Collect$$rtexit$$00000004) for __rt_exit_exit
    rtexit.o(.ARM.exidx) refers (Special) to rtexit2.o(.ARM.Collect$$rtexit$$00000003) for __rt_exit_ls
    rtexit.o(.ARM.exidx) refers (Special) to rtexit2.o(.ARM.Collect$$rtexit$$00000002) for __rt_exit_prels_1
    rtexit.o(.ARM.exidx) refers to rtexit.o(.ARM.Collect$$rtexit$$00000000) for .ARM.Collect$$rtexit$$00000000
    libinit2.o(.ARM.Collect$$libinit$$00000012) refers to libinit2.o(.ARM.Collect$$libinit$$00000011) for .ARM.Collect$$libinit$$00000011
    libinit2.o(.ARM.Collect$$libinit$$00000014) refers to libinit2.o(.ARM.Collect$$libinit$$00000011) for .ARM.Collect$$libinit$$00000011
    libinit2.o(.ARM.Collect$$libinit$$00000016) refers to libinit2.o(.ARM.Collect$$libinit$$00000011) for .ARM.Collect$$libinit$$00000011
    libinit2.o(.ARM.Collect$$libinit$$00000018) refers to libinit2.o(.ARM.Collect$$libinit$$00000011) for .ARM.Collect$$libinit$$00000011
    libinit2.o(.ARM.Collect$$libinit$$0000001A) refers to libinit2.o(.ARM.Collect$$libinit$$00000011) for .ARM.Collect$$libinit$$00000011
    libinit2.o(.ARM.Collect$$libinit$$00000028) refers to argv_veneer.o(.text) for __ARM_argv_veneer
    libinit2.o(.ARM.Collect$$libinit$$00000029) refers to argv_veneer.o(.text) for __ARM_argv_veneer
    rtexit2.o(.ARM.Collect$$rtexit$$00000003) refers to libshutdown.o(.ARM.Collect$$libshutdown$$00000000) for __rt_lib_shutdown
    rtexit2.o(.ARM.Collect$$rtexit$$00000004) refers to sys_exit.o(.text) for _sys_exit
    rtexit2.o(.ARM.exidx) refers to rtexit2.o(.ARM.Collect$$rtexit$$00000001) for .ARM.Collect$$rtexit$$00000001
    rtexit2.o(.ARM.exidx) refers to rtexit2.o(.ARM.Collect$$rtexit$$00000003) for .ARM.Collect$$rtexit$$00000003
    rtexit2.o(.ARM.exidx) refers to rtexit2.o(.ARM.Collect$$rtexit$$00000004) for .ARM.Collect$$rtexit$$00000004
    sys_exit.o(.text) refers (Special) to use_no_semi.o(.text) for __I$use$semihosting
    sys_exit.o(.text) refers (Special) to indicate_semi.o(.text) for __semihosting_library_function
    sys_exit_hlt.o(.text) refers (Special) to use_no_semi.o(.text) for __I$use$semihosting
    sys_exit_hlt.o(.text) refers (Special) to indicate_semi.o(.text) for __semihosting_library_function
    _get_argv_nomalloc.o(.text) refers (Special) to hrguard.o(.text) for __heap_region$guard
    _get_argv_nomalloc.o(.text) refers to defsig_rtmem_outer.o(.text) for __rt_SIGRTMEM
    _get_argv_nomalloc.o(.text) refers to sys_command.o(.text) for _sys_command_string
    libshutdown.o(.ARM.Collect$$libshutdown$$00000000) refers (Special) to libshutdown2.o(.ARM.Collect$$libshutdown$$00000002) for __rt_lib_shutdown_cpp_1
    libshutdown.o(.ARM.Collect$$libshutdown$$00000000) refers (Special) to libshutdown2.o(.ARM.Collect$$libshutdown$$00000007) for __rt_lib_shutdown_fp_trap_1
    libshutdown.o(.ARM.Collect$$libshutdown$$00000000) refers (Special) to libshutdown2.o(.ARM.Collect$$libshutdown$$0000000F) for __rt_lib_shutdown_heap_1
    libshutdown.o(.ARM.Collect$$libshutdown$$00000000) refers (Special) to libshutdown2.o(.ARM.Collect$$libshutdown$$00000010) for __rt_lib_shutdown_return
    libshutdown.o(.ARM.Collect$$libshutdown$$00000000) refers (Special) to libshutdown2.o(.ARM.Collect$$libshutdown$$0000000A) for __rt_lib_shutdown_signal_1
    libshutdown.o(.ARM.Collect$$libshutdown$$00000000) refers (Special) to libshutdown2.o(.ARM.Collect$$libshutdown$$00000004) for __rt_lib_shutdown_stdio_1
    libshutdown.o(.ARM.Collect$$libshutdown$$00000000) refers (Special) to libshutdown2.o(.ARM.Collect$$libshutdown$$0000000C) for __rt_lib_shutdown_user_alloc_1
    sys_command.o(.text) refers (Special) to use_no_semi.o(.text) for __I$use$semihosting
    sys_command.o(.text) refers (Special) to indicate_semi.o(.text) for __semihosting_library_function
    sys_command_hlt.o(.text) refers (Special) to use_no_semi.o(.text) for __I$use$semihosting
    sys_command_hlt.o(.text) refers (Special) to indicate_semi.o(.text) for __semihosting_library_function
    defsig_rtmem_outer.o(.text) refers to defsig_rtmem_inner.o(.text) for __rt_SIGRTMEM_inner
    defsig_rtmem_outer.o(.text) refers to defsig_exit.o(.text) for __sig_exit
    defsig_rtmem_formal.o(.text) refers to rt_raise.o(.text) for __rt_raise
    rt_raise.o(.text) refers to __raise.o(.text) for __raise
    rt_raise.o(.text) refers to sys_exit.o(.text) for _sys_exit
    defsig_exit.o(.text) refers to sys_exit.o(.text) for _sys_exit
    defsig_rtmem_inner.o(.text) refers to defsig_general.o(.text) for __default_signal_display
    __raise.o(.text) refers to defsig.o(CL$$defsig) for __default_signal_handler
    defsig_general.o(.text) refers to sys_wrch.o(.text) for _ttywrch
    sys_wrch.o(.text) refers (Special) to use_no_semi.o(.text) for __I$use$semihosting
    sys_wrch.o(.text) refers (Special) to indicate_semi.o(.text) for __semihosting_library_function
    sys_wrch_hlt.o(.text) refers (Special) to use_no_semi.o(.text) for __I$use$semihosting
    sys_wrch_hlt.o(.text) refers (Special) to indicate_semi.o(.text) for __semihosting_library_function
    defsig.o(CL$$defsig) refers to defsig_rtmem_inner.o(.text) for __rt_SIGRTMEM_inner
    defsig_abrt_inner.o(.text) refers to defsig_general.o(.text) for __default_signal_display
    defsig_fpe_inner.o(.text) refers to defsig_general.o(.text) for __default_signal_display
    defsig_rtred_inner.o(.text) refers to defsig_general.o(.text) for __default_signal_display
    defsig_stak_inner.o(.text) refers to defsig_general.o(.text) for __default_signal_display
    defsig_pvfn_inner.o(.text) refers to defsig_general.o(.text) for __default_signal_display
    defsig_cppl_inner.o(.text) refers to defsig_general.o(.text) for __default_signal_display
    defsig_segv_inner.o(.text) refers to defsig_general.o(.text) for __default_signal_display
    defsig_other.o(.text) refers to defsig_general.o(.text) for __default_signal_display


==============================================================================

Removing Unused input sections from the image.

    Removing cmsis_dsp_fft_q15.o(.text), (0 bytes).
    Removing cmsis_dsp_fft_q15.o(.ARM.exidx.text.main), (8 bytes).
    Removing cmsis_dsp_fft_q15.o(.ARM.use_no_argv), (4 bytes).
    Removing ti_msp_dl_config.o(.text), (0 bytes).
    Removing ti_msp_dl_config.o(.ARM.exidx.text.SYSCFG_DL_init), (8 bytes).
    Removing ti_msp_dl_config.o(.ARM.exidx.text.SYSCFG_DL_initPower), (8 bytes).
    Removing ti_msp_dl_config.o(.ARM.exidx.text.SYSCFG_DL_GPIO_init), (8 bytes).
    Removing ti_msp_dl_config.o(.ARM.exidx.text.SYSCFG_DL_SYSCTL_init), (8 bytes).
    Removing dl_common.o(.text), (0 bytes).
    Removing dl_common.o(.ARM.exidx.text.DL_Common_delayCycles), (8 bytes).
    Removing arm_const_structs.o(.text), (0 bytes).
    Removing arm_const_structs.o(.rodata.arm_cfft_sR_f64_len16), (16 bytes).
    Removing arm_const_structs.o(.rodata.arm_cfft_sR_f64_len32), (16 bytes).
    Removing arm_const_structs.o(.rodata.arm_cfft_sR_f64_len64), (16 bytes).
    Removing arm_const_structs.o(.rodata.arm_cfft_sR_f64_len128), (16 bytes).
    Removing arm_const_structs.o(.rodata.arm_cfft_sR_f64_len256), (16 bytes).
    Removing arm_const_structs.o(.rodata.arm_cfft_sR_f64_len512), (16 bytes).
    Removing arm_const_structs.o(.rodata.arm_cfft_sR_f64_len1024), (16 bytes).
    Removing arm_const_structs.o(.rodata.arm_cfft_sR_f64_len2048), (16 bytes).
    Removing arm_const_structs.o(.rodata.arm_cfft_sR_f64_len4096), (16 bytes).
    Removing arm_const_structs.o(.rodata.arm_cfft_sR_f32_len16), (16 bytes).
    Removing arm_const_structs.o(.rodata.arm_cfft_sR_f32_len32), (16 bytes).
    Removing arm_const_structs.o(.rodata.arm_cfft_sR_f32_len64), (16 bytes).
    Removing arm_const_structs.o(.rodata.arm_cfft_sR_f32_len128), (16 bytes).
    Removing arm_const_structs.o(.rodata.arm_cfft_sR_f32_len256), (16 bytes).
    Removing arm_const_structs.o(.rodata.arm_cfft_sR_f32_len512), (16 bytes).
    Removing arm_const_structs.o(.rodata.arm_cfft_sR_f32_len1024), (16 bytes).
    Removing arm_const_structs.o(.rodata.arm_cfft_sR_f32_len2048), (16 bytes).
    Removing arm_const_structs.o(.rodata.arm_cfft_sR_f32_len4096), (16 bytes).
    Removing arm_const_structs.o(.rodata.arm_cfft_sR_q31_len16), (16 bytes).
    Removing arm_const_structs.o(.rodata.arm_cfft_sR_q31_len32), (16 bytes).
    Removing arm_const_structs.o(.rodata.arm_cfft_sR_q31_len64), (16 bytes).
    Removing arm_const_structs.o(.rodata.arm_cfft_sR_q31_len128), (16 bytes).
    Removing arm_const_structs.o(.rodata.arm_cfft_sR_q31_len256), (16 bytes).
    Removing arm_const_structs.o(.rodata.arm_cfft_sR_q31_len512), (16 bytes).
    Removing arm_const_structs.o(.rodata.arm_cfft_sR_q31_len1024), (16 bytes).
    Removing arm_const_structs.o(.rodata.arm_cfft_sR_q31_len2048), (16 bytes).
    Removing arm_const_structs.o(.rodata.arm_cfft_sR_q31_len4096), (16 bytes).
    Removing arm_const_structs.o(.rodata.arm_cfft_sR_q15_len16), (16 bytes).
    Removing arm_const_structs.o(.rodata.arm_cfft_sR_q15_len32), (16 bytes).
    Removing arm_const_structs.o(.rodata.arm_cfft_sR_q15_len64), (16 bytes).
    Removing arm_const_structs.o(.rodata.arm_cfft_sR_q15_len128), (16 bytes).
    Removing arm_const_structs.o(.rodata.arm_cfft_sR_q15_len512), (16 bytes).
    Removing arm_const_structs.o(.rodata.arm_cfft_sR_q15_len1024), (16 bytes).
    Removing arm_const_structs.o(.rodata.arm_cfft_sR_q15_len2048), (16 bytes).
    Removing arm_const_structs.o(.rodata.arm_cfft_sR_q15_len4096), (16 bytes).
    Removing arm_const_structs.o(.rodata.arm_rfft_fast_sR_f64_len32), (24 bytes).
    Removing arm_const_structs.o(.rodata.arm_rfft_fast_sR_f64_len64), (24 bytes).
    Removing arm_const_structs.o(.rodata.arm_rfft_fast_sR_f64_len128), (24 bytes).
    Removing arm_const_structs.o(.rodata.arm_rfft_fast_sR_f64_len256), (24 bytes).
    Removing arm_const_structs.o(.rodata.arm_rfft_fast_sR_f64_len512), (24 bytes).
    Removing arm_const_structs.o(.rodata.arm_rfft_fast_sR_f64_len1024), (24 bytes).
    Removing arm_const_structs.o(.rodata.arm_rfft_fast_sR_f64_len2048), (24 bytes).
    Removing arm_const_structs.o(.rodata.arm_rfft_fast_sR_f64_len4096), (24 bytes).
    Removing arm_const_structs.o(.rodata.arm_rfft_fast_sR_f32_len32), (24 bytes).
    Removing arm_const_structs.o(.rodata.arm_rfft_fast_sR_f32_len64), (24 bytes).
    Removing arm_const_structs.o(.rodata.arm_rfft_fast_sR_f32_len128), (24 bytes).
    Removing arm_const_structs.o(.rodata.arm_rfft_fast_sR_f32_len256), (24 bytes).
    Removing arm_const_structs.o(.rodata.arm_rfft_fast_sR_f32_len512), (24 bytes).
    Removing arm_const_structs.o(.rodata.arm_rfft_fast_sR_f32_len1024), (24 bytes).
    Removing arm_const_structs.o(.rodata.arm_rfft_fast_sR_f32_len2048), (24 bytes).
    Removing arm_const_structs.o(.rodata.arm_rfft_fast_sR_f32_len4096), (24 bytes).
    Removing arm_const_structs.o(.rodata.arm_rfft_sR_q31_len32), (24 bytes).
    Removing arm_const_structs.o(.rodata.arm_rfft_sR_q31_len64), (24 bytes).
    Removing arm_const_structs.o(.rodata.arm_rfft_sR_q31_len128), (24 bytes).
    Removing arm_const_structs.o(.rodata.arm_rfft_sR_q31_len256), (24 bytes).
    Removing arm_const_structs.o(.rodata.arm_rfft_sR_q31_len512), (24 bytes).
    Removing arm_const_structs.o(.rodata.arm_rfft_sR_q31_len1024), (24 bytes).
    Removing arm_const_structs.o(.rodata.arm_rfft_sR_q31_len2048), (24 bytes).
    Removing arm_const_structs.o(.rodata.arm_rfft_sR_q31_len4096), (24 bytes).
    Removing arm_const_structs.o(.rodata.arm_rfft_sR_q31_len8192), (24 bytes).
    Removing arm_const_structs.o(.rodata.arm_rfft_sR_q15_len32), (24 bytes).
    Removing arm_const_structs.o(.rodata.arm_rfft_sR_q15_len64), (24 bytes).
    Removing arm_const_structs.o(.rodata.arm_rfft_sR_q15_len128), (24 bytes).
    Removing arm_const_structs.o(.rodata.arm_rfft_sR_q15_len256), (24 bytes).
    Removing arm_const_structs.o(.rodata.arm_rfft_sR_q15_len512), (24 bytes).
    Removing arm_const_structs.o(.rodata.arm_rfft_sR_q15_len1024), (24 bytes).
    Removing arm_const_structs.o(.rodata.arm_rfft_sR_q15_len2048), (24 bytes).
    Removing arm_const_structs.o(.rodata.arm_rfft_sR_q15_len4096), (24 bytes).
    Removing arm_const_structs.o(.rodata.arm_rfft_sR_q15_len8192), (24 bytes).
    Removing arm_cmplx_mag_q15.o(.text), (0 bytes).
    Removing arm_cmplx_mag_q15.o(.ARM.exidx.text.arm_cmplx_mag_q15), (8 bytes).
    Removing arm_max_q15.o(.text), (0 bytes).
    Removing arm_max_q15.o(.ARM.exidx.text.arm_max_q15), (8 bytes).
    Removing arm_cfft_q15.o(.text), (0 bytes).
    Removing arm_cfft_q15.o(.ARM.exidx.text.arm_cfft_q15), (8 bytes).
    Removing arm_cfft_q15.o(.ARM.exidx.text.arm_cfft_radix4by2_inverse_q15), (8 bytes).
    Removing arm_cfft_q15.o(.ARM.exidx.text.arm_cfft_radix4by2_q15), (8 bytes).
    Removing arm_common_tables.o(.text), (0 bytes).
    Removing arm_common_tables.o(.rodata.armBitRevTable), (2048 bytes).
    Removing arm_common_tables.o(.rodata.twiddleCoefF64_16), (256 bytes).
    Removing arm_common_tables.o(.rodata.twiddleCoefF64_32), (512 bytes).
    Removing arm_common_tables.o(.rodata.twiddleCoefF64_64), (1024 bytes).
    Removing arm_common_tables.o(.rodata.twiddleCoefF64_128), (2048 bytes).
    Removing arm_common_tables.o(.rodata.twiddleCoefF64_256), (4096 bytes).
    Removing arm_common_tables.o(.rodata.twiddleCoefF64_512), (8192 bytes).
    Removing arm_common_tables.o(.rodata.twiddleCoefF64_1024), (16384 bytes).
    Removing arm_common_tables.o(.rodata.twiddleCoefF64_2048), (32768 bytes).
    Removing arm_common_tables.o(.rodata.twiddleCoefF64_4096), (65536 bytes).
    Removing arm_common_tables.o(.rodata.twiddleCoef_16), (128 bytes).
    Removing arm_common_tables.o(.rodata.twiddleCoef_32), (256 bytes).
    Removing arm_common_tables.o(.rodata.twiddleCoef_64), (512 bytes).
    Removing arm_common_tables.o(.rodata.twiddleCoef_128), (1024 bytes).
    Removing arm_common_tables.o(.rodata.twiddleCoef_256), (2048 bytes).
    Removing arm_common_tables.o(.rodata.twiddleCoef_512), (4096 bytes).
    Removing arm_common_tables.o(.rodata.twiddleCoef_1024), (8192 bytes).
    Removing arm_common_tables.o(.rodata.twiddleCoef_2048), (16384 bytes).
    Removing arm_common_tables.o(.rodata.twiddleCoef_4096), (32768 bytes).
    Removing arm_common_tables.o(.rodata.twiddleCoef_16_q31), (96 bytes).
    Removing arm_common_tables.o(.rodata.twiddleCoef_32_q31), (192 bytes).
    Removing arm_common_tables.o(.rodata.twiddleCoef_64_q31), (384 bytes).
    Removing arm_common_tables.o(.rodata.twiddleCoef_128_q31), (768 bytes).
    Removing arm_common_tables.o(.rodata.twiddleCoef_256_q31), (1536 bytes).
    Removing arm_common_tables.o(.rodata.twiddleCoef_512_q31), (3072 bytes).
    Removing arm_common_tables.o(.rodata.twiddleCoef_1024_q31), (6144 bytes).
    Removing arm_common_tables.o(.rodata.twiddleCoef_2048_q31), (12288 bytes).
    Removing arm_common_tables.o(.rodata.twiddleCoef_4096_q31), (24576 bytes).
    Removing arm_common_tables.o(.rodata.twiddleCoef_16_q15), (48 bytes).
    Removing arm_common_tables.o(.rodata.twiddleCoef_32_q15), (96 bytes).
    Removing arm_common_tables.o(.rodata.twiddleCoef_64_q15), (192 bytes).
    Removing arm_common_tables.o(.rodata.twiddleCoef_128_q15), (384 bytes).
    Removing arm_common_tables.o(.rodata.twiddleCoef_512_q15), (1536 bytes).
    Removing arm_common_tables.o(.rodata.twiddleCoef_1024_q15), (3072 bytes).
    Removing arm_common_tables.o(.rodata.twiddleCoef_2048_q15), (6144 bytes).
    Removing arm_common_tables.o(.rodata.twiddleCoef_4096_q15), (12288 bytes).
    Removing arm_common_tables.o(.rodata.armBitRevIndexTableF64_16), (24 bytes).
    Removing arm_common_tables.o(.rodata.armBitRevIndexTableF64_32), (48 bytes).
    Removing arm_common_tables.o(.rodata.armBitRevIndexTableF64_64), (112 bytes).
    Removing arm_common_tables.o(.rodata.armBitRevIndexTableF64_128), (224 bytes).
    Removing arm_common_tables.o(.rodata.armBitRevIndexTableF64_256), (480 bytes).
    Removing arm_common_tables.o(.rodata.armBitRevIndexTableF64_512), (960 bytes).
    Removing arm_common_tables.o(.rodata.armBitRevIndexTableF64_1024), (1984 bytes).
    Removing arm_common_tables.o(.rodata.armBitRevIndexTableF64_2048), (3968 bytes).
    Removing arm_common_tables.o(.rodata.armBitRevIndexTableF64_4096), (8064 bytes).
    Removing arm_common_tables.o(.rodata.armBitRevIndexTable16), (40 bytes).
    Removing arm_common_tables.o(.rodata.armBitRevIndexTable32), (96 bytes).
    Removing arm_common_tables.o(.rodata.armBitRevIndexTable64), (112 bytes).
    Removing arm_common_tables.o(.rodata.armBitRevIndexTable128), (416 bytes).
    Removing arm_common_tables.o(.rodata.armBitRevIndexTable256), (880 bytes).
    Removing arm_common_tables.o(.rodata.armBitRevIndexTable512), (896 bytes).
    Removing arm_common_tables.o(.rodata.armBitRevIndexTable1024), (3600 bytes).
    Removing arm_common_tables.o(.rodata.armBitRevIndexTable2048), (7616 bytes).
    Removing arm_common_tables.o(.rodata.armBitRevIndexTable4096), (8064 bytes).
    Removing arm_common_tables.o(.rodata.armBitRevIndexTable_fixed_16), (24 bytes).
    Removing arm_common_tables.o(.rodata.armBitRevIndexTable_fixed_32), (48 bytes).
    Removing arm_common_tables.o(.rodata.armBitRevIndexTable_fixed_64), (112 bytes).
    Removing arm_common_tables.o(.rodata.armBitRevIndexTable_fixed_128), (224 bytes).
    Removing arm_common_tables.o(.rodata.armBitRevIndexTable_fixed_512), (960 bytes).
    Removing arm_common_tables.o(.rodata.armBitRevIndexTable_fixed_1024), (1984 bytes).
    Removing arm_common_tables.o(.rodata.armBitRevIndexTable_fixed_2048), (3968 bytes).
    Removing arm_common_tables.o(.rodata.armBitRevIndexTable_fixed_4096), (8064 bytes).
    Removing arm_common_tables.o(.rodata.twiddleCoefF64_rfft_32), (256 bytes).
    Removing arm_common_tables.o(.rodata.twiddleCoefF64_rfft_64), (512 bytes).
    Removing arm_common_tables.o(.rodata.twiddleCoefF64_rfft_128), (1024 bytes).
    Removing arm_common_tables.o(.rodata.twiddleCoefF64_rfft_256), (2048 bytes).
    Removing arm_common_tables.o(.rodata.twiddleCoefF64_rfft_512), (4096 bytes).
    Removing arm_common_tables.o(.rodata.twiddleCoefF64_rfft_1024), (8192 bytes).
    Removing arm_common_tables.o(.rodata.twiddleCoefF64_rfft_2048), (16384 bytes).
    Removing arm_common_tables.o(.rodata.twiddleCoefF64_rfft_4096), (32768 bytes).
    Removing arm_common_tables.o(.rodata.twiddleCoef_rfft_32), (128 bytes).
    Removing arm_common_tables.o(.rodata.twiddleCoef_rfft_64), (256 bytes).
    Removing arm_common_tables.o(.rodata.twiddleCoef_rfft_128), (512 bytes).
    Removing arm_common_tables.o(.rodata.twiddleCoef_rfft_256), (1024 bytes).
    Removing arm_common_tables.o(.rodata.twiddleCoef_rfft_512), (2048 bytes).
    Removing arm_common_tables.o(.rodata.twiddleCoef_rfft_1024), (4096 bytes).
    Removing arm_common_tables.o(.rodata.twiddleCoef_rfft_2048), (8192 bytes).
    Removing arm_common_tables.o(.rodata.twiddleCoef_rfft_4096), (16384 bytes).
    Removing arm_common_tables.o(.rodata.realCoefA), (32768 bytes).
    Removing arm_common_tables.o(.rodata.realCoefB), (32768 bytes).
    Removing arm_common_tables.o(.rodata.realCoefAQ31), (32768 bytes).
    Removing arm_common_tables.o(.rodata.realCoefBQ31), (32768 bytes).
    Removing arm_common_tables.o(.rodata.realCoefAQ15), (16384 bytes).
    Removing arm_common_tables.o(.rodata.realCoefBQ15), (16384 bytes).
    Removing arm_common_tables.o(.rodata.Weights_128), (1024 bytes).
    Removing arm_common_tables.o(.rodata.cos_factors_128), (512 bytes).
    Removing arm_common_tables.o(.rodata.Weights_512), (4096 bytes).
    Removing arm_common_tables.o(.rodata.cos_factors_512), (2048 bytes).
    Removing arm_common_tables.o(.rodata.Weights_2048), (16384 bytes).
    Removing arm_common_tables.o(.rodata.cos_factors_2048), (8192 bytes).
    Removing arm_common_tables.o(.rodata.Weights_8192), (65536 bytes).
    Removing arm_common_tables.o(.rodata.cos_factors_8192), (32768 bytes).
    Removing arm_common_tables.o(.rodata.WeightsQ15_128), (512 bytes).
    Removing arm_common_tables.o(.rodata.cos_factorsQ15_128), (256 bytes).
    Removing arm_common_tables.o(.rodata.WeightsQ15_512), (2048 bytes).
    Removing arm_common_tables.o(.rodata.cos_factorsQ15_512), (1024 bytes).
    Removing arm_common_tables.o(.rodata.WeightsQ15_2048), (8192 bytes).
    Removing arm_common_tables.o(.rodata.cos_factorsQ15_2048), (4096 bytes).
    Removing arm_common_tables.o(.rodata.WeightsQ15_8192), (32768 bytes).
    Removing arm_common_tables.o(.rodata.cos_factorsQ15_8192), (16384 bytes).
    Removing arm_common_tables.o(.rodata.WeightsQ31_128), (1024 bytes).
    Removing arm_common_tables.o(.rodata.cos_factorsQ31_128), (512 bytes).
    Removing arm_common_tables.o(.rodata.WeightsQ31_512), (4096 bytes).
    Removing arm_common_tables.o(.rodata.cos_factorsQ31_512), (2048 bytes).
    Removing arm_common_tables.o(.rodata.WeightsQ31_2048), (16384 bytes).
    Removing arm_common_tables.o(.rodata.cos_factorsQ31_2048), (8192 bytes).
    Removing arm_common_tables.o(.rodata.WeightsQ31_8192), (65536 bytes).
    Removing arm_common_tables.o(.rodata.cos_factorsQ31_8192), (32768 bytes).
    Removing arm_common_tables.o(.rodata.armRecipTableQ15), (128 bytes).
    Removing arm_common_tables.o(.rodata.armRecipTableQ31), (256 bytes).
    Removing arm_common_tables.o(.rodata.sinTable_f32), (2052 bytes).
    Removing arm_common_tables.o(.rodata.sinTable_q31), (2052 bytes).
    Removing arm_common_tables.o(.rodata.sinTable_q15), (1026 bytes).
    Removing arm_sqrt_q15.o(.text), (0 bytes).
    Removing arm_sqrt_q15.o(.ARM.exidx.text.arm_sqrt_q15), (8 bytes).
    Removing arm_bitreversal2.o(.text), (0 bytes).
    Removing arm_bitreversal2.o(.text.arm_bitreversal_64), (128 bytes).
    Removing arm_bitreversal2.o(.ARM.exidx.text.arm_bitreversal_64), (8 bytes).
    Removing arm_bitreversal2.o(.text.arm_bitreversal_32), (50 bytes).
    Removing arm_bitreversal2.o(.ARM.exidx.text.arm_bitreversal_32), (8 bytes).
    Removing arm_bitreversal2.o(.ARM.exidx.text.arm_bitreversal_16), (8 bytes).
    Removing arm_cfft_radix4_q15.o(.text), (0 bytes).
    Removing arm_cfft_radix4_q15.o(.text.arm_cfft_radix4_q15), (52 bytes).
    Removing arm_cfft_radix4_q15.o(.ARM.exidx.text.arm_cfft_radix4_q15), (8 bytes).
    Removing arm_cfft_radix4_q15.o(.ARM.exidx.text.arm_radix4_butterfly_inverse_q15), (8 bytes).
    Removing arm_cfft_radix4_q15.o(.ARM.exidx.text.arm_radix4_butterfly_q15), (8 bytes).
    Removing arm_bitreversal.o(.text), (0 bytes).
    Removing arm_bitreversal.o(.text.arm_bitreversal_f32), (162 bytes).
    Removing arm_bitreversal.o(.ARM.exidx.text.arm_bitreversal_f32), (8 bytes).
    Removing arm_bitreversal.o(.text.arm_bitreversal_q31), (184 bytes).
    Removing arm_bitreversal.o(.ARM.exidx.text.arm_bitreversal_q31), (8 bytes).
    Removing arm_bitreversal.o(.text.arm_bitreversal_q15), (114 bytes).
    Removing arm_bitreversal.o(.ARM.exidx.text.arm_bitreversal_q15), (8 bytes).

222 unused section(s) (total 919968 bytes) removed from the image.

==============================================================================

Image Symbol Table

    Local Symbols

    Symbol Name                              Value     Ov Type        Size  Object(Section)

    ../clib/../cmprslib/zerorunl2.c          0x00000000   Number         0  __dczerorl2.o ABSOLUTE
    ../clib/angel/boardlib.s                 0x00000000   Number         0  boardinit1.o ABSOLUTE
    ../clib/angel/boardlib.s                 0x00000000   Number         0  boardinit2.o ABSOLUTE
    ../clib/angel/boardlib.s                 0x00000000   Number         0  boardinit3.o ABSOLUTE
    ../clib/angel/boardlib.s                 0x00000000   Number         0  boardshut.o ABSOLUTE
    ../clib/angel/handlers.s                 0x00000000   Number         0  __scatter_zi.o ABSOLUTE
    ../clib/angel/kernel.s                   0x00000000   Number         0  __rtentry.o ABSOLUTE
    ../clib/angel/kernel.s                   0x00000000   Number         0  __rtentry2.o ABSOLUTE
    ../clib/angel/kernel.s                   0x00000000   Number         0  __rtentry4.o ABSOLUTE
    ../clib/angel/kernel.s                   0x00000000   Number         0  rtexit.o ABSOLUTE
    ../clib/angel/kernel.s                   0x00000000   Number         0  rtexit2.o ABSOLUTE
    ../clib/angel/rt.s                       0x00000000   Number         0  rt_raise.o ABSOLUTE
    ../clib/angel/scatterp.s                 0x00000000   Number         0  __scatter.o ABSOLUTE
    ../clib/angel/startup.s                  0x00000000   Number         0  __main.o ABSOLUTE
    ../clib/angel/sys.s                      0x00000000   Number         0  sys_stackheap_outer.o ABSOLUTE
    ../clib/angel/sys.s                      0x00000000   Number         0  libspace.o ABSOLUTE
    ../clib/angel/sys.s                      0x00000000   Number         0  tempstk.o ABSOLUTE
    ../clib/angel/sys.s                      0x00000000   Number         0  use_no_semi.o ABSOLUTE
    ../clib/angel/sys.s                      0x00000000   Number         0  indicate_semi.o ABSOLUTE
    ../clib/angel/sysapp.c                   0x00000000   Number         0  sys_exit.o ABSOLUTE
    ../clib/angel/sysapp.c                   0x00000000   Number         0  sys_exit_hlt.o ABSOLUTE
    ../clib/angel/sysapp.c                   0x00000000   Number         0  sys_command.o ABSOLUTE
    ../clib/angel/sysapp.c                   0x00000000   Number         0  sys_command_hlt.o ABSOLUTE
    ../clib/angel/sysapp.c                   0x00000000   Number         0  sys_wrch.o ABSOLUTE
    ../clib/angel/sysapp.c                   0x00000000   Number         0  sys_wrch_hlt.o ABSOLUTE
    ../clib/armsys.c                         0x00000000   Number         0  argv_veneer.o ABSOLUTE
    ../clib/armsys.c                         0x00000000   Number         0  _get_argv_nomalloc.o ABSOLUTE
    ../clib/armsys.c                         0x00000000   Number         0  no_argv.o ABSOLUTE
    ../clib/heapalloc.c                      0x00000000   Number         0  hrguard.o ABSOLUTE
    ../clib/heapaux.c                        0x00000000   Number         0  heapauxi.o ABSOLUTE
    ../clib/libinit.s                        0x00000000   Number         0  libinit.o ABSOLUTE
    ../clib/libinit.s                        0x00000000   Number         0  libinit2.o ABSOLUTE
    ../clib/libinit.s                        0x00000000   Number         0  libshutdown.o ABSOLUTE
    ../clib/libinit.s                        0x00000000   Number         0  libshutdown2.o ABSOLUTE
    ../clib/signal.c                         0x00000000   Number         0  defsig_rtmem_outer.o ABSOLUTE
    ../clib/signal.c                         0x00000000   Number         0  defsig_rtmem_formal.o ABSOLUTE
    ../clib/signal.c                         0x00000000   Number         0  defsig_exit.o ABSOLUTE
    ../clib/signal.c                         0x00000000   Number         0  defsig_rtmem_inner.o ABSOLUTE
    ../clib/signal.c                         0x00000000   Number         0  __raise.o ABSOLUTE
    ../clib/signal.c                         0x00000000   Number         0  defsig_general.o ABSOLUTE
    ../clib/signal.c                         0x00000000   Number         0  defsig_abrt_inner.o ABSOLUTE
    ../clib/signal.c                         0x00000000   Number         0  defsig_fpe_inner.o ABSOLUTE
    ../clib/signal.c                         0x00000000   Number         0  defsig_rtred_inner.o ABSOLUTE
    ../clib/signal.c                         0x00000000   Number         0  defsig_stak_inner.o ABSOLUTE
    ../clib/signal.c                         0x00000000   Number         0  defsig_pvfn_inner.o ABSOLUTE
    ../clib/signal.c                         0x00000000   Number         0  defsig_cppl_inner.o ABSOLUTE
    ../clib/signal.c                         0x00000000   Number         0  defsig_segv_inner.o ABSOLUTE
    ../clib/signal.c                         0x00000000   Number         0  defsig_other.o ABSOLUTE
    ../clib/signal.s                         0x00000000   Number         0  defsig.o ABSOLUTE
    ../clib/stdlib.c                         0x00000000   Number         0  exit.o ABSOLUTE
    ../fplib/cfplib/ffix.c                   0x00000000   Number         0  ffixi.o ABSOLUTE
    ../fplib/cfplib/fflt.c                   0x00000000   Number         0  fflti.o ABSOLUTE
    ../fplib/cfplib/fpinit.c                 0x00000000   Number         0  fpinit.o ABSOLUTE
    ../fplib/fmul6m.s                        0x00000000   Number         0  fmul.o ABSOLUTE
    ../fplib/usenofp.s                       0x00000000   Number         0  usenofp.o ABSOLUTE
    arm_bitreversal.c                        0x00000000   Number         0  arm_bitreversal.o ABSOLUTE
    arm_bitreversal2.c                       0x00000000   Number         0  arm_bitreversal2.o ABSOLUTE
    arm_cfft_q15.c                           0x00000000   Number         0  arm_cfft_q15.o ABSOLUTE
    arm_cfft_radix4_q15.c                    0x00000000   Number         0  arm_cfft_radix4_q15.o ABSOLUTE
    arm_cmplx_mag_q15.c                      0x00000000   Number         0  arm_cmplx_mag_q15.o ABSOLUTE
    arm_common_tables.c                      0x00000000   Number         0  arm_common_tables.o ABSOLUTE
    arm_const_structs.c                      0x00000000   Number         0  arm_const_structs.o ABSOLUTE
    arm_max_q15.c                            0x00000000   Number         0  arm_max_q15.o ABSOLUTE
    arm_sqrt_q15.c                           0x00000000   Number         0  arm_sqrt_q15.o ABSOLUTE
    cmsis_dsp_fft_q15.c                      0x00000000   Number         0  cmsis_dsp_fft_q15.o ABSOLUTE
    dc.s                                     0x00000000   Number         0  dc.o ABSOLUTE
    dl_common.c                              0x00000000   Number         0  dl_common.o ABSOLUTE
    startup_mspm0g350x_uvision.s             0x00000000   Number         0  startup_mspm0g350x_uvision.o ABSOLUTE
    ti_msp_dl_config.c                       0x00000000   Number         0  ti_msp_dl_config.o ABSOLUTE
    RESET                                    0x00000000   Section      192  startup_mspm0g350x_uvision.o(RESET)
    !!!main                                  0x000000c0   Section        8  __main.o(!!!main)
    !!!scatter                               0x000000c8   Section       84  __scatter.o(!!!scatter)
    !!handler_null                           0x00000120   Section        2  __scatter.o(!!handler_null)
    !!handler_zi                             0x00000128   Section       28  __scatter_zi.o(!!handler_zi)
    .ARM.Collect$$libinit$$00000000          0x00000144   Section        2  libinit.o(.ARM.Collect$$libinit$$00000000)
    .ARM.Collect$$libinit$$00000002          0x00000146   Section        0  libinit2.o(.ARM.Collect$$libinit$$00000002)
    .ARM.Collect$$libinit$$00000004          0x00000146   Section        0  libinit2.o(.ARM.Collect$$libinit$$00000004)
    .ARM.Collect$$libinit$$00000006          0x00000146   Section        0  libinit2.o(.ARM.Collect$$libinit$$00000006)
    .ARM.Collect$$libinit$$0000000C          0x00000146   Section        0  libinit2.o(.ARM.Collect$$libinit$$0000000C)
    .ARM.Collect$$libinit$$0000000E          0x00000146   Section        0  libinit2.o(.ARM.Collect$$libinit$$0000000E)
    .ARM.Collect$$libinit$$00000010          0x00000146   Section        0  libinit2.o(.ARM.Collect$$libinit$$00000010)
    .ARM.Collect$$libinit$$00000013          0x00000146   Section        0  libinit2.o(.ARM.Collect$$libinit$$00000013)
    .ARM.Collect$$libinit$$00000015          0x00000146   Section        0  libinit2.o(.ARM.Collect$$libinit$$00000015)
    .ARM.Collect$$libinit$$00000017          0x00000146   Section        0  libinit2.o(.ARM.Collect$$libinit$$00000017)
    .ARM.Collect$$libinit$$00000019          0x00000146   Section        0  libinit2.o(.ARM.Collect$$libinit$$00000019)
    .ARM.Collect$$libinit$$0000001B          0x00000146   Section        0  libinit2.o(.ARM.Collect$$libinit$$0000001B)
    .ARM.Collect$$libinit$$0000001D          0x00000146   Section        0  libinit2.o(.ARM.Collect$$libinit$$0000001D)
    .ARM.Collect$$libinit$$0000001F          0x00000146   Section        0  libinit2.o(.ARM.Collect$$libinit$$0000001F)
    .ARM.Collect$$libinit$$00000021          0x00000146   Section        0  libinit2.o(.ARM.Collect$$libinit$$00000021)
    .ARM.Collect$$libinit$$00000023          0x00000146   Section        0  libinit2.o(.ARM.Collect$$libinit$$00000023)
    .ARM.Collect$$libinit$$00000025          0x00000146   Section        0  libinit2.o(.ARM.Collect$$libinit$$00000025)
    .ARM.Collect$$libinit$$00000027          0x00000146   Section        0  libinit2.o(.ARM.Collect$$libinit$$00000027)
    .ARM.Collect$$libinit$$0000002E          0x00000146   Section        0  libinit2.o(.ARM.Collect$$libinit$$0000002E)
    .ARM.Collect$$libinit$$00000030          0x00000146   Section        0  libinit2.o(.ARM.Collect$$libinit$$00000030)
    .ARM.Collect$$libinit$$00000032          0x00000146   Section        0  libinit2.o(.ARM.Collect$$libinit$$00000032)
    .ARM.Collect$$libinit$$00000034          0x00000146   Section        0  libinit2.o(.ARM.Collect$$libinit$$00000034)
    .ARM.Collect$$libinit$$00000035          0x00000146   Section        2  libinit2.o(.ARM.Collect$$libinit$$00000035)
    .ARM.Collect$$libshutdown$$00000000      0x00000148   Section        2  libshutdown.o(.ARM.Collect$$libshutdown$$00000000)
    .ARM.Collect$$libshutdown$$00000002      0x0000014a   Section        0  libshutdown2.o(.ARM.Collect$$libshutdown$$00000002)
    .ARM.Collect$$libshutdown$$00000004      0x0000014a   Section        0  libshutdown2.o(.ARM.Collect$$libshutdown$$00000004)
    .ARM.Collect$$libshutdown$$00000007      0x0000014a   Section        0  libshutdown2.o(.ARM.Collect$$libshutdown$$00000007)
    .ARM.Collect$$libshutdown$$0000000A      0x0000014a   Section        0  libshutdown2.o(.ARM.Collect$$libshutdown$$0000000A)
    .ARM.Collect$$libshutdown$$0000000C      0x0000014a   Section        0  libshutdown2.o(.ARM.Collect$$libshutdown$$0000000C)
    .ARM.Collect$$libshutdown$$0000000F      0x0000014a   Section        0  libshutdown2.o(.ARM.Collect$$libshutdown$$0000000F)
    .ARM.Collect$$libshutdown$$00000010      0x0000014a   Section        2  libshutdown2.o(.ARM.Collect$$libshutdown$$00000010)
    .ARM.Collect$$rtentry$$00000000          0x0000014c   Section        0  __rtentry.o(.ARM.Collect$$rtentry$$00000000)
    .ARM.Collect$$rtentry$$00000002          0x0000014c   Section        0  __rtentry2.o(.ARM.Collect$$rtentry$$00000002)
    .ARM.Collect$$rtentry$$00000004          0x0000014c   Section        6  __rtentry4.o(.ARM.Collect$$rtentry$$00000004)
    .ARM.Collect$$rtentry$$00000009          0x00000152   Section        0  __rtentry2.o(.ARM.Collect$$rtentry$$00000009)
    .ARM.Collect$$rtentry$$0000000A          0x00000152   Section        4  __rtentry2.o(.ARM.Collect$$rtentry$$0000000A)
    .ARM.Collect$$rtentry$$0000000C          0x00000156   Section        0  __rtentry2.o(.ARM.Collect$$rtentry$$0000000C)
    .ARM.Collect$$rtentry$$0000000D          0x00000156   Section        8  __rtentry2.o(.ARM.Collect$$rtentry$$0000000D)
    .ARM.Collect$$rtexit$$00000000           0x0000015e   Section        2  rtexit.o(.ARM.Collect$$rtexit$$00000000)
    .ARM.Collect$$rtexit$$00000002           0x00000160   Section        0  rtexit2.o(.ARM.Collect$$rtexit$$00000002)
    .ARM.Collect$$rtexit$$00000003           0x00000160   Section        4  rtexit2.o(.ARM.Collect$$rtexit$$00000003)
    .ARM.Collect$$rtexit$$00000004           0x00000164   Section        6  rtexit2.o(.ARM.Collect$$rtexit$$00000004)
    .text                                    0x0000016c   Section       44  startup_mspm0g350x_uvision.o(.text)
    .text                                    0x00000198   Section        0  heapauxi.o(.text)
    .text                                    0x0000019e   Section        0  ffixi.o(.text)
    .text                                    0x000001ea   Section        0  fflti.o(.text)
    .text                                    0x00000248   Section       62  sys_stackheap_outer.o(.text)
    .text                                    0x00000286   Section        0  exit.o(.text)
    .text                                    0x00000298   Section        8  libspace.o(.text)
    .text                                    0x000002a0   Section        0  sys_exit.o(.text)
    .text                                    0x000002ac   Section        2  use_no_semi.o(.text)
    .text                                    0x000002ae   Section        0  indicate_semi.o(.text)
    .text                                    0x000002ae   Section        0  __dczerorl2.o(.text)
    [Anonymous Symbol]                       0x00000304   Section        0  dl_common.o(.text.DL_Common_delayCycles)
    [Anonymous Symbol]                       0x0000030e   Section        0  ti_msp_dl_config.o(.text.SYSCFG_DL_GPIO_init)
    [Anonymous Symbol]                       0x00000310   Section        0  ti_msp_dl_config.o(.text.SYSCFG_DL_SYSCTL_init)
    __arm_cp.3_0                             0x00000324   Number         4  ti_msp_dl_config.o(.text.SYSCFG_DL_SYSCTL_init)
    __arm_cp.3_1                             0x00000328   Number         4  ti_msp_dl_config.o(.text.SYSCFG_DL_SYSCTL_init)
    [Anonymous Symbol]                       0x0000032c   Section        0  ti_msp_dl_config.o(.text.SYSCFG_DL_init)
    [Anonymous Symbol]                       0x0000033c   Section        0  ti_msp_dl_config.o(.text.SYSCFG_DL_initPower)
    __arm_cp.1_0                             0x00000358   Number         4  ti_msp_dl_config.o(.text.SYSCFG_DL_initPower)
    __arm_cp.1_1                             0x0000035c   Number         4  ti_msp_dl_config.o(.text.SYSCFG_DL_initPower)
    __arm_cp.1_2                             0x00000360   Number         4  ti_msp_dl_config.o(.text.SYSCFG_DL_initPower)
    __arm_cp.1_3                             0x00000364   Number         4  ti_msp_dl_config.o(.text.SYSCFG_DL_initPower)
    [Anonymous Symbol]                       0x00000368   Section        0  arm_bitreversal2.o(.text.arm_bitreversal_16)
    [Anonymous Symbol]                       0x000003a0   Section        0  arm_cfft_q15.o(.text.arm_cfft_q15)
    __arm_cp.0_0                             0x00000480   Number         4  arm_cfft_q15.o(.text.arm_cfft_q15)
    [Anonymous Symbol]                       0x00000484   Section        0  arm_cfft_q15.o(.text.arm_cfft_radix4by2_inverse_q15)
    [Anonymous Symbol]                       0x0000057e   Section        0  arm_cfft_q15.o(.text.arm_cfft_radix4by2_q15)
    [Anonymous Symbol]                       0x00000678   Section        0  arm_cmplx_mag_q15.o(.text.arm_cmplx_mag_q15)
    [Anonymous Symbol]                       0x000006a6   Section        0  arm_max_q15.o(.text.arm_max_q15)
    [Anonymous Symbol]                       0x000006f0   Section        0  arm_cfft_radix4_q15.o(.text.arm_radix4_butterfly_inverse_q15)
    __arm_cp.1_0                             0x00000ca4   Number         4  arm_cfft_radix4_q15.o(.text.arm_radix4_butterfly_inverse_q15)
    __arm_cp.1_1                             0x00000ca8   Number         4  arm_cfft_radix4_q15.o(.text.arm_radix4_butterfly_inverse_q15)
    [Anonymous Symbol]                       0x00000cac   Section        0  arm_cfft_radix4_q15.o(.text.arm_radix4_butterfly_q15)
    __arm_cp.2_0                             0x00001260   Number         4  arm_cfft_radix4_q15.o(.text.arm_radix4_butterfly_q15)
    __arm_cp.2_1                             0x00001264   Number         4  arm_cfft_radix4_q15.o(.text.arm_radix4_butterfly_q15)
    [Anonymous Symbol]                       0x00001268   Section        0  arm_sqrt_q15.o(.text.arm_sqrt_q15)
    __arm_cp.0_0                             0x00001344   Number         4  arm_sqrt_q15.o(.text.arm_sqrt_q15)
    __arm_cp.0_1                             0x00001348   Number         4  arm_sqrt_q15.o(.text.arm_sqrt_q15)
    __arm_cp.0_2                             0x0000134c   Number         4  arm_sqrt_q15.o(.text.arm_sqrt_q15)
    __arm_cp.0_3                             0x00001350   Number         4  arm_sqrt_q15.o(.text.arm_sqrt_q15)
    __arm_cp.0_4                             0x00001354   Number         4  arm_sqrt_q15.o(.text.arm_sqrt_q15)
    [Anonymous Symbol]                       0x00001358   Section        0  cmsis_dsp_fft_q15.o(.text.main)
    __arm_cp.0_0                             0x00001394   Number         4  cmsis_dsp_fft_q15.o(.text.main)
    __arm_cp.0_1                             0x00001398   Number         4  cmsis_dsp_fft_q15.o(.text.main)
    __arm_cp.0_2                             0x0000139c   Number         4  cmsis_dsp_fft_q15.o(.text.main)
    __arm_cp.0_3                             0x000013a0   Number         4  cmsis_dsp_fft_q15.o(.text.main)
    __arm_cp.0_4                             0x000013a4   Number         4  cmsis_dsp_fft_q15.o(.text.main)
    x$fpl$fmul                               0x000013a8   Section      176  fmul.o(x$fpl$fmul)
    x$fpl$usenofp                            0x00001458   Section        0  usenofp.o(x$fpl$usenofp)
    gDstBuffer                               0x20200000   Data        1024  cmsis_dsp_fft_q15.o(.data.gDstBuffer)
    [Anonymous Symbol]                       0x20200000   Section        0  cmsis_dsp_fft_q15.o(.data.gDstBuffer)
    .bss                                     0x20200400   Section       96  libspace.o(.bss)
    Heap_Mem                                 0x20200868   Data           0  startup_mspm0g350x_uvision.o(HEAP)
    Stack_Mem                                0x20200868   Data         256  startup_mspm0g350x_uvision.o(STACK)
    HEAP                                     0x20200868   Section        0  startup_mspm0g350x_uvision.o(HEAP)
    STACK                                    0x20200868   Section      256  startup_mspm0g350x_uvision.o(STACK)
    __initial_sp                             0x20200968   Data           0  startup_mspm0g350x_uvision.o(STACK)

    Global Symbols

    Symbol Name                              Value     Ov Type        Size  Object(Section)

    BuildAttributes$$THM_ISAv3M$S$PE$A:L22$X:L11$S22$IEEE1$IW$~IW$USESV6$~STKCKD$USESV7$~SHL$OTIME$ROPI$EBA8$UX$STANDARDLIB$REQ8$PRES8$EABIv2 0x00000000   Number         0  anon$$obj.o ABSOLUTE
    __Vectors                                0x00000000   Data           4  startup_mspm0g350x_uvision.o(RESET)
    __ARM_exceptions_init                     - Undefined Weak Reference
    __alloca_initialize                       - Undefined Weak Reference
    __arm_preinit_                            - Undefined Weak Reference
    __arm_relocate_pie_                       - Undefined Weak Reference
    __cpp_initialize__aeabi_                  - Undefined Weak Reference
    __cxa_finalize                            - Undefined Weak Reference
    __rt_locale                               - Undefined Weak Reference
    __sigvec_lookup                           - Undefined Weak Reference
    _atexit_init                              - Undefined Weak Reference
    _call_atexit_fns                          - Undefined Weak Reference
    _clock_init                               - Undefined Weak Reference
    _fp_trap_init                             - Undefined Weak Reference
    _fp_trap_shutdown                         - Undefined Weak Reference
    _get_lc_collate                           - Undefined Weak Reference
    _get_lc_ctype                             - Undefined Weak Reference
    _get_lc_monetary                          - Undefined Weak Reference
    _get_lc_numeric                           - Undefined Weak Reference
    _get_lc_time                              - Undefined Weak Reference
    _getenv_init                              - Undefined Weak Reference
    _handle_redirection                       - Undefined Weak Reference
    _init_alloc                               - Undefined Weak Reference
    _init_user_alloc                          - Undefined Weak Reference
    _initio                                   - Undefined Weak Reference
    _rand_init                                - Undefined Weak Reference
    _signal_finish                            - Undefined Weak Reference
    _signal_init                              - Undefined Weak Reference
    _terminate_alloc                          - Undefined Weak Reference
    _terminate_user_alloc                     - Undefined Weak Reference
    _terminateio                              - Undefined Weak Reference
    __Vectors_End                            0x000000c0   Data           0  startup_mspm0g350x_uvision.o(RESET)
    __Vectors_Size                           0x000000c0   Number         0  startup_mspm0g350x_uvision.o ABSOLUTE
    __main                                   0x000000c1   Thumb Code     8  __main.o(!!!main)
    __scatterload                            0x000000c9   Thumb Code     0  __scatter.o(!!!scatter)
    __scatterload_rt2                        0x000000c9   Thumb Code    74  __scatter.o(!!!scatter)
    __scatterload_rt2_thumb_only             0x000000c9   Thumb Code     0  __scatter.o(!!!scatter)
    __scatterload_loop                       0x000000d3   Thumb Code     0  __scatter.o(!!!scatter)
    __scatterload_null                       0x00000121   Thumb Code     2  __scatter.o(!!handler_null)
    __scatterload_zeroinit                   0x00000129   Thumb Code    28  __scatter_zi.o(!!handler_zi)
    __rt_lib_init                            0x00000145   Thumb Code     0  libinit.o(.ARM.Collect$$libinit$$00000000)
    __rt_lib_init_alloca_1                   0x00000147   Thumb Code     0  libinit2.o(.ARM.Collect$$libinit$$00000030)
    __rt_lib_init_argv_1                     0x00000147   Thumb Code     0  libinit2.o(.ARM.Collect$$libinit$$0000002E)
    __rt_lib_init_atexit_1                   0x00000147   Thumb Code     0  libinit2.o(.ARM.Collect$$libinit$$0000001D)
    __rt_lib_init_clock_1                    0x00000147   Thumb Code     0  libinit2.o(.ARM.Collect$$libinit$$00000023)
    __rt_lib_init_cpp_1                      0x00000147   Thumb Code     0  libinit2.o(.ARM.Collect$$libinit$$00000034)
    __rt_lib_init_exceptions_1               0x00000147   Thumb Code     0  libinit2.o(.ARM.Collect$$libinit$$00000032)
    __rt_lib_init_fp_1                       0x00000147   Thumb Code     0  libinit2.o(.ARM.Collect$$libinit$$00000002)
    __rt_lib_init_fp_trap_1                  0x00000147   Thumb Code     0  libinit2.o(.ARM.Collect$$libinit$$00000021)
    __rt_lib_init_getenv_1                   0x00000147   Thumb Code     0  libinit2.o(.ARM.Collect$$libinit$$00000025)
    __rt_lib_init_heap_1                     0x00000147   Thumb Code     0  libinit2.o(.ARM.Collect$$libinit$$0000000C)
    __rt_lib_init_lc_collate_1               0x00000147   Thumb Code     0  libinit2.o(.ARM.Collect$$libinit$$00000013)
    __rt_lib_init_lc_ctype_1                 0x00000147   Thumb Code     0  libinit2.o(.ARM.Collect$$libinit$$00000015)
    __rt_lib_init_lc_monetary_1              0x00000147   Thumb Code     0  libinit2.o(.ARM.Collect$$libinit$$00000017)
    __rt_lib_init_lc_numeric_1               0x00000147   Thumb Code     0  libinit2.o(.ARM.Collect$$libinit$$00000019)
    __rt_lib_init_lc_time_1                  0x00000147   Thumb Code     0  libinit2.o(.ARM.Collect$$libinit$$0000001B)
    __rt_lib_init_preinit_1                  0x00000147   Thumb Code     0  libinit2.o(.ARM.Collect$$libinit$$00000006)
    __rt_lib_init_rand_1                     0x00000147   Thumb Code     0  libinit2.o(.ARM.Collect$$libinit$$00000010)
    __rt_lib_init_relocate_pie_1             0x00000147   Thumb Code     0  libinit2.o(.ARM.Collect$$libinit$$00000004)
    __rt_lib_init_return                     0x00000147   Thumb Code     0  libinit2.o(.ARM.Collect$$libinit$$00000035)
    __rt_lib_init_signal_1                   0x00000147   Thumb Code     0  libinit2.o(.ARM.Collect$$libinit$$0000001F)
    __rt_lib_init_stdio_1                    0x00000147   Thumb Code     0  libinit2.o(.ARM.Collect$$libinit$$00000027)
    __rt_lib_init_user_alloc_1               0x00000147   Thumb Code     0  libinit2.o(.ARM.Collect$$libinit$$0000000E)
    __rt_lib_shutdown                        0x00000149   Thumb Code     0  libshutdown.o(.ARM.Collect$$libshutdown$$00000000)
    __rt_lib_shutdown_cpp_1                  0x0000014b   Thumb Code     0  libshutdown2.o(.ARM.Collect$$libshutdown$$00000002)
    __rt_lib_shutdown_fp_trap_1              0x0000014b   Thumb Code     0  libshutdown2.o(.ARM.Collect$$libshutdown$$00000007)
    __rt_lib_shutdown_heap_1                 0x0000014b   Thumb Code     0  libshutdown2.o(.ARM.Collect$$libshutdown$$0000000F)
    __rt_lib_shutdown_return                 0x0000014b   Thumb Code     0  libshutdown2.o(.ARM.Collect$$libshutdown$$00000010)
    __rt_lib_shutdown_signal_1               0x0000014b   Thumb Code     0  libshutdown2.o(.ARM.Collect$$libshutdown$$0000000A)
    __rt_lib_shutdown_stdio_1                0x0000014b   Thumb Code     0  libshutdown2.o(.ARM.Collect$$libshutdown$$00000004)
    __rt_lib_shutdown_user_alloc_1           0x0000014b   Thumb Code     0  libshutdown2.o(.ARM.Collect$$libshutdown$$0000000C)
    __rt_entry                               0x0000014d   Thumb Code     0  __rtentry.o(.ARM.Collect$$rtentry$$00000000)
    __rt_entry_presh_1                       0x0000014d   Thumb Code     0  __rtentry2.o(.ARM.Collect$$rtentry$$00000002)
    __rt_entry_sh                            0x0000014d   Thumb Code     0  __rtentry4.o(.ARM.Collect$$rtentry$$00000004)
    __rt_entry_li                            0x00000153   Thumb Code     0  __rtentry2.o(.ARM.Collect$$rtentry$$0000000A)
    __rt_entry_postsh_1                      0x00000153   Thumb Code     0  __rtentry2.o(.ARM.Collect$$rtentry$$00000009)
    __rt_entry_main                          0x00000157   Thumb Code     0  __rtentry2.o(.ARM.Collect$$rtentry$$0000000D)
    __rt_entry_postli_1                      0x00000157   Thumb Code     0  __rtentry2.o(.ARM.Collect$$rtentry$$0000000C)
    __rt_exit                                0x0000015f   Thumb Code     0  rtexit.o(.ARM.Collect$$rtexit$$00000000)
    __rt_exit_ls                             0x00000161   Thumb Code     0  rtexit2.o(.ARM.Collect$$rtexit$$00000003)
    __rt_exit_prels_1                        0x00000161   Thumb Code     0  rtexit2.o(.ARM.Collect$$rtexit$$00000002)
    __rt_exit_exit                           0x00000165   Thumb Code     0  rtexit2.o(.ARM.Collect$$rtexit$$00000004)
    Reset_Handler                            0x0000016d   Thumb Code     4  startup_mspm0g350x_uvision.o(.text)
    NMI_Handler                              0x00000171   Thumb Code     2  startup_mspm0g350x_uvision.o(.text)
    HardFault_Handler                        0x00000173   Thumb Code     2  startup_mspm0g350x_uvision.o(.text)
    SVC_Handler                              0x00000175   Thumb Code     2  startup_mspm0g350x_uvision.o(.text)
    PendSV_Handler                           0x00000177   Thumb Code     2  startup_mspm0g350x_uvision.o(.text)
    SysTick_Handler                          0x00000179   Thumb Code     2  startup_mspm0g350x_uvision.o(.text)
    ADC0_IRQHandler                          0x0000017b   Thumb Code     0  startup_mspm0g350x_uvision.o(.text)
    ADC1_IRQHandler                          0x0000017b   Thumb Code     0  startup_mspm0g350x_uvision.o(.text)
    AES_IRQHandler                           0x0000017b   Thumb Code     0  startup_mspm0g350x_uvision.o(.text)
    CANFD0_IRQHandler                        0x0000017b   Thumb Code     0  startup_mspm0g350x_uvision.o(.text)
    DAC0_IRQHandler                          0x0000017b   Thumb Code     0  startup_mspm0g350x_uvision.o(.text)
    DMA_IRQHandler                           0x0000017b   Thumb Code     0  startup_mspm0g350x_uvision.o(.text)
    Default_Handler                          0x0000017b   Thumb Code     2  startup_mspm0g350x_uvision.o(.text)
    GROUP0_IRQHandler                        0x0000017b   Thumb Code     0  startup_mspm0g350x_uvision.o(.text)
    GROUP1_IRQHandler                        0x0000017b   Thumb Code     0  startup_mspm0g350x_uvision.o(.text)
    I2C0_IRQHandler                          0x0000017b   Thumb Code     0  startup_mspm0g350x_uvision.o(.text)
    I2C1_IRQHandler                          0x0000017b   Thumb Code     0  startup_mspm0g350x_uvision.o(.text)
    RTC_IRQHandler                           0x0000017b   Thumb Code     0  startup_mspm0g350x_uvision.o(.text)
    SPI0_IRQHandler                          0x0000017b   Thumb Code     0  startup_mspm0g350x_uvision.o(.text)
    SPI1_IRQHandler                          0x0000017b   Thumb Code     0  startup_mspm0g350x_uvision.o(.text)
    TIMA0_IRQHandler                         0x0000017b   Thumb Code     0  startup_mspm0g350x_uvision.o(.text)
    TIMA1_IRQHandler                         0x0000017b   Thumb Code     0  startup_mspm0g350x_uvision.o(.text)
    TIMG0_IRQHandler                         0x0000017b   Thumb Code     0  startup_mspm0g350x_uvision.o(.text)
    TIMG12_IRQHandler                        0x0000017b   Thumb Code     0  startup_mspm0g350x_uvision.o(.text)
    TIMG6_IRQHandler                         0x0000017b   Thumb Code     0  startup_mspm0g350x_uvision.o(.text)
    TIMG7_IRQHandler                         0x0000017b   Thumb Code     0  startup_mspm0g350x_uvision.o(.text)
    TIMG8_IRQHandler                         0x0000017b   Thumb Code     0  startup_mspm0g350x_uvision.o(.text)
    UART0_IRQHandler                         0x0000017b   Thumb Code     0  startup_mspm0g350x_uvision.o(.text)
    UART1_IRQHandler                         0x0000017b   Thumb Code     0  startup_mspm0g350x_uvision.o(.text)
    UART2_IRQHandler                         0x0000017b   Thumb Code     0  startup_mspm0g350x_uvision.o(.text)
    UART3_IRQHandler                         0x0000017b   Thumb Code     0  startup_mspm0g350x_uvision.o(.text)
    __user_initial_stackheap                 0x0000017d   Thumb Code    10  startup_mspm0g350x_uvision.o(.text)
    __use_two_region_memory                  0x00000199   Thumb Code     2  heapauxi.o(.text)
    __rt_heap_escrow$2region                 0x0000019b   Thumb Code     2  heapauxi.o(.text)
    __rt_heap_expand$2region                 0x0000019d   Thumb Code     2  heapauxi.o(.text)
    __aeabi_f2iz                             0x0000019f   Thumb Code     0  ffixi.o(.text)
    _ffix                                    0x0000019f   Thumb Code    76  ffixi.o(.text)
    __aeabi_i2f_normalise                    0x000001eb   Thumb Code    72  fflti.o(.text)
    __aeabi_i2f                              0x00000233   Thumb Code    16  fflti.o(.text)
    _fflt                                    0x00000233   Thumb Code     0  fflti.o(.text)
    __aeabi_ui2f                             0x00000243   Thumb Code     6  fflti.o(.text)
    _ffltu                                   0x00000243   Thumb Code     0  fflti.o(.text)
    __user_setup_stackheap                   0x00000249   Thumb Code    62  sys_stackheap_outer.o(.text)
    exit                                     0x00000287   Thumb Code    16  exit.o(.text)
    __user_libspace                          0x00000299   Thumb Code     8  libspace.o(.text)
    __user_perproc_libspace                  0x00000299   Thumb Code     0  libspace.o(.text)
    __user_perthread_libspace                0x00000299   Thumb Code     0  libspace.o(.text)
    _sys_exit                                0x000002a1   Thumb Code     8  sys_exit.o(.text)
    __I$use$semihosting                      0x000002ad   Thumb Code     0  use_no_semi.o(.text)
    __use_no_semihosting_swi                 0x000002ad   Thumb Code     2  use_no_semi.o(.text)
    __decompress                             0x000002af   Thumb Code     0  __dczerorl2.o(.text)
    __decompress1                            0x000002af   Thumb Code    86  __dczerorl2.o(.text)
    __semihosting_library_function           0x000002af   Thumb Code     0  indicate_semi.o(.text)
    DL_Common_delayCycles                    0x00000305   Thumb Code    10  dl_common.o(.text.DL_Common_delayCycles)
    SYSCFG_DL_GPIO_init                      0x0000030f   Thumb Code     2  ti_msp_dl_config.o(.text.SYSCFG_DL_GPIO_init)
    SYSCFG_DL_SYSCTL_init                    0x00000311   Thumb Code    20  ti_msp_dl_config.o(.text.SYSCFG_DL_SYSCTL_init)
    SYSCFG_DL_init                           0x0000032d   Thumb Code    16  ti_msp_dl_config.o(.text.SYSCFG_DL_init)
    SYSCFG_DL_initPower                      0x0000033d   Thumb Code    28  ti_msp_dl_config.o(.text.SYSCFG_DL_initPower)
    arm_bitreversal_16                       0x00000369   Thumb Code    54  arm_bitreversal2.o(.text.arm_bitreversal_16)
    arm_cfft_q15                             0x000003a1   Thumb Code   228  arm_cfft_q15.o(.text.arm_cfft_q15)
    arm_cfft_radix4by2_inverse_q15           0x00000485   Thumb Code   250  arm_cfft_q15.o(.text.arm_cfft_radix4by2_inverse_q15)
    arm_cfft_radix4by2_q15                   0x0000057f   Thumb Code   250  arm_cfft_q15.o(.text.arm_cfft_radix4by2_q15)
    arm_cmplx_mag_q15                        0x00000679   Thumb Code    46  arm_cmplx_mag_q15.o(.text.arm_cmplx_mag_q15)
    arm_max_q15                              0x000006a7   Thumb Code    72  arm_max_q15.o(.text.arm_max_q15)
    arm_radix4_butterfly_inverse_q15         0x000006f1   Thumb Code  1468  arm_cfft_radix4_q15.o(.text.arm_radix4_butterfly_inverse_q15)
    arm_radix4_butterfly_q15                 0x00000cad   Thumb Code  1468  arm_cfft_radix4_q15.o(.text.arm_radix4_butterfly_q15)
    arm_sqrt_q15                             0x00001269   Thumb Code   240  arm_sqrt_q15.o(.text.arm_sqrt_q15)
    main                                     0x00001359   Thumb Code    60  cmsis_dsp_fft_q15.o(.text.main)
    __aeabi_fmul                             0x000013a9   Thumb Code     0  fmul.o(x$fpl$fmul)
    _fmul                                    0x000013a9   Thumb Code   172  fmul.o(x$fpl$fmul)
    __I$use$fp                               0x00001458   Number         0  usenofp.o(x$fpl$usenofp)
    armBitRevIndexTable_fixed_256            0x00001458   Data         480  arm_common_tables.o(.rodata.armBitRevIndexTable_fixed_256)
    arm_cfft_sR_q15_len256                   0x00001638   Data          16  arm_const_structs.o(.rodata.arm_cfft_sR_q15_len256)
    twiddleCoef_256_q15                      0x00001648   Data         768  arm_common_tables.o(.rodata.twiddleCoef_256_q15)
    Region$$Table$$Base                      0x00001948   Number         0  anon$$obj.o(Region$$Table)
    Region$$Table$$Limit                     0x00001968   Number         0  anon$$obj.o(Region$$Table)
    __libspace_start                         0x20200400   Data          96  libspace.o(.bss)
    __temporary_stack_top$libspace           0x20200460   Data           0  libspace.o(.bss)
    gFFTOutput                               0x20200460   Data        1024  cmsis_dsp_fft_q15.o(.bss.gFFTOutput)
    gFFTmaxFreqIndex                         0x20200860   Data           4  cmsis_dsp_fft_q15.o(.bss.gFFTmaxFreqIndex)
    gFFTmaxValue                             0x20200864   Data           4  cmsis_dsp_fft_q15.o(.bss.gFFTmaxValue)



==============================================================================

Memory Map of the image

  Image Entry point : 0x000000c1

  Load Region LR_IROM1 (Base: 0x00000000, Size: 0x00001d68, Max: 0x00020000, ABSOLUTE, COMPRESSED[0x00001a20])

    Execution Region ER_IROM1 (Exec base: 0x00000000, Load base: 0x00000000, Size: 0x00001968, Max: 0x00020000, ABSOLUTE)

    Exec Addr    Load Addr    Size         Type   Attr      Idx    E Section Name        Object

    0x00000000   0x00000000   0x000000c0   Data   RO           16    RESET               startup_mspm0g350x_uvision.o
    0x000000c0   0x000000c0   0x00000008   Code   RO          330  * !!!main             c_p.l(__main.o)
    0x000000c8   0x000000c8   0x00000054   Code   RO          506    !!!scatter          c_p.l(__scatter.o)
    0x0000011c   0x0000011c   0x00000004   PAD
    0x00000120   0x00000120   0x00000002   Code   RO          507    !!handler_null      c_p.l(__scatter.o)
    0x00000122   0x00000122   0x00000006   PAD
    0x00000128   0x00000128   0x0000001c   Code   RO          510    !!handler_zi        c_p.l(__scatter_zi.o)
    0x00000144   0x00000144   0x00000002   Code   RO          365    .ARM.Collect$$libinit$$00000000  c_p.l(libinit.o)
    0x00000146   0x00000146   0x00000000   Code   RO          373    .ARM.Collect$$libinit$$00000002  c_p.l(libinit2.o)
    0x00000146   0x00000146   0x00000000   Code   RO          375    .ARM.Collect$$libinit$$00000004  c_p.l(libinit2.o)
    0x00000146   0x00000146   0x00000000   Code   RO          377    .ARM.Collect$$libinit$$00000006  c_p.l(libinit2.o)
    0x00000146   0x00000146   0x00000000   Code   RO          380    .ARM.Collect$$libinit$$0000000C  c_p.l(libinit2.o)
    0x00000146   0x00000146   0x00000000   Code   RO          382    .ARM.Collect$$libinit$$0000000E  c_p.l(libinit2.o)
    0x00000146   0x00000146   0x00000000   Code   RO          384    .ARM.Collect$$libinit$$00000010  c_p.l(libinit2.o)
    0x00000146   0x00000146   0x00000000   Code   RO          387    .ARM.Collect$$libinit$$00000013  c_p.l(libinit2.o)
    0x00000146   0x00000146   0x00000000   Code   RO          389    .ARM.Collect$$libinit$$00000015  c_p.l(libinit2.o)
    0x00000146   0x00000146   0x00000000   Code   RO          391    .ARM.Collect$$libinit$$00000017  c_p.l(libinit2.o)
    0x00000146   0x00000146   0x00000000   Code   RO          393    .ARM.Collect$$libinit$$00000019  c_p.l(libinit2.o)
    0x00000146   0x00000146   0x00000000   Code   RO          395    .ARM.Collect$$libinit$$0000001B  c_p.l(libinit2.o)
    0x00000146   0x00000146   0x00000000   Code   RO          397    .ARM.Collect$$libinit$$0000001D  c_p.l(libinit2.o)
    0x00000146   0x00000146   0x00000000   Code   RO          399    .ARM.Collect$$libinit$$0000001F  c_p.l(libinit2.o)
    0x00000146   0x00000146   0x00000000   Code   RO          401    .ARM.Collect$$libinit$$00000021  c_p.l(libinit2.o)
    0x00000146   0x00000146   0x00000000   Code   RO          403    .ARM.Collect$$libinit$$00000023  c_p.l(libinit2.o)
    0x00000146   0x00000146   0x00000000   Code   RO          405    .ARM.Collect$$libinit$$00000025  c_p.l(libinit2.o)
    0x00000146   0x00000146   0x00000000   Code   RO          407    .ARM.Collect$$libinit$$00000027  c_p.l(libinit2.o)
    0x00000146   0x00000146   0x00000000   Code   RO          411    .ARM.Collect$$libinit$$0000002E  c_p.l(libinit2.o)
    0x00000146   0x00000146   0x00000000   Code   RO          413    .ARM.Collect$$libinit$$00000030  c_p.l(libinit2.o)
    0x00000146   0x00000146   0x00000000   Code   RO          415    .ARM.Collect$$libinit$$00000032  c_p.l(libinit2.o)
    0x00000146   0x00000146   0x00000000   Code   RO          417    .ARM.Collect$$libinit$$00000034  c_p.l(libinit2.o)
    0x00000146   0x00000146   0x00000002   Code   RO          418    .ARM.Collect$$libinit$$00000035  c_p.l(libinit2.o)
    0x00000148   0x00000148   0x00000002   Code   RO          440    .ARM.Collect$$libshutdown$$00000000  c_p.l(libshutdown.o)
    0x0000014a   0x0000014a   0x00000000   Code   RO          455    .ARM.Collect$$libshutdown$$00000002  c_p.l(libshutdown2.o)
    0x0000014a   0x0000014a   0x00000000   Code   RO          457    .ARM.Collect$$libshutdown$$00000004  c_p.l(libshutdown2.o)
    0x0000014a   0x0000014a   0x00000000   Code   RO          460    .ARM.Collect$$libshutdown$$00000007  c_p.l(libshutdown2.o)
    0x0000014a   0x0000014a   0x00000000   Code   RO          463    .ARM.Collect$$libshutdown$$0000000A  c_p.l(libshutdown2.o)
    0x0000014a   0x0000014a   0x00000000   Code   RO          465    .ARM.Collect$$libshutdown$$0000000C  c_p.l(libshutdown2.o)
    0x0000014a   0x0000014a   0x00000000   Code   RO          468    .ARM.Collect$$libshutdown$$0000000F  c_p.l(libshutdown2.o)
    0x0000014a   0x0000014a   0x00000002   Code   RO          469    .ARM.Collect$$libshutdown$$00000010  c_p.l(libshutdown2.o)
    0x0000014c   0x0000014c   0x00000000   Code   RO          338    .ARM.Collect$$rtentry$$00000000  c_p.l(__rtentry.o)
    0x0000014c   0x0000014c   0x00000000   Code   RO          341    .ARM.Collect$$rtentry$$00000002  c_p.l(__rtentry2.o)
    0x0000014c   0x0000014c   0x00000006   Code   RO          353    .ARM.Collect$$rtentry$$00000004  c_p.l(__rtentry4.o)
    0x00000152   0x00000152   0x00000000   Code   RO          343    .ARM.Collect$$rtentry$$00000009  c_p.l(__rtentry2.o)
    0x00000152   0x00000152   0x00000004   Code   RO          344    .ARM.Collect$$rtentry$$0000000A  c_p.l(__rtentry2.o)
    0x00000156   0x00000156   0x00000000   Code   RO          346    .ARM.Collect$$rtentry$$0000000C  c_p.l(__rtentry2.o)
    0x00000156   0x00000156   0x00000008   Code   RO          347    .ARM.Collect$$rtentry$$0000000D  c_p.l(__rtentry2.o)
    0x0000015e   0x0000015e   0x00000002   Code   RO          370    .ARM.Collect$$rtexit$$00000000  c_p.l(rtexit.o)
    0x00000160   0x00000160   0x00000000   Code   RO          420    .ARM.Collect$$rtexit$$00000002  c_p.l(rtexit2.o)
    0x00000160   0x00000160   0x00000004   Code   RO          421    .ARM.Collect$$rtexit$$00000003  c_p.l(rtexit2.o)
    0x00000164   0x00000164   0x00000006   Code   RO          422    .ARM.Collect$$rtexit$$00000004  c_p.l(rtexit2.o)
    0x0000016a   0x0000016a   0x00000002   PAD
    0x0000016c   0x0000016c   0x0000002c   Code   RO           17    .text               startup_mspm0g350x_uvision.o
    0x00000198   0x00000198   0x00000006   Code   RO          328    .text               c_p.l(heapauxi.o)
    0x0000019e   0x0000019e   0x0000004c   Code   RO          332    .text               fz_ps.l(ffixi.o)
    0x000001ea   0x000001ea   0x0000005e   Code   RO          334    .text               fz_ps.l(fflti.o)
    0x00000248   0x00000248   0x0000003e   Code   RO          355    .text               c_p.l(sys_stackheap_outer.o)
    0x00000286   0x00000286   0x00000010   Code   RO          358    .text               c_p.l(exit.o)
    0x00000296   0x00000296   0x00000002   PAD
    0x00000298   0x00000298   0x00000008   Code   RO          366    .text               c_p.l(libspace.o)
    0x000002a0   0x000002a0   0x0000000c   Code   RO          430    .text               c_p.l(sys_exit.o)
    0x000002ac   0x000002ac   0x00000002   Code   RO          445    .text               c_p.l(use_no_semi.o)
    0x000002ae   0x000002ae   0x00000000   Code   RO          447    .text               c_p.l(indicate_semi.o)
    0x000002ae   0x000002ae   0x00000056   Code   RO          504    .text               c_p.l(__dczerorl2.o)
    0x00000304   0x00000304   0x0000000a   Code   RO           40    .text.DL_Common_delayCycles  driverlib.a(dl_common.o)
    0x0000030e   0x0000030e   0x00000002   Code   RO           28    .text.SYSCFG_DL_GPIO_init  ti_msp_dl_config.o
    0x00000310   0x00000310   0x0000001c   Code   RO           30    .text.SYSCFG_DL_SYSCTL_init  ti_msp_dl_config.o
    0x0000032c   0x0000032c   0x00000010   Code   RO           24    .text.SYSCFG_DL_init  ti_msp_dl_config.o
    0x0000033c   0x0000033c   0x0000002c   Code   RO           26    .text.SYSCFG_DL_initPower  ti_msp_dl_config.o
    0x00000368   0x00000368   0x00000036   Code   RO          289    .text.arm_bitreversal_16  arm_cortexM0l_math.a(arm_bitreversal2.o)
    0x0000039e   0x0000039e   0x00000002   PAD
    0x000003a0   0x000003a0   0x000000e4   Code   RO          142    .text.arm_cfft_q15  arm_cortexM0l_math.a(arm_cfft_q15.o)
    0x00000484   0x00000484   0x000000fa   Code   RO          144    .text.arm_cfft_radix4by2_inverse_q15  arm_cortexM0l_math.a(arm_cfft_q15.o)
    0x0000057e   0x0000057e   0x000000fa   Code   RO          146    .text.arm_cfft_radix4by2_q15  arm_cortexM0l_math.a(arm_cfft_q15.o)
    0x00000678   0x00000678   0x0000002e   Code   RO          124    .text.arm_cmplx_mag_q15  arm_cortexM0l_math.a(arm_cmplx_mag_q15.o)
    0x000006a6   0x000006a6   0x00000048   Code   RO          133    .text.arm_max_q15   arm_cortexM0l_math.a(arm_max_q15.o)
    0x000006ee   0x000006ee   0x00000002   PAD
    0x000006f0   0x000006f0   0x000005bc   Code   RO          301    .text.arm_radix4_butterfly_inverse_q15  arm_cortexM0l_math.a(arm_cfft_radix4_q15.o)
    0x00000cac   0x00000cac   0x000005bc   Code   RO          303    .text.arm_radix4_butterfly_q15  arm_cortexM0l_math.a(arm_cfft_radix4_q15.o)
    0x00001268   0x00001268   0x000000f0   Code   RO          276    .text.arm_sqrt_q15  arm_cortexM0l_math.a(arm_sqrt_q15.o)
    0x00001358   0x00001358   0x00000050   Code   RO            2    .text.main          cmsis_dsp_fft_q15.o
    0x000013a8   0x000013a8   0x000000b0   Code   RO          336    x$fpl$fmul          fz_ps.l(fmul.o)
    0x00001458   0x00001458   0x00000000   Code   RO          339    x$fpl$usenofp       fz_ps.l(usenofp.o)
    0x00001458   0x00001458   0x000001e0   Data   RO          215    .rodata.armBitRevIndexTable_fixed_256  arm_cortexM0l_math.a(arm_common_tables.o)
    0x00001638   0x00001638   0x00000010   Data   RO           80    .rodata.arm_cfft_sR_q15_len256  arm_cortexM0l_math.a(arm_const_structs.o)
    0x00001648   0x00001648   0x00000300   Data   RO          188    .rodata.twiddleCoef_256_q15  arm_cortexM0l_math.a(arm_common_tables.o)
    0x00001948   0x00001948   0x00000020   Data   RO          503    Region$$Table       anon$$obj.o


    Execution Region RW_IRAM2 (Exec base: 0x20200000, Load base: 0x00001968, Size: 0x00000968, Max: 0x00008000, ABSOLUTE, COMPRESSED[0x000000b8])

    Exec Addr    Load Addr    Size         Type   Attr      Idx    E Section Name        Object

    0x20200000   COMPRESSED   0x00000400   Data   RW            4    .data.gDstBuffer    cmsis_dsp_fft_q15.o
    0x20200400        -       0x00000060   Zero   RW          367    .bss                c_p.l(libspace.o)
    0x20200460        -       0x00000400   Zero   RW            5    .bss.gFFTOutput     cmsis_dsp_fft_q15.o
    0x20200860        -       0x00000004   Zero   RW            7    .bss.gFFTmaxFreqIndex  cmsis_dsp_fft_q15.o
    0x20200864        -       0x00000004   Zero   RW            6    .bss.gFFTmaxValue   cmsis_dsp_fft_q15.o
    0x20200868        -       0x00000000   Zero   RW           15    HEAP                startup_mspm0g350x_uvision.o
    0x20200868        -       0x00000100   Zero   RW           14    STACK               startup_mspm0g350x_uvision.o



  Load Region LR_BCR (Base: 0x41c00000, Size: 0x00000000, Max: 0x00000100, ABSOLUTE)

    Execution Region BCR_CONFIG (Exec base: 0x41c00000, Load base: 0x41c00000, Size: 0x00000000, Max: 0x000000ff, ABSOLUTE)

    **** No section assigned to this execution region ****



  Load Region LR_BSL (Base: 0x41c00100, Size: 0x00000000, Max: 0x00000100, ABSOLUTE)

    Execution Region BSL_CONFIG (Exec base: 0x41c00100, Load base: 0x41c00100, Size: 0x00000000, Max: 0x00000080, ABSOLUTE)

    **** No section assigned to this execution region ****


==============================================================================

Image component sizes


      Code (inc. data)   RO Data    RW Data    ZI Data      Debug   Object Name

        80         20          0       1024       1032        914   cmsis_dsp_fft_q15.o
        44         18        192          0        256        668   startup_mspm0g350x_uvision.o
        90         24          0          0          0       6479   ti_msp_dl_config.o

    ----------------------------------------------------------------------
       214         62        224       1024       1288       8061   Object Totals
         0          0         32          0          0          0   (incl. Generated)
         0          0          0          0          0          0   (incl. Padding)

    ----------------------------------------------------------------------

      Code (inc. data)   RO Data    RW Data    ZI Data      Debug   Library Member Name

        54          0          0          0          0       2289   arm_bitreversal2.o
       728          4          0          0          0       3984   arm_cfft_q15.o
      2936         32          0          0          0       9417   arm_cfft_radix4_q15.o
        46          0          0          0          0       1681   arm_cmplx_mag_q15.o
         0          0       1248          0          0       6406   arm_common_tables.o
         0          0         16          0          0       4977   arm_const_structs.o
        72          0          0          0          0       1448   arm_max_q15.o
       240         20          0          0          0       2288   arm_sqrt_q15.o
        86          0          0          0          0          0   __dczerorl2.o
         8          0          0          0          0         68   __main.o
         0          0          0          0          0          0   __rtentry.o
        12          0          0          0          0          0   __rtentry2.o
         6          0          0          0          0          0   __rtentry4.o
        86         10          0          0          0          0   __scatter.o
        28          0          0          0          0          0   __scatter_zi.o
        16          0          0          0          0         68   exit.o
         6          0          0          0          0        136   heapauxi.o
         0          0          0          0          0          0   indicate_semi.o
         2          0          0          0          0          0   libinit.o
         2          0          0          0          0          0   libinit2.o
         2          0          0          0          0          0   libshutdown.o
         2          0          0          0          0          0   libshutdown2.o
         8          4          0          0         96         68   libspace.o
         2          0          0          0          0          0   rtexit.o
        10          0          0          0          0          0   rtexit2.o
        12          4          0          0          0         60   sys_exit.o
        62          0          0          0          0         80   sys_stackheap_outer.o
         2          0          0          0          0         68   use_no_semi.o
        10          0          0          0          0        803   dl_common.o
        76          0          0          0          0         68   ffixi.o
        94          0          0          0          0         92   fflti.o
       176          4          0          0          0         80   fmul.o
         0          0          0          0          0          0   usenofp.o

    ----------------------------------------------------------------------
      4802         82       1264          0         96      34081   Library Totals
        18          4          0          0          0          0   (incl. Padding)

    ----------------------------------------------------------------------

      Code (inc. data)   RO Data    RW Data    ZI Data      Debug   Library Name

      4076         56       1264          0          0      32490   arm_cortexM0l_math.a
       352         18          0          0         96        548   c_p.l
        10          0          0          0          0        803   driverlib.a
       346          4          0          0          0        240   fz_ps.l

    ----------------------------------------------------------------------
      4802         82       1264          0         96      34081   Library Totals

    ----------------------------------------------------------------------

==============================================================================


      Code (inc. data)   RO Data    RW Data    ZI Data      Debug   

      5016        144       1488       1024       1384      41822   Grand Totals
      5016        144       1488        184       1384      41822   ELF Image Totals (compressed)
      5016        144       1488        184          0          0   ROM Totals

==============================================================================

    Total RO  Size (Code + RO Data)                 6504 (   6.35kB)
    Total RW  Size (RW Data + ZI Data)              2408 (   2.35kB)
    Total ROM Size (Code + RO Data + RW Data)       6688 (   6.53kB)

==============================================================================

